Component: ARM Compiler 5.06 update 6 (build 750) Tool: armlink [4d35ed]

==============================================================================

Section Cross References

    main.o(.text) refers to rtx_kernel.o(.text) for osKernelGetState
    main.o(.text) refers to stm32f7xx_hal_rcc.o(.text) for HAL_RCC_OscConfig
    main.o(.text) refers to stm32f7xx_hal_pwr_ex.o(.text) for HAL_PWREx_EnableOverDrive
    main.o(.text) refers to stm32f7xx_hal_cortex.o(.text) for HAL_MPU_Disable
    main.o(.text) refers to stm32f7xx_hal.o(.text) for HAL_Init
    main.o(.text) refers to system_stm32f7xx.o(.text) for SystemCoreClockUpdate
    main.o(.text) refers to rtx_thread.o(.text) for osThreadNew
    main.o(.text) refers to system_stm32f7xx.o(.data) for SystemCoreClock
    main.o(.text) refers to main.o(.data) for .data
    main.o(.text) refers to http_server.o(.constdata) for app_main_attr
    main.o(.text) refers to http_server.o(.text) for app_main
    http_server.o(.text) refers to buttons_746g_discovery.o(.text) for Buttons_GetState
    http_server.o(.text) refers to rtx_thread.o(.text) for osThreadFlagsSet
    http_server.o(.text) refers to glcd_746g_discovery.o(.text) for GLCD_Initialize
    http_server.o(.text) refers to net_sys.o(i.netIF_GetOption) for netIF_GetOption
    http_server.o(.text) refers to net_addr.o(i.netIP_ntoa) for netIP_ntoa
    http_server.o(.text) refers to printf8.o(i.__0sprintf$8) for __2sprintf
    http_server.o(.text) refers to led_746g_discovery.o(.text) for LED_SetOut
    http_server.o(.text) refers to rtx_delay.o(.text) for osDelay
    http_server.o(.text) refers to net_sys.o(i.netInitialize) for netInitialize
    http_server.o(.text) refers to http_server.o(.data) for .data
    http_server.o(.text) refers to glcd_fonts.o(.constdata) for GLCD_Font_16x24
    http_server.o(.text) refers to http_server.o(.bss) for .bss
    http_server.o(.constdata) refers to http_server.o(.bss) for app_main_stk
    http_server.o(.data) refers to i2c_stm32f7xx.o(.constdata) for Driver_I2C2
    http_server_cgi.o(.text) refers to net_http_server.o(i.netCGI_GetEnvVar) for netCGI_GetEnvVar
    http_server_cgi.o(.text) refers to net_addr.o(i.netIP_aton) for netIP_aton
    http_server_cgi.o(.text) refers to net_sys.o(i.netIF_SetOption) for netIF_SetOption
    http_server_cgi.o(.text) refers to http_server.o(.text) for get_button
    http_server_cgi.o(.text) refers to net_sys.o(i.netIF_GetOption) for netIF_GetOption
    http_server_cgi.o(.text) refers to net_addr.o(i.netIP_ntoa) for netIP_ntoa
    http_server_cgi.o(.text) refers to printf8.o(i.__0sprintf$8) for __2sprintf
    http_server_cgi.o(.text) refers to http_server_cgi.o(.bss) for .bss
    http_server_cgi.o(.text) refers to http_server_cgi.o(.data) for .data
    web.o(.text) refers to web.o(.constdata) for .constdata
    web.o(.constdata) refers to web.o(.constdata) for imageFileData
    stm32746g_discovery_sdram.o(.text) refers to stm32f7xx_hal_sdram.o(.text) for HAL_SDRAM_SendCommand
    stm32746g_discovery_sdram.o(.text) refers to stm32f7xx_hal.o(.text) for HAL_Delay
    stm32746g_discovery_sdram.o(.text) refers to stm32f7xx_hal_gpio.o(.text) for HAL_GPIO_Init
    stm32746g_discovery_sdram.o(.text) refers to stm32f7xx_hal_dma.o(.text) for HAL_DMA_DeInit
    stm32746g_discovery_sdram.o(.text) refers to stm32f7xx_hal_cortex.o(.text) for HAL_NVIC_SetPriority
    stm32746g_discovery_sdram.o(.text) refers to stm32746g_discovery_sdram.o(.bss) for .bss
    stm32746g_discovery_sdram.o(.text) refers to stm32746g_discovery_sdram.o(.data) for .data
    buttons_746g_discovery.o(.text) refers to stm32f7xx_hal_gpio.o(.text) for HAL_GPIO_Init
    glcd_746g_discovery.o(.text) refers to stm32746g_discovery_sdram.o(.text) for BSP_SDRAM_Init
    glcd_746g_discovery.o(.text) refers to stm32f7xx_hal_gpio.o(.text) for HAL_GPIO_Init
    glcd_746g_discovery.o(.text) refers to stm32f7xx_hal_rcc_ex.o(.text) for HAL_RCCEx_PeriphCLKConfig
    glcd_746g_discovery.o(.text) refers to stm32f7xx_hal_ltdc.o(.text) for HAL_LTDC_Init
    glcd_746g_discovery.o(.text) refers to glcd_746g_discovery.o(.bss) for .bss
    glcd_746g_discovery.o(.text) refers to glcd_746g_discovery.o(.data) for .data
    glcd_746g_discovery.o(.text) refers to glcd_746g_discovery.o(.ARM.__AT_0xC0000000) for .ARM.__AT_0xC0000000
    glcd_fonts.o(.constdata) refers to glcd_fonts.o(.constdata) for Font_6x8_h
    glcd_fonts.o(.constdata) refers to glcd_fonts.o(.constdata) for Font_16x24_h
    led_746g_discovery.o(.text) refers to stm32f7xx_hal_gpio.o(.text) for HAL_GPIO_Init
    led_746g_discovery.o(.text) refers to led_746g_discovery.o(.constdata) for .constdata
    irq_cm4f.o(.text) refers to rtx_system.o(.text) for osRtxPendSV_Handler
    irq_cm4f.o(.text) refers to rtx_kernel.o(.data.os) for osRtxInfo
    irq_cm4f.o(.text) refers to rtx_lib.o(.constdata) for osRtxUserSVC
[...]
    USART1_IRQHandler                        0x0800b48f   Thumb Code     0  startup_stm32f746xx.o(.text)
    USART2_IRQHandler                        0x0800b48f   Thumb Code     0  startup_stm32f746xx.o(.text)
    USART3_IRQHandler                        0x0800b48f   Thumb Code     0  startup_stm32f746xx.o(.text)
    USART6_IRQHandler                        0x0800b48f   Thumb Code     0  startup_stm32f746xx.o(.text)
    WWDG_IRQHandler                          0x0800b48f   Thumb Code     0  startup_stm32f746xx.o(.text)
    SystemInit                               0x0800b499   Thumb Code    66  system_stm32f7xx.o(.text)
    SystemCoreClockUpdate                    0x0800b4db   Thumb Code   120  system_stm32f7xx.o(.text)
    netos_thread_create                      0x0800b575   Thumb Code    10  net_config.o(.text)
    netos_thread_delete                      0x0800b57f   Thumb Code     4  net_config.o(.text)
    netos_thread_id                          0x0800b583   Thumb Code     4  net_config.o(.text)
    netos_thread_pass                        0x0800b587   Thumb Code     4  net_config.o(.text)
    netos_timer_create                       0x0800b58b   Thumb Code    14  net_config.o(.text)
    netos_timer_delete                       0x0800b599   Thumb Code     4  net_config.o(.text)
    netos_timer_start                        0x0800b59d   Thumb Code     4  net_config.o(.text)
    netos_mutex_create                       0x0800b5a1   Thumb Code    16  net_config.o(.text)
    netos_mutex_delete                       0x0800b5b1   Thumb Code     4  net_config.o(.text)
    netos_lock                               0x0800b5b5   Thumb Code     8  net_config.o(.text)
    netos_unlock                             0x0800b5bd   Thumb Code     4  net_config.o(.text)
    netos_flag_wait                          0x0800b5c1   Thumb Code     8  net_config.o(.text)
    netos_flag_set                           0x0800b5c9   Thumb Code     4  net_config.o(.text)
    netos_flag_clear                         0x0800b5cd   Thumb Code     6  net_config.o(.text)
    netos_delay                              0x0800b5d3   Thumb Code     4  net_config.o(.text)
    netif_create                             0x0800b5d7   Thumb Code    40  net_config.o(.text)
    netif_delete                             0x0800b5ff   Thumb Code    20  net_config.o(.text)
    netif_lock                               0x0800b613   Thumb Code     8  net_config.o(.text)
    netif_unlock                             0x0800b61b   Thumb Code     4  net_config.o(.text)
    netIGMP_Join                             0x0800b61f   Thumb Code     4  net_config.o(.text)
    netIGMP_Leave                            0x0800b623   Thumb Code     4  net_config.o(.text)
    net_igmp_is_member                       0x0800b627   Thumb Code     4  net_config.o(.text)
    net_igmp_collect_addr                    0x0800b62b   Thumb Code     4  net_config.o(.text)
    net_igmp_process                         0x0800b62f   Thumb Code     2  net_config.o(.text)
    netSNTPc_GetTime                         0x0800b631   Thumb Code     4  net_config.o(.text)
    netHTTPs_fopen                           0x0800b635   Thumb Code     4  net_config.o(.text)
    netHTTPs_fclose                          0x0800b639   Thumb Code     2  net_config.o(.text)
    netHTTPs_fread                           0x0800b63b   Thumb Code     4  net_config.o(.text)
    netHTTPs_fgets                           0x0800b63f   Thumb Code     4  net_config.o(.text)
    netHTTPs_fstat                           0x0800b643   Thumb Code     2  net_config.o(.text)
    net_sys_error                            0x0800b645   Thumb Code     2  net_config.o(.text)
    net_evr_init                             0x0800b659   Thumb Code   326  net_debug.o(.text)
    net_debug_init                           0x0800b79f   Thumb Code     2  net_debug.o(.text)
    __aeabi_uldivmod                         0x0800b7a1   Thumb Code    98  uldiv.o(.text)
    __aeabi_memcpy                           0x0800b803   Thumb Code    36  memcpya.o(.text)
    __aeabi_memcpy4                          0x0800b803   Thumb Code     0  memcpya.o(.text)
    __aeabi_memcpy8                          0x0800b803   Thumb Code     0  memcpya.o(.text)
    __aeabi_memset                           0x0800b827   Thumb Code    14  memseta.o(.text)
    __aeabi_memset4                          0x0800b827   Thumb Code     0  memseta.o(.text)
    __aeabi_memset8                          0x0800b827   Thumb Code     0  memseta.o(.text)
    __aeabi_memclr                           0x0800b835   Thumb Code     4  memseta.o(.text)
    __aeabi_memclr4                          0x0800b835   Thumb Code     0  memseta.o(.text)
    __aeabi_memclr8                          0x0800b835   Thumb Code     0  memseta.o(.text)
    _memset$wrapper                          0x0800b839   Thumb Code    18  memseta.o(.text)
    strlen                                   0x0800b84b   Thumb Code    14  strlen.o(.text)
    strcmp                                   0x0800b859   Thumb Code    28  strcmp.o(.text)
    memcmp                                   0x0800b875   Thumb Code    26  memcmp.o(.text)
    __0sscanf                                0x0800b891   Thumb Code    48  __0sscanf.o(.text)
    _scanf_int                               0x0800b8c9   Thumb Code   332  _scanf_int.o(.text)
    atoi                                     0x0800ba15   Thumb Code    26  atoi.o(.text)
    __aeabi_llsl                             0x0800ba2f   Thumb Code    30  llshl.o(.text)
    _ll_shift_l                              0x0800ba2f   Thumb Code     0  llshl.o(.text)
    __aeabi_llsr                             0x0800ba4d   Thumb Code    32  llushr.o(.text)
    _ll_ushift_r                             0x0800ba4d   Thumb Code     0  llushr.o(.text)
    __rt_ctype_table                         0x0800ba6d   Thumb Code     4  ctype_o.o(.text)
    isspace                                  0x0800ba75   Thumb Code    18  isspace_o.o(.text)
    _chval                                   0x0800ba87   Thumb Code    28  _chval.o(.text)
    __vfscanf_char                           0x0800bab1   Thumb Code    20  scanf_char.o(.text)
    _sgetc                                   0x0800bacd   Thumb Code    30  _sgetc.o(.text)
    _sbackspace                              0x0800baeb   Thumb Code    34  _sgetc.o(.text)
    _strtoul                                 0x0800bb0d   Thumb Code   158  _strtoul.o(.text)
    strtol                                   0x0800bbab   Thumb Code   112  strtol.o(.text)
    __scatterload                            0x0800bc1d   Thumb Code    28  init.o(.text)
    __scatterload_rt2                        0x0800bc1d   Thumb Code     0  init.o(.text)
    __vfscanf                                0x0800bc41   Thumb Code   808  _scanf.o(.text)
    __decompress                             0x0800bf6d   Thumb Code     0  __dczerorl.o(.text)
    __decompress0                            0x0800bf6d   Thumb Code    58  __dczerorl.o(.text)
    __0sprintf$8                             0x0800bfa9   Thumb Code    34  printf8.o(i.__0sprintf$8)
    __1sprintf$8                             0x0800bfa9   Thumb Code     0  printf8.o(i.__0sprintf$8)
    __2sprintf                               0x0800bfa9   Thumb Code     0  printf8.o(i.__0sprintf$8)
    __aeabi_errno_addr                       0x0800bfd1   Thumb Code     4  errno.o(i.__aeabi_errno_addr)
    __rt_errno_addr                          0x0800bfd1   Thumb Code     0  errno.o(i.__aeabi_errno_addr)
    __scatterload_copy                       0x0800bfd9   Thumb Code    14  handlers.o(i.__scatterload_copy)
    __scatterload_null                       0x0800bfe7   Thumb Code     2  handlers.o(i.__scatterload_null)
    __scatterload_zeroinit                   0x0800bfe9   Thumb Code    14  handlers.o(i.__scatterload_zeroinit)
    netCGI_Charset                           0x0800fa5d   Thumb Code     4  net_http_server.o(i.netCGI_Charset)
    netCGI_ContentType                       0x0800fa61   Thumb Code     4  net_http_server.o(i.netCGI_ContentType)
    netCGI_GetEnvVar                         0x0800fa65   Thumb Code   104  net_http_server.o(i.netCGI_GetEnvVar)
    netCGI_Redirect                          0x0800fad1   Thumb Code     4  net_http_server.o(i.netCGI_Redirect)
    netCGX_ContentType                       0x0800fad5   Thumb Code     4  net_http_server.o(i.netCGX_ContentType)
    netCore_Thread                           0x0800fad9   Thumb Code    90  net_sys.o(i.netCore_Thread)
    netDHCP6_Notify                          0x0800fb41   Thumb Code     2  net_dhcp6_client.o(i.netDHCP6_Notify)
    netETH_Notify                            0x0800fb43   Thumb Code     2  net_eth.o(i.netETH_Notify)
    netETH_ReceiveRaw                        0x0800fb45   Thumb Code     2  net_eth.o(i.netETH_ReceiveRaw)
    netETH_Thread                            0x0800fb49   Thumb Code    56  net_eth.o(i.netETH_Thread)
    netHTTPs_AcceptClient                    0x0800fb85   Thumb Code     4  net_http_server.o(i.netHTTPs_AcceptClient)
    netHTTPs_CheckAccount                    0x0800fb89   Thumb Code     4  net_http_server_auth.o(i.netHTTPs_CheckAccount)
    netHTTPs_FileAccess                      0x0800fb8d   Thumb Code     4  net_http_server.o(i.netHTTPs_FileAccess)
    netIF_GetOption                          0x0800fb91   Thumb Code   146  net_sys.o(i.netIF_GetOption)
    netIF_SetOption                          0x0800fc2d   Thumb Code   146  net_sys.o(i.netIF_SetOption)
    netIP_aton                               0x0800fcc9   Thumb Code    26  net_addr.o(i.netIP_aton)
    netIP_ntoa                               0x0800fce3   Thumb Code    50  net_addr.o(i.netIP_ntoa)
    netInitialize                            0x0800fd15   Thumb Code   148  net_sys.o(i.netInitialize)
    netMAC_aton                              0x0800fdbd   Thumb Code   112  net_addr.o(i.netMAC_aton)
    net_addr4_aton                           0x0800fe39   Thumb Code    82  net_addr.o(i.net_addr4_aton)
    net_addr4_is_subnet                      0x0800fea1   Thumb Code    26  net_addr.o(i.net_addr4_is_subnet)
    net_addr4_to_mac                         0x0800febb   Thumb Code    30  net_addr.o(i.net_addr4_to_mac)
    net_addr6_aton                           0x0800fed9   Thumb Code   240  net_addr.o(i.net_addr6_aton)
    net_addr6_comp                           0x0800ffcd   Thumb Code    40  net_addr.o(i.net_addr6_comp)
    net_addr6_copy                           0x0800fff5   Thumb Code    18  net_addr.o(i.net_addr6_copy)
    net_addr6_create                         0x08010009   Thumb Code    70  net_addr.o(i.net_addr6_create)
    net_addr6_get_solicited                  0x08010055   Thumb Code    34  net_addr.o(i.net_addr6_get_solicited)
    net_addr6_is_linklocal                   0x0801007d   Thumb Code    24  net_addr.o(i.net_addr6_is_linklocal)
    net_addr6_is_onlink                      0x08010095   Thumb Code   108  net_addr.o(i.net_addr6_is_onlink)
    net_addr6_is_solicited                   0x08010101   Thumb Code    72  net_addr.o(i.net_addr6_is_solicited)
    net_addr6_is_unspec                      0x08010149   Thumb Code    24  net_addr.o(i.net_addr6_is_unspec)
    net_addr6_to_mac                         0x08010161   Thumb Code    14  net_addr.o(i.net_addr6_to_mac)
    net_addr_get_local                       0x0801016f   Thumb Code    14  net_addr.o(i.net_addr_get_local)
    net_addr_is_unspec                       0x0801017d   Thumb Code    34  net_addr.o(i.net_addr_is_unspec)
    net_arp_cache_add                        0x080101a1   Thumb Code   254  net_arp.o(i.net_arp_cache_add)
    net_arp_cache_early                      0x080102ad   Thumb Code   170  net_arp.o(i.net_arp_cache_early)
    net_arp_cache_find                       0x08010365   Thumb Code   198  net_arp.o(i.net_arp_cache_find)
    net_arp_enqueue                          0x08010439   Thumb Code   106  net_arp.o(i.net_arp_enqueue)
    net_arp_init                             0x080104ad   Thumb Code    56  net_arp.o(i.net_arp_init)
    net_arp_notify                           0x080104f1   Thumb Code    32  net_arp.o(i.net_arp_notify)
    net_arp_probe                            0x08010519   Thumb Code    14  net_arp.o(i.net_arp_probe)
    net_arp_process                          0x0801052d   Thumb Code   462  net_arp.o(i.net_arp_process)
    net_arp_run                              0x0801070d   Thumb Code   330  net_arp.o(i.net_arp_run)
    net_base64_decode                        0x0801086d   Thumb Code   114  net_base64.o(i.net_base64_decode)
    net_crc_buf                              0x080108e5   Thumb Code    24  net_common.o(i.net_crc_buf)
    net_dhcp6_client_init                    0x080108fd   Thumb Code   104  net_dhcp6_client.o(i.net_dhcp6_client_init)
    net_dhcp6_client_run                     0x08010979   Thumb Code   668  net_dhcp6_client.o(i.net_dhcp6_client_run)
    net_dhcp_client_init                     0x08010c29   Thumb Code    90  net_dhcp_client.o(i.net_dhcp_client_init)
    net_dhcp_client_run                      0x08010c99   Thumb Code   780  net_dhcp_client.o(i.net_dhcp_client_run)
    net_eth_get_option                       0x08010fb5   Thumb Code   196  net_eth.o(i.net_eth_get_option)
    net_eth_iface_init                       0x08011081   Thumb Code   670  net_eth.o(i.net_eth_iface_init)
    net_eth_iface_run                        0x08011339   Thumb Code   624  net_eth.o(i.net_eth_iface_run)
    net_eth_output                           0x080115c9   Thumb Code   146  net_eth.o(i.net_eth_output)
    net_eth_send_frame                       0x08011669   Thumb Code   368  net_eth.o(i.net_eth_send_frame)
    net_eth_set_option                       0x080117ed   Thumb Code   480  net_eth.o(i.net_eth_set_option)
    net_eth_update_filter                    0x080119dd   Thumb Code    92  net_eth.o(i.net_eth_update_filter)
    net_http_server_init                     0x08011a41   Thumb Code   212  net_http_server.o(i.net_http_server_init)
    net_http_server_run                      0x08011b29   Thumb Code    30  net_http_server.o(i.net_http_server_run)
    net_icmp6_process                        0x08011b51   Thumb Code   460  net_icmp6.o(i.net_icmp6_process)
    net_icmp6_send                           0x08011d2d   Thumb Code   104  net_icmp6.o(i.net_icmp6_send)
    net_icmp6_send_echo                      0x08011d99   Thumb Code    72  net_icmp6.o(i.net_icmp6_send_echo)
    net_icmp_process                         0x08011de9   Thumb Code   382  net_icmp.o(i.net_icmp_process)
    net_icmp_send_echo                       0x08011f7d   Thumb Code   130  net_icmp.o(i.net_icmp_send_echo)
    net_ip4_checksum                         0x0801200d   Thumb Code    76  net_ip4.o(i.net_ip4_checksum)
    net_ip4_chk_frame                        0x08012059   Thumb Code   360  net_ip4.o(i.net_ip4_chk_frame)
    net_ip4_chksum_buf                       0x080121d5   Thumb Code    50  net_ip4.o(i.net_ip4_chksum_buf)
    net_ip4_frag_add                         0x08012209   Thumb Code   284  net_ip4_frag.o(i.net_ip4_frag_add)
    net_ip4_frag_get                         0x0801232d   Thumb Code   168  net_ip4_frag.o(i.net_ip4_frag_get)
    net_ip4_frag_init                        0x080123d9   Thumb Code    12  net_ip4_frag.o(i.net_ip4_frag_init)
    net_ip4_frag_run                         0x080123e9   Thumb Code    50  net_ip4_frag.o(i.net_ip4_frag_run)
    net_ip4_get_local                        0x08012425   Thumb Code    52  net_ip4.o(i.net_ip4_get_local)
    net_ip4_init                             0x08012465   Thumb Code    80  net_ip4.o(i.net_ip4_init)
    net_ip4_is_subcast                       0x080124c1   Thumb Code    48  net_ip4.o(i.net_ip4_is_subcast)
    net_ip4_reass_frame                      0x080124f5   Thumb Code    14  net_ip4.o(i.net_ip4_reass_frame)
    net_ip4_send_frame                       0x08012505   Thumb Code   324  net_ip4.o(i.net_ip4_send_frame)
    net_ip4_tx_offload                       0x08012659   Thumb Code    78  net_ip4.o(i.net_ip4_tx_offload)
    net_ip6_checksum                         0x080126b5   Thumb Code    82  net_ip6.o(i.net_ip6_checksum)
    net_ip6_chk_frame                        0x08012709   Thumb Code   214  net_ip6.o(i.net_ip6_chk_frame)
    net_ip6_collect_addr                     0x080127f5   Thumb Code   126  net_ip6.o(i.net_ip6_collect_addr)
    net_ip6_get_local                        0x0801287d   Thumb Code    86  net_ip6.o(i.net_ip6_get_local)
    net_ip6_init                             0x080128e1   Thumb Code    66  net_ip6.o(i.net_ip6_init)
    net_ip6_send_frame                       0x0801292d   Thumb Code   252  net_ip6.o(i.net_ip6_send_frame)
    net_ip6_tx_netif                         0x08012a41   Thumb Code     6  net_ip6.o(i.net_ip6_tx_netif)
    net_ip6_tx_offload                       0x08012a4d   Thumb Code    40  net_ip6.o(i.net_ip6_tx_offload)
    net_loop_iface_init                      0x08012a7d   Thumb Code    42  net_loopback.o(i.net_loop_iface_init)
    net_loop_iface_run                       0x08012ab5   Thumb Code   150  net_loopback.o(i.net_loop_iface_run)
    net_loop_send_frame                      0x08012b59   Thumb Code   100  net_loopback.o(i.net_loop_send_frame)
    net_mem_alloc                            0x08012bc5   Thumb Code   172  net_mem.o(i.net_mem_alloc)
    net_mem_avail                            0x08012c7d   Thumb Code    22  net_mem.o(i.net_mem_avail)
    net_mem_free                             0x08012c99   Thumb Code   134  net_mem.o(i.net_mem_free)
    net_mem_init                             0x08012d2d   Thumb Code   100  net_mem.o(i.net_mem_init)
    net_mem_shrink                           0x08012d9d   Thumb Code    60  net_mem.o(i.net_mem_shrink)
    net_nbns_client_init                     0x08012de1   Thumb Code    66  net_nbns_client.o(i.net_nbns_client_init)
    net_ndp_cache_find                       0x08012e31   Thumb Code   246  net_ndp.o(i.net_ndp_cache_find)
    net_ndp_cache_refresh                    0x08012f39   Thumb Code   108  net_ndp.o(i.net_ndp_cache_refresh)
    net_ndp_enqueue                          0x08012fb1   Thumb Code   102  net_ndp.o(i.net_ndp_enqueue)
    net_ndp_init                             0x08013021   Thumb Code    94  net_ndp.o(i.net_ndp_init)
    net_ndp_process                          0x0801308d   Thumb Code   692  net_ndp.o(i.net_ndp_process)
    net_ndp_run                              0x08013351   Thumb Code   304  net_ndp.o(i.net_ndp_run)
    net_path                                 0x08013495   Thumb Code    48  net_sys.o(i.net_path)
    net_ping_client_init                     0x080134c9   Thumb Code    22  net_ping_core.o(i.net_ping_client_init)
    net_ping_client_run                      0x080134e9   Thumb Code   106  net_ping_core.o(i.net_ping_client_run)
    net_rand32                               0x08013565   Thumb Code    18  net_sys.o(i.net_rand32)
    net_strcasecmp                           0x08013581   Thumb Code    46  net_common.o(i.net_strcasecmp)
    net_strchr                               0x080135af   Thumb Code    22  net_common.o(i.net_strchr)
    net_strcmp                               0x080135c5   Thumb Code    26  net_common.o(i.net_strcmp)
    net_strcpy                               0x080135df   Thumb Code    18  net_common.o(i.net_strcpy)
    net_strnchr                              0x080135f1   Thumb Code    28  net_common.o(i.net_strnchr)
    net_strtoupper                           0x0801360d   Thumb Code    32  net_common.o(i.net_strtoupper)
    net_sys_lock                             0x0801362d   Thumb Code     8  net_sys.o(i.net_sys_lock)
    net_sys_tick                             0x08013639   Thumb Code    16  net_sys.o(i.net_sys_tick)
    net_sys_unlock                           0x0801364d   Thumb Code     8  net_sys.o(i.net_sys_unlock)
    net_sys_wakeup                           0x08013659   Thumb Code    24  net_sys.o(i.net_sys_wakeup)
    net_tcp_abort                            0x08013679   Thumb Code   122  net_tcp.o(i.net_tcp_abort)
    net_tcp_close                            0x080136fd   Thumb Code   218  net_tcp.o(i.net_tcp_close)
    net_tcp_get_buf                          0x080137e1   Thumb Code    46  net_tcp.o(i.net_tcp_get_buf)
    net_tcp_get_mss                          0x08013811   Thumb Code    34  net_tcp.o(i.net_tcp_get_mss)
    net_tcp_get_socket                       0x08013839   Thumb Code   104  net_tcp.o(i.net_tcp_get_socket)
    net_tcp_get_state                        0x080138a9   Thumb Code    40  net_tcp.o(i.net_tcp_get_state)
    net_tcp_listen                           0x080138d5   Thumb Code   168  net_tcp.o(i.net_tcp_listen)
    net_tcp_process                          0x08013985   Thumb Code  1942  net_tcp.o(i.net_tcp_process)
    net_tcp_send                             0x08014121   Thumb Code   336  net_tcp.o(i.net_tcp_send)
    net_tcp_set_option                       0x0801427d   Thumb Code   288  net_tcp.o(i.net_tcp_set_option)
    net_tcp_socket_init                      0x080143a9   Thumb Code    30  net_tcp.o(i.net_tcp_socket_init)
    net_tcp_socket_run                       0x080143d1   Thumb Code   942  net_tcp.o(i.net_tcp_socket_run)
    net_udp_enable_lla                       0x08014795   Thumb Code    38  net_udp.o(i.net_udp_enable_lla)
    net_udp_get_buf                          0x080147c1   Thumb Code    46  net_udp.o(i.net_udp_get_buf)
    net_udp_get_socket                       0x080147f1   Thumb Code   100  net_udp.o(i.net_udp_get_socket)
    net_udp_open                             0x0801485d   Thumb Code   164  net_udp.o(i.net_udp_open)
    net_udp_process                          0x0801490d   Thumb Code   336  net_udp.o(i.net_udp_process)
    net_udp_send                             0x08014a71   Thumb Code   462  net_udp.o(i.net_udp_send)
    net_udp_socket_init                      0x08014c4d   Thumb Code    34  net_udp.o(i.net_udp_socket_init)
    app_main_attr                            0x08015a80   Data          36  http_server.o(.constdata)
    imageLastModified                        0x08015aa4   Data           4  web.o(.constdata)
    GLCD_Font_16x24                          0x0804f768   Data          16  glcd_fonts.o(.constdata)
    osRtxUserSVC                             0x0804f7e0   Data           4  rtx_lib.o(.constdata)
    Driver_ETH_PHY0                          0x0804f7e8   Data          32  phy_lan8742a.o(.constdata)
    Driver_ETH_MAC0                          0x0804f858   Data          68  emac_stm32f7xx.o(.constdata)
    Driver_I2C2                              0x0804f938   Data          48  i2c_stm32f7xx.o(.constdata)
    EventRecorderInfo                        0x0804f968   Data          24  eventrecorder.o(.constdata)
    AHBPrescTable                            0x0804f988   Data          16  system_stm32f7xx.o(.constdata)
    APBPrescTable                            0x0804f998   Data           8  system_stm32f7xx.o(.constdata)
    net_sys_config                           0x0804fa28   Data          32  net_config.o(.constdata)
    net_eth0_config                          0x0804faa4   Data          20  net_config.o(.constdata)
    netif_eth_config                         0x0804fab8   Data          36  net_config.o(.constdata)
    net_localm                               0x0804fadc   Data          16  net_config.o(.constdata)
    net_localm6                              0x0804faec   Data          16  net_config.o(.constdata)
    net_ip4_frag_config                      0x0804fafc   Data           8  net_config.o(.constdata)
    net_udp_config                           0x0804fb04   Data          12  net_config.o(.constdata)
    net_tcp_config                           0x0804fb10   Data          24  net_config.o(.constdata)
    net_http_config                          0x0804fb28   Data          52  net_config.o(.constdata)
    netif_getopt_func                        0x0804fbac   Data          16  net_config.o(.constdata)
    netif_setopt_func                        0x0804fbbc   Data          16  net_config.o(.constdata)
    netif_send_func                          0x0804fbcc   Data          16  net_config.o(.constdata)
    net_http_auth_basic_func                 0x0804fcf0   Data          20  net_http_server_auth.o(.constdata)
    net_ping_payload                         0x0804fd04   Data          18  net_ping_core.o(.constdata)
    net_addr_unspec                          0x0804fd16   Data          16  net_addr.o(.constdata)
    net_addr_bcast                           0x0804fd26   Data           6  net_addr.o(.constdata)
    net_addr4_loopback                       0x0804fd2c   Data           4  net_ip4.o(.constdata)
    net_addr6_all_nodes                      0x0804fd30   Data          16  net_ip6.o(.constdata)
    net_addr6_loopback                       0x0804fd40   Data          16  net_ip6.o(.constdata)
    net_addr6_all_routers                    0x0804fd50   Data          16  net_ip6.o(.constdata)
    net_http_error                           0x0804fd60   Data          24  net_http_server_err.o(.constdata)
    net_lib_version                          0x0804fe08   Data           4  net_version.o(.constdata)
    network_ip4ip6_debug_v7.12.0             0x0804fe08   Data           4  net_version.o(.constdata)
    __ctype_table                            0x0804fe0c   Data         129  ctype_o.o(.constdata)
    osRtxConfig                              0x080501cc   Data         104  rtx_lib.o(.rodata)
    os_cb_sections                           0x08050234   Data          56  rtx_lib.o(.rodata)
    Region$$Table$$Base                      0x0805026c   Number         0  anon$$obj.o(Region$$Table)
    Region$$Table$$Limit                     0x0805028c   Number         0  anon$$obj.o(Region$$Table)
    .bss.os.msgqueue.cb$$Base                0x20012040   Number         0  rtx_lib.o(.bss.os.msgqueue.cb)
    .bss.os.msgqueue.cb$$Limit               0x20012074   Number         0  rtx_lib.o(.bss.os.msgqueue.cb)
    .bss.os.mutex.cb$$Base                   0x200120c4   Number         0  net_config.o(.bss.os.mutex.cb)
    .bss.os.mutex.cb$$Limit                  0x200120fc   Number         0  net_config.o(.bss.os.mutex.cb)
    .bss.os.semaphore.cb$$Base               0x200120fc   Number         0  net_config.o(.bss.os.semaphore.cb)
    .bss.os.semaphore.cb$$Limit              0x2001210c   Number         0  net_config.o(.bss.os.semaphore.cb)
    .bss.os.thread.cb$$Base                  0x2001210c   Number         0  rtx_lib.o(.bss.os.thread.cb)
    .bss.os.thread.cb$$Limit                 0x2001221c   Number         0  net_config.o(.bss.os.thread.cb)
    .bss.os.timer.cb$$Base                   0x20012c20   Number         0  net_config.o(.bss.os.timer.cb)
    .bss.os.timer.cb$$Limit                  0x20012c40   Number         0  net_config.o(.bss.os.timer.cb)
    LEDrun                                   0x20012c44   Data           1  http_server.o(.data)
    TID_Display                              0x20012c4c   Data           4  http_server.o(.data)
    TID_Led                                  0x20012c50   Data           4  http_server.o(.data)
    uwTickFreq                               0x20012c68   Data           1  stm32f7xx_hal.o(.data)
    uwTickPrio                               0x20012c6c   Data           4  stm32f7xx_hal.o(.data)
    uwTick                                   0x20012c70   Data           4  stm32f7xx_hal.o(.data)
    SystemCoreClock                          0x20012c74   Data           4  system_stm32f7xx.o(.data)
    osRtxInfo                                0x20012cc4   Data         164  rtx_kernel.o(.data.os)
    app_main_stk                             0x20012db8   Data        1024  http_server.o(.bss)
    sdramHandle                              0x200132b0   Data          52  stm32746g_discovery_sdram.o(.bss)
    net_eth_control                          0x20016874   Data         152  net_eth.o(.bss)
    net_http_control                         0x20016a28   Data          20  net_http_server.o(.bss)
    net_ping_control                         0x20016a3c   Data          40  net_ping_core.o(.bss)
    net_sys_control                          0x20016a74   Data          40  net_sys.o(.bss)
    net_dbg_buf                              0x20016a9c   Data          24  net_sys.o(.bss)
    __initial_sp                             0x20016f70   Data           0  startup_stm32f746xx.o(STACK)



==============================================================================

Memory Map of the image

  Image Entry point : 0x080001c9

  Load Region LR_IROM1 (Base: 0x08000000, Size: 0x00051ff4, Max: 0x00100000, ABSOLUTE, COMPRESSED[0x000502e4])

    Execution Region ER_IROM1 (Exec base: 0x08000000, Load base: 0x08000000, Size: 0x0005028c, Max: 0x00100000, ABSOLUTE)

    Exec Addr    Load Addr    Size         Type   Attr      Idx    E Section Name        Object

    0x08000000   0x08000000   0x000001c8   Data   RO         1433    RESET               startup_stm32f746xx.o
    0x080001c8   0x080001c8   0x00000000   Code   RO         2521  * .ARM.Collect$$$$00000000  mc_w.l(entry.o)
    0x080001c8   0x080001c8   0x00000004   Code   RO         2807    .ARM.Collect$$$$00000001  mc_w.l(entry2.o)
    0x080001cc   0x080001cc   0x00000004   Code   RO         2810    .ARM.Collect$$$$00000004  mc_w.l(entry5.o)
    0x080001d0   0x080001d0   0x00000000   Code   RO         2812    .ARM.Collect$$$$00000008  mc_w.l(entry7b.o)
    0x080001d0   0x080001d0   0x00000000   Code   RO         2814    .ARM.Collect$$$$0000000A  mc_w.l(entry8b.o)
    0x080001d0   0x080001d0   0x00000008   Code   RO         2815    .ARM.Collect$$$$0000000B  mc_w.l(entry9a.o)
    0x080001d8   0x080001d8   0x00000000   Code   RO         2817    .ARM.Collect$$$$0000000D  mc_w.l(entry10a.o)
    0x080001d8   0x080001d8   0x00000000   Code   RO         2819    .ARM.Collect$$$$0000000F  mc_w.l(entry11a.o)
    0x080001d8   0x080001d8   0x00000004   Code   RO         2808    .ARM.Collect$$$$00002712  mc_w.l(entry2.o)
    0x080001dc   0x080001dc   0x00000148   Code   RO          634    .emb_text           rtx_mempool.o
    0x08000324   0x08000324   0x00000148   Code   RO          665    .emb_text           rtx_msgqueue.o
    0x0800046c   0x0800046c   0x00000148   Code   RO          730    .emb_text           rtx_semaphore.o
    0x080005b4   0x080005b4   0x00000148   Code   RO          761    .emb_text           rtx_system.o
    0x080006fc   0x080006fc   0x00000148   Code   RO          795    .emb_text           rtx_thread.o
    0x08000844   0x08000844   0x00000074   Code   RO         1010    .emb_text           eventrecorder.o
    0x080008b8   0x080008b8   0x000001b8   Code   RO            4    .text               main.o
    0x08000a70   0x08000a70   0x00000234   Code   RO          141    .text               http_server.o
    0x08000ca4   0x08000ca4   0x000001fc   Code   RO          212    .text               http_server_cgi.o
    0x08000ea0   0x08000ea0   0x00000078   Code   RO          234    .text               web.o
    0x08000f18   0x08000f18   0x00000328   Code   RO          254    .text               stm32746g_discovery_sdram.o
    0x08001240   0x08001240   0x00000064   Code   RO          285    .text               buttons_746g_discovery.o
    0x080012a4   0x080012a4   0x00000490   Code   RO          309    .text               glcd_746g_discovery.o
    0x08001734   0x08001734   0x000000b0   Code   RO          349    .text               led_746g_discovery.o
    0x080017e4   0x080017e4   0x000000c4   Code   RO          373    .text               irq_cm4f.o
    0x080018a8   0x080018a8   0x000000ec   Code   RO          381    .text               rtx_delay.o
    0x08001994   0x08001994   0x00000950   Code   RO          476    .text               rtx_evr.o
    0x080022e4   0x080022e4   0x000006b8   Code   RO          504    .text               rtx_kernel.o
    0x0800299c   0x0800299c   0x00000090   Code   RO          552    .text               rtx_lib.o
    0x08002a2c   0x08002a2c   0x00000124   Code   RO          601    .text               rtx_memory.o
    0x08002b50   0x08002b50   0x00000688   Code   RO          635    .text               rtx_mempool.o
    0x080031d8   0x080031d8   0x000009ac   Code   RO          666    .text               rtx_msgqueue.o
    0x08003b84   0x08003b84   0x00000514   Code   RO          700    .text               rtx_mutex.o
    0x08004098   0x08004098   0x00000450   Code   RO          731    .text               rtx_semaphore.o
    0x080044e8   0x080044e8   0x00000150   Code   RO          762    .text               rtx_system.o
    0x08004638   0x08004638   0x000011c0   Code   RO          796    .text               rtx_thread.o
    0x080057f8   0x080057f8   0x0000046c   Code   RO          830    .text               rtx_timer.o
    0x08005c64   0x08005c64   0x000000c4   Code   RO          860    .text               os_systick.o
    0x08005d28   0x08005d28   0x00000004   Code   RO          886    .text               rtx_config.o
    0x08005d2c   0x08005d2c   0x000001c8   Code   RO          907    .text               phy_lan8742a.o
    0x08005ef4   0x08005ef4   0x00000ad0   Code   RO          935    .text               emac_stm32f7xx.o
    0x080069c4   0x080069c4   0x00000fe8   Code   RO          978    .text               i2c_stm32f7xx.o
    0x080079ac   0x080079ac   0x00000538   Code   RO         1011    .text               eventrecorder.o
    0x08007ee4   0x08007ee4   0x000001d0   Code   RO         1045    .text               stm32f7xx_hal.o
    0x080080b4   0x080080b4   0x00000298   Code   RO         1123    .text               stm32f7xx_hal_cortex.o
    0x0800834c   0x0800834c   0x00000720   Code   RO         1151    .text               stm32f7xx_hal_dma.o
    0x08008a6c   0x08008a6c   0x00000354   Code   RO         1200    .text               stm32f7xx_hal_gpio.o
    0x08008dc0   0x08008dc0   0x00000b44   Code   RO         1224    .text               stm32f7xx_hal_ltdc.o
    0x08009904   0x08009904   0x000002cc   Code   RO         1290    .text               stm32f7xx_hal_pwr_ex.o
    0x08009bd0   0x08009bd0   0x000008bc   Code   RO         1314    .text               stm32f7xx_hal_rcc.o
    0x0800a48c   0x0800a48c   0x000008c4   Code   RO         1338    .text               stm32f7xx_hal_rcc_ex.o
    0x0800ad50   0x0800ad50   0x000003a0   Code   RO         1362    .text               stm32f7xx_hal_sdram.o
    0x0800b0f0   0x0800b0f0   0x00000384   Code   RO         1410    .text               stm32f7xx_ll_fmc.o
    0x0800b474   0x0800b474   0x00000024   Code   RO         1434    .text               startup_stm32f746xx.o
    0x0800b498   0x0800b498   0x000000dc   Code   RO         1441    .text               system_stm32f7xx.o
    0x0800b574   0x0800b574   0x000000e4   Code   RO         1470    .text               net_config.o
    0x0800b658   0x0800b658   0x00000148   Code   RO         1554    .text               net_debug.o
    0x0800b7a0   0x0800b7a0   0x00000062   Code   RO         2524    .text               mc_w.l(uldiv.o)
    0x0800b802   0x0800b802   0x00000024   Code   RO         2526    .text               mc_w.l(memcpya.o)
    0x0800b826   0x0800b826   0x00000024   Code   RO         2528    .text               mc_w.l(memseta.o)
    0x0800b84a   0x0800b84a   0x0000000e   Code   RO         2530    .text               mc_w.l(strlen.o)
    0x0800b858   0x0800b858   0x0000001c   Code   RO         2532    .text               mc_w.l(strcmp.o)
    0x0800b874   0x0800b874   0x0000001a   Code   RO         2534    .text               mc_w.l(memcmp.o)
    0x0800b88e   0x0800b88e   0x00000002   PAD
    0x0800b890   0x0800b890   0x00000038   Code   RO         2799    .text               mc_w.l(__0sscanf.o)
    0x0800b8c8   0x0800b8c8   0x0000014c   Code   RO         2801    .text               mc_w.l(_scanf_int.o)
    0x0800ba14   0x0800ba14   0x0000001a   Code   RO         2805    .text               mc_w.l(atoi.o)
    0x0800ba2e   0x0800ba2e   0x0000001e   Code   RO         2826    .text               mc_w.l(llshl.o)
    0x0800ba4c   0x0800ba4c   0x00000020   Code   RO         2828    .text               mc_w.l(llushr.o)
    0x0800ba6c   0x0800ba6c   0x00000008   Code   RO         2830    .text               mc_w.l(ctype_o.o)
    0x0800ba74   0x0800ba74   0x00000012   Code   RO         2852    .text               mc_w.l(isspace_o.o)
    0x0800ba86   0x0800ba86   0x0000001c   Code   RO         2865    .text               mc_w.l(_chval.o)
    0x0800baa2   0x0800baa2   0x00000002   PAD
    0x0800baa4   0x0800baa4   0x00000028   Code   RO         2867    .text               mc_w.l(scanf_char.o)
    0x0800bacc   0x0800bacc   0x00000040   Code   RO         2869    .text               mc_w.l(_sgetc.o)
    0x0800bb0c   0x0800bb0c   0x0000009e   Code   RO         2871    .text               mc_w.l(_strtoul.o)
    0x0800bbaa   0x0800bbaa   0x00000070   Code   RO         2873    .text               mc_w.l(strtol.o)
    0x0800bc1a   0x0800bc1a   0x00000002   PAD
    0x0800bc1c   0x0800bc1c   0x00000024   Code   RO         2886    .text               mc_w.l(init.o)
    0x0800bc40   0x0800bc40   0x0000032c   Code   RO         2893    .text               mc_w.l(_scanf.o)
    0x0800bf6c   0x0800bf6c   0x0000003a   Code   RO         2908    .text               mc_w.l(__dczerorl.o)
    0x0800bfa6   0x0800bfa6   0x00000002   PAD
    0x0800bfa8   0x0800bfa8   0x00000028   Code   RO         2747    i.__0sprintf$8      mc_w.l(printf8.o)
    0x0800bfd0   0x0800bfd0   0x00000008   Code   RO         2858    i.__aeabi_errno_addr  mc_w.l(errno.o)
    0x0800bfd8   0x0800bfd8   0x0000000e   Code   RO         2902    i.__scatterload_copy  mc_w.l(handlers.o)
    0x0800bfe6   0x0800bfe6   0x00000002   Code   RO         2903    i.__scatterload_null  mc_w.l(handlers.o)
    0x0800bfe8   0x0800bfe8   0x0000000e   Code   RO         2904    i.__scatterload_zeroinit  mc_w.l(handlers.o)
    0x0800bff6   0x0800bff6   0x00000002   PAD
    0x0800bff8   0x0800bff8   0x00000410   Code   RO         2752    i._printf_core      mc_w.l(printf8.o)
    0x0800c408   0x0800c408   0x00000024   Code   RO         2753    i._printf_post_padding  mc_w.l(printf8.o)
    0x0800c42c   0x0800c42c   0x0000002e   Code   RO         2754    i._printf_pre_padding  mc_w.l(printf8.o)
    0x0800c45a   0x0800c45a   0x0000000a   Code   RO         2756    i._sputc            mc_w.l(printf8.o)
    0x0800c464   0x0800c464   0x00000034   Code   RO         1932    i.add_server_id     Net_Dbg_CM3_L.lib(net_http_server.o)
    0x0800c498   0x0800c498   0x00000084   Code   RO         2215    i.arp_cache_alloc   Net_Dbg_CM3_L.lib(net_arp.o)
    0x0800c51c   0x0800c51c   0x00000040   Code   RO         2216    i.arp_is_cacheable  Net_Dbg_CM3_L.lib(net_arp.o)
    0x0800c55c   0x0800c55c   0x00000058   Code   RO         2217    i.arp_probe_run     Net_Dbg_CM3_L.lib(net_arp.o)
    0x0800c5b4   0x0800c5b4   0x000000d4   Code   RO         2218    i.arp_proc_response  Net_Dbg_CM3_L.lib(net_arp.o)
    0x0800c688   0x0800c688   0x0000001a   Code   RO         2219    i.arp_que_free      Net_Dbg_CM3_L.lib(net_arp.o)
    0x0800c6a2   0x0800c6a2   0x00000002   PAD
    0x0800c6a4   0x0800c6a4   0x00000098   Code   RO         2220    i.arp_send_reply    Net_Dbg_CM3_L.lib(net_arp.o)
    0x0800c73c   0x0800c73c   0x000000cc   Code   RO         2221    i.arp_send_request  Net_Dbg_CM3_L.lib(net_arp.o)
    0x0800c808   0x0800c808   0x00000068   Code   RO         2222    i.arp_sender_valid  Net_Dbg_CM3_L.lib(net_arp.o)
    0x0800c870   0x0800c870   0x00000070   Code   RO         1882    i.check_client_id   Net_Dbg_CM3_L.lib(net_dhcp6_client.o)
    0x0800c8e0   0x0800c8e0   0x00000188   Code   RO         1933    i.chk_post_req      Net_Dbg_CM3_L.lib(net_http_server.o)
    0x0800ca68   0x0800ca68   0x00000028   Code   RO         2459    i.crc32_8bit        Net_Dbg_CM3_L.lib(net_common.o)
    0x0800ca90   0x0800ca90   0x00000048   Code   RO         1883    i.dhcp6_client_start  Net_Dbg_CM3_L.lib(net_dhcp6_client.o)
    0x0800cad8   0x0800cad8   0x000003f8   Code   RO         1885    i.dhcp6_listener    Net_Dbg_CM3_L.lib(net_dhcp6_client.o)
    0x0800ced0   0x0800ced0   0x000001ec   Code   RO         1886    i.dhcp6_send_message  Net_Dbg_CM3_L.lib(net_dhcp6_client.o)
    0x0800d0bc   0x0800d0bc   0x00000048   Code   RO         1845    i.dhcp_client_start  Net_Dbg_CM3_L.lib(net_dhcp_client.o)
    0x0800d104   0x0800d104   0x000003e0   Code   RO         1847    i.dhcp_listener     Net_Dbg_CM3_L.lib(net_dhcp_client.o)
    0x0800d4e4   0x0800d4e4   0x00000278   Code   RO         1848    i.dhcp_send_message  Net_Dbg_CM3_L.lib(net_dhcp_client.o)
    0x0800d75c   0x0800d75c   0x000000c4   Code   RO         1584    i.eth_check_link    Net_Dbg_CM3_L.lib(net_eth.o)
    0x0800d820   0x0800d820   0x0000000c   Code   RO         1585    i.eth_lock          Net_Dbg_CM3_L.lib(net_eth.o)
    0x0800d82c   0x0800d82c   0x0000001c   Code   RO         1586    i.eth_mtu_limit     Net_Dbg_CM3_L.lib(net_eth.o)
    0x0800d848   0x0800d848   0x00000014   Code   RO         1587    i.eth_notify        Net_Dbg_CM3_L.lib(net_eth.o)
    0x0800d85c   0x0800d85c   0x00000044   Code   RO         1588    i.eth_opt_len       Net_Dbg_CM3_L.lib(net_eth.o)
    0x0800d8a0   0x0800d8a0   0x00000084   Code   RO         1589    i.eth_receive       Net_Dbg_CM3_L.lib(net_eth.o)
    0x0800d924   0x0800d924   0x0000000c   Code   RO         1590    i.eth_unlock        Net_Dbg_CM3_L.lib(net_eth.o)
    0x0800d930   0x0800d930   0x0000007c   Code   RO         1647    i.frag_map_session  Net_Dbg_CM3_L.lib(net_ip4_frag.o)
    0x0800d9ac   0x0800d9ac   0x00000028   Code   RO         1934    i.get_next_field    Net_Dbg_CM3_L.lib(net_http_server.o)
    0x0800d9d4   0x0800d9d4   0x00000032   Code   RO         1935    i.get_next_par      Net_Dbg_CM3_L.lib(net_http_server.o)
    0x0800da06   0x0800da06   0x0000005c   Code   RO         1887    i.get_tout          Net_Dbg_CM3_L.lib(net_dhcp6_client.o)
    0x0800da62   0x0800da62   0x00000022   Code   RO         1936    i.hex2byte          Net_Dbg_CM3_L.lib(net_http_server.o)
    0x0800da84   0x0800da84   0x0000033c   Code   RO         1937    i.http_add_header   Net_Dbg_CM3_L.lib(net_http_server.o)
    0x0800ddc0   0x0800ddc0   0x00000038   Code   RO         2052    i.http_auth_basic_add  Net_Dbg_CM3_L.lib(net_http_server_auth.o)
    0x0800ddf8   0x0800ddf8   0x00000090   Code   RO         2053    i.http_auth_basic_parse  Net_Dbg_CM3_L.lib(net_http_server_auth.o)
    0x0800de88   0x0800de88   0x00000002   Code   RO         2059    i.http_auth_dummy   Net_Dbg_CM3_L.lib(net_http_server_auth.o)
    0x0800de8a   0x0800de8a   0x00000002   PAD
    0x0800de8c   0x0800de8c   0x00000024   Code   RO         2060    i.http_auth_init    Net_Dbg_CM3_L.lib(net_http_server_auth.o)
    0x0800deb0   0x0800deb0   0x00000194   Code   RO         1938    i.http_error_msg    Net_Dbg_CM3_L.lib(net_http_server.o)
    0x0800e044   0x0800e044   0x00000078   Code   RO         1939    i.http_get_ftype    Net_Dbg_CM3_L.lib(net_http_server.o)
    0x0800e0bc   0x0800e0bc   0x0000005e   Code   RO         1940    i.http_kill_session  Net_Dbg_CM3_L.lib(net_http_server.o)
    0x0800e11a   0x0800e11a   0x00000002   PAD
    0x0800e11c   0x0800e11c   0x000002ac   Code   RO         1941    i.http_listener     Net_Dbg_CM3_L.lib(net_http_server.o)
    0x0800e3c8   0x0800e3c8   0x00000184   Code   RO         1942    i.http_open_file    Net_Dbg_CM3_L.lib(net_http_server.o)
    0x0800e54c   0x0800e54c   0x0000011c   Code   RO         1943    i.http_parse_header  Net_Dbg_CM3_L.lib(net_http_server.o)
    0x0800e668   0x0800e668   0x000001a8   Code   RO         1944    i.http_proc_multipart  Net_Dbg_CM3_L.lib(net_http_server.o)
    0x0800e810   0x0800e810   0x00000138   Code   RO         1945    i.http_proc_post    Net_Dbg_CM3_L.lib(net_http_server.o)
    0x0800e948   0x0800e948   0x00000468   Code   RO         1946    i.http_server_run   Net_Dbg_CM3_L.lib(net_http_server.o)
    0x0800edb0   0x0800edb0   0x00000060   Code   RO         1947    i.http_server_start  Net_Dbg_CM3_L.lib(net_http_server.o)
    0x0800ee10   0x0800ee10   0x00000020   Code   RO         1949    i.http_strcpy       Net_Dbg_CM3_L.lib(net_http_server.o)
    0x0800ee30   0x0800ee30   0x000000a4   Code   RO         1950    i.http_to_utc       Net_Dbg_CM3_L.lib(net_http_server.o)
    0x0800eed4   0x0800eed4   0x00000038   Code   RO         2333    i.ip4_dispatch      Net_Dbg_CM3_L.lib(net_ip4.o)
    0x0800ef0c   0x0800ef0c   0x0000000a   Code   RO         2334    i.ip4_get_chksum    Net_Dbg_CM3_L.lib(net_ip4.o)
    0x0800ef16   0x0800ef16   0x00000002   PAD
    0x0800ef18   0x0800ef18   0x00000020   Code   RO         2335    i.ip4_get_mtu       Net_Dbg_CM3_L.lib(net_ip4.o)
    0x0800ef38   0x0800ef38   0x000000a0   Code   RO         2336    i.ip4_get_route     Net_Dbg_CM3_L.lib(net_ip4.o)
    0x0800efd8   0x0800efd8   0x00000034   Code   RO         2148    i.ip4_ntoa          Net_Dbg_CM3_L.lib(net_addr.o)
    0x0800f00c   0x0800f00c   0x00000048   Code   RO         2383    i.ip6_get_route     Net_Dbg_CM3_L.lib(net_ip6.o)
    0x0800f054   0x0800f054   0x000000d4   Code   RO         2149    i.ip6_ntoa          Net_Dbg_CM3_L.lib(net_addr.o)
    0x0800f128   0x0800f128   0x00000024   Code   RO         1849    i.is_selected       Net_Dbg_CM3_L.lib(net_dhcp_client.o)
    0x0800f14c   0x0800f14c   0x0000000c   Code   RO         2436    i.mem_lock          Net_Dbg_CM3_L.lib(net_mem.o)
    0x0800f158   0x0800f158   0x0000000c   Code   RO         2437    i.mem_unlock        Net_Dbg_CM3_L.lib(net_mem.o)
    0x0800f164   0x0800f164   0x0000017c   Code   RO         1918    i.nbns_listener     Net_Dbg_CM3_L.lib(net_nbns_client.o)
    0x0800f2e0   0x0800f2e0   0x000000f8   Code   RO         2271    i.ndp_cache_add     Net_Dbg_CM3_L.lib(net_ndp.o)
    0x0800f3d8   0x0800f3d8   0x0000008c   Code   RO         2272    i.ndp_cache_alloc   Net_Dbg_CM3_L.lib(net_ndp.o)
    0x0800f464   0x0800f464   0x00000070   Code   RO         2273    i.ndp_cache_delete  Net_Dbg_CM3_L.lib(net_ndp.o)
    0x0800f4d4   0x0800f4d4   0x0000002c   Code   RO         2274    i.ndp_check_frame   Net_Dbg_CM3_L.lib(net_ndp.o)
    0x0800f500   0x0800f500   0x0000005c   Code   RO         2275    i.ndp_is_onlink     Net_Dbg_CM3_L.lib(net_ndp.o)
    0x0800f55c   0x0800f55c   0x00000012   Code   RO         2276    i.ndp_next_opt      Net_Dbg_CM3_L.lib(net_ndp.o)
    0x0800f56e   0x0800f56e   0x00000002   PAD
    0x0800f570   0x0800f570   0x000000cc   Code   RO         2277    i.ndp_prefix_add    Net_Dbg_CM3_L.lib(net_ndp.o)
    0x0800f63c   0x0800f63c   0x0000005c   Code   RO         2278    i.ndp_probe_run     Net_Dbg_CM3_L.lib(net_ndp.o)
    0x0800f698   0x0800f698   0x000000e8   Code   RO         2279    i.ndp_proc_response  Net_Dbg_CM3_L.lib(net_ndp.o)
    0x0800f780   0x0800f780   0x0000001a   Code   RO         2280    i.ndp_que_free      Net_Dbg_CM3_L.lib(net_ndp.o)
    0x0800f79a   0x0800f79a   0x00000002   PAD
    0x0800f79c   0x0800f79c   0x0000003c   Code   RO         2281    i.ndp_router_remove  Net_Dbg_CM3_L.lib(net_ndp.o)
    0x0800f7d8   0x0800f7d8   0x00000084   Code   RO         2282    i.ndp_send_reply    Net_Dbg_CM3_L.lib(net_ndp.o)
    0x0800f85c   0x0800f85c   0x000000a4   Code   RO         2283    i.ndp_send_request  Net_Dbg_CM3_L.lib(net_ndp.o)
    0x0800f900   0x0800f900   0x0000015c   Code   RO         2284    i.ndp_slaac_run     Net_Dbg_CM3_L.lib(net_ndp.o)
    0x0800fa5c   0x0800fa5c   0x00000004   Code   RO         1951    i.netCGI_Charset    Net_Dbg_CM3_L.lib(net_http_server.o)
    0x0800fa60   0x0800fa60   0x00000004   Code   RO         1952    i.netCGI_ContentType  Net_Dbg_CM3_L.lib(net_http_server.o)
    0x0800fa64   0x0800fa64   0x0000006c   Code   RO         1953    i.netCGI_GetEnvVar  Net_Dbg_CM3_L.lib(net_http_server.o)
    0x0800fad0   0x0800fad0   0x00000004   Code   RO         1956    i.netCGI_Redirect   Net_Dbg_CM3_L.lib(net_http_server.o)
    0x0800fad4   0x0800fad4   0x00000004   Code   RO         1958    i.netCGX_ContentType  Net_Dbg_CM3_L.lib(net_http_server.o)
    0x0800fad8   0x0800fad8   0x00000068   Code   RO         2103    i.netCore_Thread    Net_Dbg_CM3_L.lib(net_sys.o)
    0x0800fb40   0x0800fb40   0x00000002   Code   RO         1890    i.netDHCP6_Notify   Net_Dbg_CM3_L.lib(net_dhcp6_client.o)
    0x0800fb42   0x0800fb42   0x00000002   Code   RO         1591    i.netETH_Notify     Net_Dbg_CM3_L.lib(net_eth.o)
    0x0800fb44   0x0800fb44   0x00000002   Code   RO         1592    i.netETH_ReceiveRaw  Net_Dbg_CM3_L.lib(net_eth.o)
    0x0800fb46   0x0800fb46   0x00000002   PAD
    0x0800fb48   0x0800fb48   0x0000003c   Code   RO         1594    i.netETH_Thread     Net_Dbg_CM3_L.lib(net_eth.o)
    0x0800fb84   0x0800fb84   0x00000004   Code   RO         1959    i.netHTTPs_AcceptClient  Net_Dbg_CM3_L.lib(net_http_server.o)
    0x0800fb88   0x0800fb88   0x00000004   Code   RO         2061    i.netHTTPs_CheckAccount  Net_Dbg_CM3_L.lib(net_http_server_auth.o)
    0x0800fb8c   0x0800fb8c   0x00000004   Code   RO         1960    i.netHTTPs_FileAccess  Net_Dbg_CM3_L.lib(net_http_server.o)
    0x0800fb90   0x0800fb90   0x0000009c   Code   RO         2104    i.netIF_GetOption   Net_Dbg_CM3_L.lib(net_sys.o)
    0x0800fc2c   0x0800fc2c   0x0000009c   Code   RO         2106    i.netIF_SetOption   Net_Dbg_CM3_L.lib(net_sys.o)
    0x0800fcc8   0x0800fcc8   0x0000001a   Code   RO         2151    i.netIP_aton        Net_Dbg_CM3_L.lib(net_addr.o)
    0x0800fce2   0x0800fce2   0x00000032   Code   RO         2152    i.netIP_ntoa        Net_Dbg_CM3_L.lib(net_addr.o)
    0x0800fd14   0x0800fd14   0x000000a8   Code   RO         2107    i.netInitialize     Net_Dbg_CM3_L.lib(net_sys.o)
    0x0800fdbc   0x0800fdbc   0x0000007c   Code   RO         2153    i.netMAC_aton       Net_Dbg_CM3_L.lib(net_addr.o)
    0x0800fe38   0x0800fe38   0x00000068   Code   RO         2155    i.net_addr4_aton    Net_Dbg_CM3_L.lib(net_addr.o)
    0x0800fea0   0x0800fea0   0x0000001a   Code   RO         2156    i.net_addr4_is_subnet  Net_Dbg_CM3_L.lib(net_addr.o)
    0x0800feba   0x0800feba   0x0000001e   Code   RO         2158    i.net_addr4_to_mac  Net_Dbg_CM3_L.lib(net_addr.o)
    0x0800fed8   0x0800fed8   0x000000f4   Code   RO         2159    i.net_addr6_aton    Net_Dbg_CM3_L.lib(net_addr.o)
    0x0800ffcc   0x0800ffcc   0x00000028   Code   RO         2160    i.net_addr6_comp    Net_Dbg_CM3_L.lib(net_addr.o)
    0x0800fff4   0x0800fff4   0x00000012   Code   RO         2161    i.net_addr6_copy    Net_Dbg_CM3_L.lib(net_addr.o)
    0x08010006   0x08010006   0x00000002   PAD
    0x08010008   0x08010008   0x0000004c   Code   RO         2162    i.net_addr6_create  Net_Dbg_CM3_L.lib(net_addr.o)
    0x08010054   0x08010054   0x00000028   Code   RO         2163    i.net_addr6_get_solicited  Net_Dbg_CM3_L.lib(net_addr.o)
    0x0801007c   0x0801007c   0x00000018   Code   RO         2164    i.net_addr6_is_linklocal  Net_Dbg_CM3_L.lib(net_addr.o)
    0x08010094   0x08010094   0x0000006c   Code   RO         2165    i.net_addr6_is_onlink  Net_Dbg_CM3_L.lib(net_addr.o)
    0x08010100   0x08010100   0x00000048   Code   RO         2166    i.net_addr6_is_solicited  Net_Dbg_CM3_L.lib(net_addr.o)
    0x08010148   0x08010148   0x00000018   Code   RO         2167    i.net_addr6_is_unspec  Net_Dbg_CM3_L.lib(net_addr.o)
    0x08010160   0x08010160   0x0000000e   Code   RO         2169    i.net_addr6_to_mac  Net_Dbg_CM3_L.lib(net_addr.o)
    0x0801016e   0x0801016e   0x0000000e   Code   RO         2173    i.net_addr_get_local  Net_Dbg_CM3_L.lib(net_addr.o)
    0x0801017c   0x0801017c   0x00000022   Code   RO         2174    i.net_addr_is_unspec  Net_Dbg_CM3_L.lib(net_addr.o)
    0x0801019e   0x0801019e   0x00000002   PAD
    0x080101a0   0x080101a0   0x0000010c   Code   RO         2228    i.net_arp_cache_add  Net_Dbg_CM3_L.lib(net_arp.o)
    0x080102ac   0x080102ac   0x000000b8   Code   RO         2229    i.net_arp_cache_early  Net_Dbg_CM3_L.lib(net_arp.o)
    0x08010364   0x08010364   0x000000d4   Code   RO         2230    i.net_arp_cache_find  Net_Dbg_CM3_L.lib(net_arp.o)
    0x08010438   0x08010438   0x00000074   Code   RO         2231    i.net_arp_enqueue   Net_Dbg_CM3_L.lib(net_arp.o)
    0x080104ac   0x080104ac   0x00000044   Code   RO         2233    i.net_arp_init      Net_Dbg_CM3_L.lib(net_arp.o)
    0x080104f0   0x080104f0   0x00000028   Code   RO         2234    i.net_arp_notify    Net_Dbg_CM3_L.lib(net_arp.o)
    0x08010518   0x08010518   0x00000014   Code   RO         2235    i.net_arp_probe     Net_Dbg_CM3_L.lib(net_arp.o)
    0x0801052c   0x0801052c   0x000001e0   Code   RO         2236    i.net_arp_process   Net_Dbg_CM3_L.lib(net_arp.o)
    0x0801070c   0x0801070c   0x00000160   Code   RO         2237    i.net_arp_run       Net_Dbg_CM3_L.lib(net_arp.o)
    0x0801086c   0x0801086c   0x00000078   Code   RO         2503    i.net_base64_decode  Net_Dbg_CM3_L.lib(net_base64.o)
    0x080108e4   0x080108e4   0x00000018   Code   RO         2461    i.net_crc_buf       Net_Dbg_CM3_L.lib(net_common.o)
    0x080108fc   0x080108fc   0x0000007c   Code   RO         1891    i.net_dhcp6_client_init  Net_Dbg_CM3_L.lib(net_dhcp6_client.o)
    0x08010978   0x08010978   0x000002b0   Code   RO         1892    i.net_dhcp6_client_run  Net_Dbg_CM3_L.lib(net_dhcp6_client.o)
    0x08010c28   0x08010c28   0x00000070   Code   RO         1854    i.net_dhcp_client_init  Net_Dbg_CM3_L.lib(net_dhcp_client.o)
    0x08010c98   0x08010c98   0x0000031c   Code   RO         1855    i.net_dhcp_client_run  Net_Dbg_CM3_L.lib(net_dhcp_client.o)
    0x08010fb4   0x08010fb4   0x000000cc   Code   RO         1596    i.net_eth_get_option  Net_Dbg_CM3_L.lib(net_eth.o)
    0x08011080   0x08011080   0x000002b8   Code   RO         1597    i.net_eth_iface_init  Net_Dbg_CM3_L.lib(net_eth.o)
    0x08011338   0x08011338   0x00000290   Code   RO         1598    i.net_eth_iface_run  Net_Dbg_CM3_L.lib(net_eth.o)
    0x080115c8   0x080115c8   0x000000a0   Code   RO         1600    i.net_eth_output    Net_Dbg_CM3_L.lib(net_eth.o)
    0x08011668   0x08011668   0x00000184   Code   RO         1601    i.net_eth_send_frame  Net_Dbg_CM3_L.lib(net_eth.o)
    0x080117ec   0x080117ec   0x000001f0   Code   RO         1602    i.net_eth_set_option  Net_Dbg_CM3_L.lib(net_eth.o)
    0x080119dc   0x080119dc   0x00000064   Code   RO         1603    i.net_eth_update_filter  Net_Dbg_CM3_L.lib(net_eth.o)
    0x08011a40   0x08011a40   0x000000e8   Code   RO         1979    i.net_http_server_init  Net_Dbg_CM3_L.lib(net_http_server.o)
    0x08011b28   0x08011b28   0x00000028   Code   RO         1980    i.net_http_server_run  Net_Dbg_CM3_L.lib(net_http_server.o)
    0x08011b50   0x08011b50   0x000001dc   Code   RO         2416    i.net_icmp6_process  Net_Dbg_CM3_L.lib(net_icmp6.o)
    0x08011d2c   0x08011d2c   0x0000006c   Code   RO         2417    i.net_icmp6_send    Net_Dbg_CM3_L.lib(net_icmp6.o)
    0x08011d98   0x08011d98   0x00000050   Code   RO         2418    i.net_icmp6_send_echo  Net_Dbg_CM3_L.lib(net_icmp6.o)
    0x08011de8   0x08011de8   0x00000194   Code   RO         2373    i.net_icmp_process  Net_Dbg_CM3_L.lib(net_icmp.o)
    0x08011f7c   0x08011f7c   0x00000090   Code   RO         2374    i.net_icmp_send_echo  Net_Dbg_CM3_L.lib(net_icmp.o)
    0x0801200c   0x0801200c   0x0000004c   Code   RO         2337    i.net_ip4_checksum  Net_Dbg_CM3_L.lib(net_ip4.o)
    0x08012058   0x08012058   0x0000017c   Code   RO         2338    i.net_ip4_chk_frame  Net_Dbg_CM3_L.lib(net_ip4.o)
    0x080121d4   0x080121d4   0x00000032   Code   RO         2339    i.net_ip4_chksum_buf  Net_Dbg_CM3_L.lib(net_ip4.o)
    0x08012206   0x08012206   0x00000002   PAD
    0x08012208   0x08012208   0x00000124   Code   RO         1648    i.net_ip4_frag_add  Net_Dbg_CM3_L.lib(net_ip4_frag.o)
    0x0801232c   0x0801232c   0x000000ac   Code   RO         1649    i.net_ip4_frag_get  Net_Dbg_CM3_L.lib(net_ip4_frag.o)
    0x080123d8   0x080123d8   0x00000010   Code   RO         1650    i.net_ip4_frag_init  Net_Dbg_CM3_L.lib(net_ip4_frag.o)
    0x080123e8   0x080123e8   0x0000003c   Code   RO         1651    i.net_ip4_frag_run  Net_Dbg_CM3_L.lib(net_ip4_frag.o)
    0x08012424   0x08012424   0x00000040   Code   RO         2341    i.net_ip4_get_local  Net_Dbg_CM3_L.lib(net_ip4.o)
    0x08012464   0x08012464   0x0000005c   Code   RO         2342    i.net_ip4_init      Net_Dbg_CM3_L.lib(net_ip4.o)
    0x080124c0   0x080124c0   0x00000034   Code   RO         2343    i.net_ip4_is_subcast  Net_Dbg_CM3_L.lib(net_ip4.o)
    0x080124f4   0x080124f4   0x0000000e   Code   RO         2344    i.net_ip4_reass_frame  Net_Dbg_CM3_L.lib(net_ip4.o)
    0x08012502   0x08012502   0x00000002   PAD
    0x08012504   0x08012504   0x00000154   Code   RO         2345    i.net_ip4_send_frame  Net_Dbg_CM3_L.lib(net_ip4.o)
    0x08012658   0x08012658   0x0000005c   Code   RO         2347    i.net_ip4_tx_offload  Net_Dbg_CM3_L.lib(net_ip4.o)
    0x080126b4   0x080126b4   0x00000052   Code   RO         2384    i.net_ip6_checksum  Net_Dbg_CM3_L.lib(net_ip6.o)
    0x08012706   0x08012706   0x00000002   PAD
    0x08012708   0x08012708   0x000000ec   Code   RO         2385    i.net_ip6_chk_frame  Net_Dbg_CM3_L.lib(net_ip6.o)
    0x080127f4   0x080127f4   0x00000088   Code   RO         2386    i.net_ip6_collect_addr  Net_Dbg_CM3_L.lib(net_ip6.o)
    0x0801287c   0x0801287c   0x00000064   Code   RO         2388    i.net_ip6_get_local  Net_Dbg_CM3_L.lib(net_ip6.o)
    0x080128e0   0x080128e0   0x0000004c   Code   RO         2389    i.net_ip6_init      Net_Dbg_CM3_L.lib(net_ip6.o)
    0x0801292c   0x0801292c   0x00000114   Code   RO         2390    i.net_ip6_send_frame  Net_Dbg_CM3_L.lib(net_ip6.o)
    0x08012a40   0x08012a40   0x0000000c   Code   RO         2392    i.net_ip6_tx_netif  Net_Dbg_CM3_L.lib(net_ip6.o)
    0x08012a4c   0x08012a4c   0x00000030   Code   RO         2393    i.net_ip6_tx_offload  Net_Dbg_CM3_L.lib(net_ip6.o)
    0x08012a7c   0x08012a7c   0x00000038   Code   RO         1631    i.net_loop_iface_init  Net_Dbg_CM3_L.lib(net_loopback.o)
    0x08012ab4   0x08012ab4   0x000000a4   Code   RO         1632    i.net_loop_iface_run  Net_Dbg_CM3_L.lib(net_loopback.o)
    0x08012b58   0x08012b58   0x0000006c   Code   RO         1634    i.net_loop_send_frame  Net_Dbg_CM3_L.lib(net_loopback.o)
    0x08012bc4   0x08012bc4   0x000000b8   Code   RO         2438    i.net_mem_alloc     Net_Dbg_CM3_L.lib(net_mem.o)
    0x08012c7c   0x08012c7c   0x0000001c   Code   RO         2439    i.net_mem_avail     Net_Dbg_CM3_L.lib(net_mem.o)
    0x08012c98   0x08012c98   0x00000094   Code   RO         2440    i.net_mem_free      Net_Dbg_CM3_L.lib(net_mem.o)
    0x08012d2c   0x08012d2c   0x00000070   Code   RO         2441    i.net_mem_init      Net_Dbg_CM3_L.lib(net_mem.o)
    0x08012d9c   0x08012d9c   0x00000044   Code   RO         2442    i.net_mem_shrink    Net_Dbg_CM3_L.lib(net_mem.o)
    0x08012de0   0x08012de0   0x00000050   Code   RO         1919    i.net_nbns_client_init  Net_Dbg_CM3_L.lib(net_nbns_client.o)
    0x08012e30   0x08012e30   0x00000108   Code   RO         2289    i.net_ndp_cache_find  Net_Dbg_CM3_L.lib(net_ndp.o)
    0x08012f38   0x08012f38   0x00000078   Code   RO         2291    i.net_ndp_cache_refresh  Net_Dbg_CM3_L.lib(net_ndp.o)
    0x08012fb0   0x08012fb0   0x00000070   Code   RO         2292    i.net_ndp_enqueue   Net_Dbg_CM3_L.lib(net_ndp.o)
    0x08013020   0x08013020   0x0000006c   Code   RO         2294    i.net_ndp_init      Net_Dbg_CM3_L.lib(net_ndp.o)
    0x0801308c   0x0801308c   0x000002c4   Code   RO         2295    i.net_ndp_process   Net_Dbg_CM3_L.lib(net_ndp.o)
    0x08013350   0x08013350   0x00000144   Code   RO         2296    i.net_ndp_run       Net_Dbg_CM3_L.lib(net_ndp.o)
    0x08013494   0x08013494   0x00000034   Code   RO         2111    i.net_path          Net_Dbg_CM3_L.lib(net_sys.o)
    0x080134c8   0x080134c8   0x00000020   Code   RO         2084    i.net_ping_client_init  Net_Dbg_CM3_L.lib(net_ping_core.o)
    0x080134e8   0x080134e8   0x0000007c   Code   RO         2085    i.net_ping_client_run  Net_Dbg_CM3_L.lib(net_ping_core.o)
    0x08013564   0x08013564   0x0000001c   Code   RO         2112    i.net_rand32        Net_Dbg_CM3_L.lib(net_sys.o)
    0x08013580   0x08013580   0x0000002e   Code   RO         2462    i.net_strcasecmp    Net_Dbg_CM3_L.lib(net_common.o)
    0x080135ae   0x080135ae   0x00000016   Code   RO         2463    i.net_strchr        Net_Dbg_CM3_L.lib(net_common.o)
    0x080135c4   0x080135c4   0x0000001a   Code   RO         2464    i.net_strcmp        Net_Dbg_CM3_L.lib(net_common.o)
    0x080135de   0x080135de   0x00000012   Code   RO         2465    i.net_strcpy        Net_Dbg_CM3_L.lib(net_common.o)
    0x080135f0   0x080135f0   0x0000001c   Code   RO         2467    i.net_strnchr       Net_Dbg_CM3_L.lib(net_common.o)
    0x0801360c   0x0801360c   0x00000020   Code   RO         2469    i.net_strtoupper    Net_Dbg_CM3_L.lib(net_common.o)
    0x0801362c   0x0801362c   0x0000000c   Code   RO         2113    i.net_sys_lock      Net_Dbg_CM3_L.lib(net_sys.o)
    0x08013638   0x08013638   0x00000014   Code   RO         2116    i.net_sys_tick      Net_Dbg_CM3_L.lib(net_sys.o)
    0x0801364c   0x0801364c   0x0000000c   Code   RO         2117    i.net_sys_unlock    Net_Dbg_CM3_L.lib(net_sys.o)
    0x08013658   0x08013658   0x00000020   Code   RO         2119    i.net_sys_wakeup    Net_Dbg_CM3_L.lib(net_sys.o)
    0x08013678   0x08013678   0x00000084   Code   RO         1740    i.net_tcp_abort     Net_Dbg_CM3_L.lib(net_tcp.o)
    0x080136fc   0x080136fc   0x000000e4   Code   RO         1743    i.net_tcp_close     Net_Dbg_CM3_L.lib(net_tcp.o)
    0x080137e0   0x080137e0   0x0000002e   Code   RO         1747    i.net_tcp_get_buf   Net_Dbg_CM3_L.lib(net_tcp.o)
    0x0801380e   0x0801380e   0x00000002   PAD
    0x08013810   0x08013810   0x00000028   Code   RO         1749    i.net_tcp_get_mss   Net_Dbg_CM3_L.lib(net_tcp.o)
    0x08013838   0x08013838   0x00000070   Code   RO         1752    i.net_tcp_get_socket  Net_Dbg_CM3_L.lib(net_tcp.o)
    0x080138a8   0x080138a8   0x0000002c   Code   RO         1753    i.net_tcp_get_state  Net_Dbg_CM3_L.lib(net_tcp.o)
    0x080138d4   0x080138d4   0x000000b0   Code   RO         1755    i.net_tcp_listen    Net_Dbg_CM3_L.lib(net_tcp.o)
    0x08013984   0x08013984   0x0000079c   Code   RO         1757    i.net_tcp_process   Net_Dbg_CM3_L.lib(net_tcp.o)
    0x08014120   0x08014120   0x0000015c   Code   RO         1761    i.net_tcp_send      Net_Dbg_CM3_L.lib(net_tcp.o)
    0x0801427c   0x0801427c   0x0000012c   Code   RO         1763    i.net_tcp_set_option  Net_Dbg_CM3_L.lib(net_tcp.o)
    0x080143a8   0x080143a8   0x00000028   Code   RO         1764    i.net_tcp_socket_init  Net_Dbg_CM3_L.lib(net_tcp.o)
    0x080143d0   0x080143d0   0x000003c4   Code   RO         1765    i.net_tcp_socket_run  Net_Dbg_CM3_L.lib(net_tcp.o)
    0x08014794   0x08014794   0x0000002c   Code   RO         1677    i.net_udp_enable_lla  Net_Dbg_CM3_L.lib(net_udp.o)
    0x080147c0   0x080147c0   0x0000002e   Code   RO         1679    i.net_udp_get_buf   Net_Dbg_CM3_L.lib(net_udp.o)
    0x080147ee   0x080147ee   0x00000002   PAD
    0x080147f0   0x080147f0   0x0000006c   Code   RO         1682    i.net_udp_get_socket  Net_Dbg_CM3_L.lib(net_udp.o)
    0x0801485c   0x0801485c   0x000000b0   Code   RO         1684    i.net_udp_open      Net_Dbg_CM3_L.lib(net_udp.o)
    0x0801490c   0x0801490c   0x00000164   Code   RO         1685    i.net_udp_process   Net_Dbg_CM3_L.lib(net_udp.o)
    0x08014a70   0x08014a70   0x000001dc   Code   RO         1687    i.net_udp_send      Net_Dbg_CM3_L.lib(net_udp.o)
    0x08014c4c   0x08014c4c   0x00000028   Code   RO         1689    i.net_udp_socket_init  Net_Dbg_CM3_L.lib(net_udp.o)
    0x08014c74   0x08014c74   0x0000001c   Code   RO         2088    i.ping_send_req     Net_Dbg_CM3_L.lib(net_ping_core.o)
    0x08014c90   0x08014c90   0x000000f0   Code   RO         1894    i.proc_opt_ia_na    Net_Dbg_CM3_L.lib(net_dhcp6_client.o)
    0x08014d80   0x08014d80   0x000000d0   Code   RO         1857    i.proc_opt_renew    Net_Dbg_CM3_L.lib(net_dhcp_client.o)
    0x08014e50   0x08014e50   0x00000154   Code   RO         1858    i.proc_opt_req      Net_Dbg_CM3_L.lib(net_dhcp_client.o)
    0x08014fa4   0x08014fa4   0x00000040   Code   RO         1859    i.proc_opt_sel      Net_Dbg_CM3_L.lib(net_dhcp_client.o)
    0x08014fe4   0x08014fe4   0x00000058   Code   RO         1983    i.proc_req_line     Net_Dbg_CM3_L.lib(net_http_server.o)
    0x0801503c   0x0801503c   0x0000001a   Code   RO         1653    i.que_free_list     Net_Dbg_CM3_L.lib(net_ip4_frag.o)
    0x08015056   0x08015056   0x000000a0   Code   RO         1984    i.read_script_line  Net_Dbg_CM3_L.lib(net_http_server.o)
    0x080150f6   0x080150f6   0x00000048   Code   RO         1985    i.search_delim      Net_Dbg_CM3_L.lib(net_http_server.o)
    0x0801513e   0x0801513e   0x00000002   PAD
    0x08015140   0x08015140   0x00000070   Code   RO         1895    i.select_server     Net_Dbg_CM3_L.lib(net_dhcp6_client.o)
    0x080151b0   0x080151b0   0x0000004c   Code   RO         2120    i.sys_proc_tick     Net_Dbg_CM3_L.lib(net_sys.o)
    0x080151fc   0x080151fc   0x00000104   Code   RO         1767    i.tcp_map_socket    Net_Dbg_CM3_L.lib(net_tcp.o)
    0x08015300   0x08015300   0x00000084   Code   RO         1768    i.tcp_parse_opt     Net_Dbg_CM3_L.lib(net_tcp.o)
    0x08015384   0x08015384   0x0000011c   Code   RO         1769    i.tcp_proc_acknr    Net_Dbg_CM3_L.lib(net_tcp.o)
    0x080154a0   0x080154a0   0x000000ac   Code   RO         1770    i.tcp_proc_dupack   Net_Dbg_CM3_L.lib(net_tcp.o)
    0x0801554c   0x0801554c   0x0000001a   Code   RO         1771    i.tcp_que_free      Net_Dbg_CM3_L.lib(net_tcp.o)
    0x08015566   0x08015566   0x0000001a   Code   RO         1772    i.tcp_que_init      Net_Dbg_CM3_L.lib(net_tcp.o)
    0x08015580   0x08015580   0x000000ac   Code   RO         1773    i.tcp_que_resend    Net_Dbg_CM3_L.lib(net_tcp.o)
    0x0801562c   0x0801562c   0x0000008c   Code   RO         1774    i.tcp_send_ctrl     Net_Dbg_CM3_L.lib(net_tcp.o)
    0x080156b8   0x080156b8   0x00000078   Code   RO         1775    i.tcp_send_data     Net_Dbg_CM3_L.lib(net_tcp.o)
    0x08015730   0x08015730   0x00000084   Code   RO         1776    i.tcp_send_reset    Net_Dbg_CM3_L.lib(net_tcp.o)
    0x080157b4   0x080157b4   0x00000044   Code   RO         1777    i.tcp_set_cwnd      Net_Dbg_CM3_L.lib(net_tcp.o)
    0x080157f8   0x080157f8   0x00000074   Code   RO         1778    i.tcp_transit       Net_Dbg_CM3_L.lib(net_tcp.o)
    0x0801586c   0x0801586c   0x000000f8   Code   RO         1779    i.tcp_write         Net_Dbg_CM3_L.lib(net_tcp.o)
    0x08015964   0x08015964   0x0000002c   Code   RO         1691    i.udp_port_in_use   Net_Dbg_CM3_L.lib(net_udp.o)
    0x08015990   0x08015990   0x000000f0   Code   RO         1986    i.utc_to_http       Net_Dbg_CM3_L.lib(net_http_server.o)
    0x08015a80   0x08015a80   0x00000024   Data   RO          144    .constdata          http_server.o
    0x08015aa4   0x08015aa4   0x00000004   Data   RO          235    .constdata          web.o
    0x08015aa8   0x08015aa8   0x0003878e   Data   RO          236    .constdata          web.o
    0x0804e236   0x0804e236   0x00000002   PAD
    0x0804e238   0x0804e238   0x00000030   Data   RO          237    .constdata          web.o
    0x0804e268   0x0804e268   0x00001500   Data   RO          335    .constdata          glcd_fonts.o
    0x0804f768   0x0804f768   0x00000010   Data   RO          337    .constdata          glcd_fonts.o
    0x0804f778   0x0804f778   0x00000008   Data   RO          350    .constdata          led_746g_discovery.o
    0x0804f780   0x0804f780   0x00000024   Data   RO          561    .constdata          rtx_lib.o
    0x0804f7a4   0x0804f7a4   0x00000024   Data   RO          562    .constdata          rtx_lib.o
    0x0804f7c8   0x0804f7c8   0x00000018   Data   RO          563    .constdata          rtx_lib.o
    0x0804f7e0   0x0804f7e0   0x00000004   Data   RO          564    .constdata          rtx_lib.o
    0x0804f7e4   0x0804f7e4   0x00000004   Data   RO          909    .constdata          phy_lan8742a.o
    0x0804f7e8   0x0804f7e8   0x00000020   Data   RO          910    .constdata          phy_lan8742a.o
    0x0804f808   0x0804f808   0x00000050   Data   RO          938    .constdata          emac_stm32f7xx.o
    0x0804f858   0x0804f858   0x00000044   Data   RO          939    .constdata          emac_stm32f7xx.o
    0x0804f89c   0x0804f89c   0x0000009c   Data   RO          980    .constdata          i2c_stm32f7xx.o
    0x0804f938   0x0804f938   0x00000030   Data   RO          981    .constdata          i2c_stm32f7xx.o
    0x0804f968   0x0804f968   0x00000018   Data   RO         1013    .constdata          eventrecorder.o
    0x0804f980   0x0804f980   0x00000008   Data   RO         1152    .constdata          stm32f7xx_hal_dma.o
    0x0804f988   0x0804f988   0x00000010   Data   RO         1442    .constdata          system_stm32f7xx.o
    0x0804f998   0x0804f998   0x00000008   Data   RO         1443    .constdata          system_stm32f7xx.o
    0x0804f9a0   0x0804f9a0   0x00000088   Data   RO         1488    .constdata          net_config.o
    0x0804fa28   0x0804fa28   0x00000020   Data   RO         1489    .constdata          net_config.o
    0x0804fa48   0x0804fa48   0x00000034   Data   RO         1490    .constdata          net_config.o
    0x0804fa7c   0x0804fa7c   0x00000028   Data   RO         1491    .constdata          net_config.o
    0x0804faa4   0x0804faa4   0x00000014   Data   RO         1492    .constdata          net_config.o
    0x0804fab8   0x0804fab8   0x00000024   Data   RO         1493    .constdata          net_config.o
    0x0804fadc   0x0804fadc   0x00000010   Data   RO         1494    .constdata          net_config.o
    0x0804faec   0x0804faec   0x00000010   Data   RO         1495    .constdata          net_config.o
    0x0804fafc   0x0804fafc   0x00000008   Data   RO         1496    .constdata          net_config.o
    0x0804fb04   0x0804fb04   0x0000000c   Data   RO         1497    .constdata          net_config.o
    0x0804fb10   0x0804fb10   0x00000018   Data   RO         1498    .constdata          net_config.o
    0x0804fb28   0x0804fb28   0x00000034   Data   RO         1499    .constdata          net_config.o
    0x0804fb5c   0x0804fb5c   0x0000002c   Data   RO         1500    .constdata          net_config.o
    0x0804fb88   0x0804fb88   0x00000024   Data   RO         1501    .constdata          net_config.o
    0x0804fbac   0x0804fbac   0x00000010   Data   RO         1503    .constdata          net_config.o
    0x0804fbbc   0x0804fbbc   0x00000010   Data   RO         1504    .constdata          net_config.o
    0x0804fbcc   0x0804fbcc   0x00000010   Data   RO         1505    .constdata          net_config.o
    0x0804fbdc   0x0804fbdc   0x00000010   Data   RO         1897    .constdata          Net_Dbg_CM3_L.lib(net_dhcp6_client.o)
    0x0804fbec   0x0804fbec   0x00000008   Data   RO         1921    .constdata          Net_Dbg_CM3_L.lib(net_nbns_client.o)
    0x0804fbf4   0x0804fbf4   0x000000fa   Data   RO         1988    .constdata          Net_Dbg_CM3_L.lib(net_http_server.o)
    0x0804fcee   0x0804fcee   0x00000002   PAD
    0x0804fcf0   0x0804fcf0   0x00000014   Data   RO         2063    .constdata          Net_Dbg_CM3_L.lib(net_http_server_auth.o)
    0x0804fd04   0x0804fd04   0x00000012   Data   RO         2090    .constdata          Net_Dbg_CM3_L.lib(net_ping_core.o)
    0x0804fd16   0x0804fd16   0x00000010   Data   RO         2178    .constdata          Net_Dbg_CM3_L.lib(net_addr.o)
    0x0804fd26   0x0804fd26   0x00000006   Data   RO         2179    .constdata          Net_Dbg_CM3_L.lib(net_addr.o)
    0x0804fd2c   0x0804fd2c   0x00000004   Data   RO         2349    .constdata          Net_Dbg_CM3_L.lib(net_ip4.o)
    0x0804fd30   0x0804fd30   0x00000020   Data   RO         2395    .constdata          Net_Dbg_CM3_L.lib(net_ip6.o)
    0x0804fd50   0x0804fd50   0x00000010   Data   RO         2396    .constdata          Net_Dbg_CM3_L.lib(net_ip6.o)
    0x0804fd60   0x0804fd60   0x00000018   Data   RO         2428    .constdata          Net_Dbg_CM3_L.lib(net_http_server_err.o)
    0x0804fd78   0x0804fd78   0x00000090   Data   RO         2505    .constdata          Net_Dbg_CM3_L.lib(net_base64.o)
    0x0804fe08   0x0804fe08   0x00000004   Data   RO         2514    .constdata          Net_Dbg_CM3_L.lib(net_version.o)
    0x0804fe0c   0x0804fe0c   0x00000081   Data   RO         2831    .constdata          mc_w.l(ctype_o.o)
    0x0804fe8d   0x0804fe8d   0x00000003   PAD
    0x0804fe90   0x0804fe90   0x00000004   Data   RO         2832    .constdata          mc_w.l(ctype_o.o)
    0x0804fe94   0x0804fe94   0x00000063   Data   RO         1506    .conststring        net_config.o
    0x0804fef7   0x0804fef7   0x00000001   PAD
    0x0804fef8   0x0804fef8   0x00000010   Data   RO         1507    .conststring        net_config.o
    0x0804ff08   0x0804ff08   0x00000041   Data   RO         1508    .conststring        net_config.o
    0x0804ff49   0x0804ff49   0x00000003   PAD
    0x0804ff4c   0x0804ff4c   0x0000003d   Data   RO         1509    .conststring        net_config.o
    0x0804ff89   0x0804ff89   0x00000003   PAD
    0x0804ff8c   0x0804ff8c   0x00000012   Data   RO         1510    .conststring        net_config.o
    0x0804ff9e   0x0804ff9e   0x00000002   PAD
    0x0804ffa0   0x0804ffa0   0x0000001c   Data   RO         1511    .conststring        net_config.o
    0x0804ffbc   0x0804ffbc   0x00000203   Data   RO         2429    .conststring        Net_Dbg_CM3_L.lib(net_http_server_err.o)
    0x080501bf   0x080501bf   0x00000001   PAD
    0x080501c0   0x080501c0   0x0000000b   Data   RO          505    .conststrlit        rtx_kernel.o
    0x080501cb   0x080501cb   0x00000001   PAD
    0x080501cc   0x080501cc   0x000000a0   Data   RO          566    .rodata             rtx_lib.o
    0x0805026c   0x0805026c   0x00000020   Data   RO         2901    Region$$Table       anon$$obj.o


    Execution Region RW_RAM1 (Exec base: 0x20010000, Load base: 0x080502e4, Size: 0x000004a4, Max: 0x00001000, ABSOLUTE, UNINIT)

    Exec Addr    Load Addr    Size         Type   Attr      Idx    E Section Name        Object

    0x20010000        -       0x000004a4   Zero   RW         1012    .bss.noinit         eventrecorder.o


    Execution Region RW_IRAM1 (Exec base: 0x20011000, Load base: 0x0805028c, Size: 0x00005f70, Max: 0x0003f000, ABSOLUTE, COMPRESSED[0x00000058])

    Exec Addr    Load Addr    Size         Type   Attr      Idx    E Section Name        Object

    0x20011000   COMPRESSED   0x00001000   Data   RW          553    .bss.os             rtx_lib.o
    0x20012000   COMPRESSED   0x00000040   Data   RW          554    .bss.os             rtx_lib.o
    0x20012040   COMPRESSED   0x00000034   Data   RW          555    .bss.os.msgqueue.cb  rtx_lib.o
    0x20012074   COMPRESSED   0x00000050   Data   RW          556    .bss.os.msgqueue.mem  rtx_lib.o
    0x200120c4   COMPRESSED   0x0000001c   Data   RW         1480    .bss.os.mutex.cb    net_config.o
    0x200120e0   COMPRESSED   0x0000001c   Data   RW         1481    .bss.os.mutex.cb    net_config.o
    0x200120fc   COMPRESSED   0x00000010   Data   RW         1482    .bss.os.semaphore.cb  net_config.o
    0x2001210c   COMPRESSED   0x00000044   Data   RW          557    .bss.os.thread.cb   rtx_lib.o
    0x20012150   COMPRESSED   0x00000044   Data   RW          558    .bss.os.thread.cb   rtx_lib.o
    0x20012194   COMPRESSED   0x00000044   Data   RW         1483    .bss.os.thread.cb   net_config.o
    0x200121d8   COMPRESSED   0x00000044   Data   RW         1484    .bss.os.thread.cb   net_config.o
    0x2001221c   COMPRESSED   0x00000004   PAD
    0x20012220   COMPRESSED   0x00000100   Data   RW          559    .bss.os.thread.stack  rtx_lib.o
    0x20012320   COMPRESSED   0x00000100   Data   RW          560    .bss.os.thread.stack  rtx_lib.o
    0x20012420   COMPRESSED   0x00000400   Data   RW         1485    .bss.os.thread.stack  net_config.o
    0x20012820   COMPRESSED   0x00000400   Data   RW         1486    .bss.os.thread.stack  net_config.o
    0x20012c20   COMPRESSED   0x00000020   Data   RW         1487    .bss.os.timer.cb    net_config.o
    0x20012c40   COMPRESSED   0x00000004   Data   RW            5    .data               main.o
    0x20012c44   COMPRESSED   0x00000010   Data   RW          145    .data               http_server.o
    0x20012c54   COMPRESSED   0x00000004   Data   RW          214    .data               http_server_cgi.o
    0x20012c58   COMPRESSED   0x00000002   Data   RW          256    .data               stm32746g_discovery_sdram.o
    0x20012c5a   COMPRESSED   0x00000002   PAD
    0x20012c5c   COMPRESSED   0x00000008   Data   RW          312    .data               glcd_746g_discovery.o
    0x20012c64   COMPRESSED   0x00000001   Data   RW          861    .data               os_systick.o
    0x20012c65   COMPRESSED   0x00000003   PAD
    0x20012c68   COMPRESSED   0x0000000c   Data   RW         1046    .data               stm32f7xx_hal.o
    0x20012c74   COMPRESSED   0x00000004   Data   RW         1444    .data               system_stm32f7xx.o
    0x20012c78   COMPRESSED   0x00000006   Data   RW         1512    .data               net_config.o
    0x20012c7e   COMPRESSED   0x00000002   Data   RW         1513    .data               net_config.o
    0x20012c80   COMPRESSED   0x00000008   Data   RW         1635    .data               Net_Dbg_CM3_L.lib(net_loopback.o)
    0x20012c88   COMPRESSED   0x00000004   Data   RW         1654    .data               Net_Dbg_CM3_L.lib(net_ip4_frag.o)
    0x20012c8c   COMPRESSED   0x00000002   Data   RW         1693    .data               Net_Dbg_CM3_L.lib(net_udp.o)
    0x20012c8e   COMPRESSED   0x00000004   Data   RW         1782    .data               Net_Dbg_CM3_L.lib(net_tcp.o)
    0x20012c92   COMPRESSED   0x00000001   Data   RW         1922    .data               Net_Dbg_CM3_L.lib(net_nbns_client.o)
    0x20012c93   COMPRESSED   0x00000001   PAD
    0x20012c94   COMPRESSED   0x0000000c   Data   RW         1989    .data               Net_Dbg_CM3_L.lib(net_http_server.o)
    0x20012ca0   COMPRESSED   0x0000000c   Data   RW         2123    .data               Net_Dbg_CM3_L.lib(net_sys.o)
    0x20012cac   COMPRESSED   0x00000002   Data   RW         2240    .data               Net_Dbg_CM3_L.lib(net_arp.o)
    0x20012cae   COMPRESSED   0x00000002   Data   RW         2299    .data               Net_Dbg_CM3_L.lib(net_ndp.o)
    0x20012cb0   COMPRESSED   0x00000008   Data   RW         2350    .data               Net_Dbg_CM3_L.lib(net_ip4.o)
    0x20012cb8   COMPRESSED   0x00000008   Data   RW         2397    .data               Net_Dbg_CM3_L.lib(net_ip6.o)
    0x20012cc0   COMPRESSED   0x00000004   Data   RW         2861    .data               mc_w.l(errno.o)
    0x20012cc4   COMPRESSED   0x000000a4   Data   RW          506    .data.os            rtx_kernel.o
    0x20012d68        -       0x00000050   Zero   RW          142    .bss                http_server.o
    0x20012db8        -       0x00000400   Zero   RW          143    .bss                http_server.o
    0x200131b8        -       0x00000038   Zero   RW          213    .bss                http_server_cgi.o
    0x200131f0        -       0x00000120   Zero   RW          255    .bss                stm32746g_discovery_sdram.o
    0x20013310        -       0x000000a8   Zero   RW          311    .bss                glcd_746g_discovery.o
    0x200133b8        -       0x0000000c   Zero   RW          908    .bss                phy_lan8742a.o
    0x200133c4        -       0x0000000c   Zero   RW          937    .bss                emac_stm32f7xx.o
    0x200133d0        -       0x0000001c   Zero   RW          979    .bss                i2c_stm32f7xx.o
    0x200133ec        -       0x00002ee0   Zero   RW         1471    .bss                net_config.o
    0x200162cc        -       0x000000c8   Zero   RW         1472    .bss                net_config.o
    0x20016394        -       0x00000018   Zero   RW         1473    .bss                net_config.o
    0x200163ac        -       0x000000a0   Zero   RW         1474    .bss                net_config.o
    0x2001644c        -       0x00000064   Zero   RW         1475    .bss                net_config.o
    0x200164b0        -       0x00000028   Zero   RW         1476    .bss                net_config.o
    0x200164d8        -       0x0000003c   Zero   RW         1477    .bss                net_config.o
    0x20016514        -       0x00000210   Zero   RW         1478    .bss                net_config.o
    0x20016724        -       0x00000150   Zero   RW         1479    .bss                net_config.o
    0x20016874        -       0x00000098   Zero   RW         1604    .bss                Net_Dbg_CM3_L.lib(net_eth.o)
    0x2001690c        -       0x00000018   Zero   RW         1692    .bss                Net_Dbg_CM3_L.lib(net_udp.o)
    0x20016924        -       0x0000003c   Zero   RW         1860    .bss                Net_Dbg_CM3_L.lib(net_dhcp_client.o)
    0x20016960        -       0x00000044   Zero   RW         1896    .bss                Net_Dbg_CM3_L.lib(net_dhcp6_client.o)
    0x200169a4        -       0x00000098   Zero   RW         1987    .bss                Net_Dbg_CM3_L.lib(net_http_server.o)
    0x20016a3c        -       0x00000028   Zero   RW         2089    .bss                Net_Dbg_CM3_L.lib(net_ping_core.o)
    0x20016a64        -       0x00000038   Zero   RW         2121    .bss                Net_Dbg_CM3_L.lib(net_sys.o)
    0x20016a9c        -       0x00000018   Zero   RW         2122    .bss                Net_Dbg_CM3_L.lib(net_sys.o)
    0x20016ab4        -       0x0000005c   Zero   RW         2177    .bss                Net_Dbg_CM3_L.lib(net_addr.o)
    0x20016b10        -       0x00000010   Zero   RW         2239    .bss                Net_Dbg_CM3_L.lib(net_arp.o)
    0x20016b20        -       0x0000003a   Zero   RW         2298    .bss                Net_Dbg_CM3_L.lib(net_ndp.o)
    0x20016b5a   COMPRESSED   0x00000002   PAD
    0x20016b5c        -       0x00000014   Zero   RW         2444    .bss                Net_Dbg_CM3_L.lib(net_mem.o)
    0x20016b70        -       0x00000400   Zero   RW         1431    STACK               startup_stm32f746xx.o



  Load Region LR$$.ARM.__AT_0x2000C000 (Base: 0x2000c000, Size: 0x00000000, Max: 0x000024c0, ABSOLUTE)

    Execution Region ER$$.ARM.__AT_0x2000C000 (Exec base: 0x2000c000, Load base: 0x2000c000, Size: 0x000024c0, Max: 0x000024c0, ABSOLUTE, UNINIT)

    Exec Addr    Load Addr    Size         Type   Attr      Idx    E Section Name        Object

    0x2000c000        -       0x000024c0   Zero   RW          936    .ARM.__AT_0x2000C000  emac_stm32f7xx.o



  Load Region LR$$.ARM.__AT_0xC0000000 (Base: 0xc0000000, Size: 0x00000000, Max: 0x0003fc00, ABSOLUTE)

    Execution Region ER$$.ARM.__AT_0xC0000000 (Exec base: 0xc0000000, Load base: 0xc0000000, Size: 0x0003fc00, Max: 0x0003fc00, ABSOLUTE, UNINIT)

    Exec Addr    Load Addr    Size         Type   Attr      Idx    E Section Name        Object

    0xc0000000        -       0x0003fc00   Zero   RW          310    .ARM.__AT_0xC0000000  glcd_746g_discovery.o


==============================================================================

Image component sizes


      Code (inc. data)   RO Data    RW Data    ZI Data      Debug   Object Name

       100          8          0          0          0       2100   buttons_746g_discovery.o
      2768        168        148          0       9420      54194   emac_stm32f7xx.o
      1452         40         24          0       1188      17808   eventrecorder.o
      1168         50          0          8     261288       7770   glcd_746g_discovery.o
         0          0       5392          0          0        868   glcd_fonts.o
       564        132         36         16       1104      15526   http_server.o
       508         20          0          4         56       7165   http_server_cgi.o
      4072        126        204          0         28      17154   i2c_stm32f7xx.o
       196         12          0          0          0        736   irq_cm4f.o
       176         12          8          0          0       2837   led_746g_discovery.o
       440         26          0          4          0     829798   main.o
       228         18        859       2296      13448      28838   net_config.o
       328          0          0          0          0        990   net_debug.o
       196         12          0          1          0       2036   os_systick.o
       456          8         36          0         12       6990   phy_lan8742a.o
         4          0          0          0          0        691   rtx_config.o
       236         14          0          0          0      20254   rtx_delay.o
      2384         94          0          0          0      45009   rtx_evr.o
      1720         98         11        164          0      27681   rtx_kernel.o
       144          0        260       4940          0       9991   rtx_lib.o
       292          0          0          0          0       3895   rtx_memory.o
      2000         48          0          0          0      15484   rtx_mempool.o
      2804         54          0          0          0      23876   rtx_msgqueue.o
      1300         32          0          0          0       9775   rtx_mutex.o
      1432         34          0          0          0      12136   rtx_semaphore.o
       664         18          0          0          0       8713   rtx_system.o
      4872        126          0          0          0      33205   rtx_thread.o
      1132         40          0          0          0       7569   rtx_timer.o
        36          8        456          0       1024        928   startup_stm32f746xx.o
       808         50          0          2        288       4696   stm32746g_discovery_sdram.o
       464         32          0         12          0      11037   stm32f7xx_hal.o
       664         10          0          0          0      42182   stm32f7xx_hal_cortex.o
      1824         28          8          0          0       7925   stm32f7xx_hal_dma.o
       852         52          0          0          0       4379   stm32f7xx_hal_gpio.o
      2884         18          0          0          0      15830   stm32f7xx_hal_ltdc.o
       716         12          0          0          0       4803   stm32f7xx_hal_pwr_ex.o
      2236         60          0          0          0       6787   stm32f7xx_hal_rcc.o
      2244         48          0          0          0       5414   stm32f7xx_hal_rcc_ex.o
       928          8          0          0          0       9097   stm32f7xx_hal_sdram.o
       900         16          0          0          0       7899   stm32f7xx_ll_fmc.o
       220         34         24          4          0       1993   system_stm32f7xx.o
       120         10     231362          0          0       1924   web.o

    ----------------------------------------------------------------------
     46532       1576     238872       7460     287856    1337983   Object Totals
         0          0         32          0          0          0   (incl. Generated)
         0          0         12          9          0          0   (incl. Padding)

    ----------------------------------------------------------------------

      Code (inc. data)   RO Data    RW Data    ZI Data      Debug   Library Member Name

      1332         78         22          0         92       1480   net_addr.o
      2722        212          0          2         16       1508   net_arp.o
       120          6        144          0          0         84   net_base64.o
       236          6          0          0          0        580   net_common.o
      2950        144         16          0         68        884   net_dhcp6_client.o
      3252        160          0          0         60        824   net_dhcp_client.o
      3232        214          0          0        152       1380   net_eth.o
      6490       1284        250         12        152       2484   net_http_server.o
       242         68         20          0          0        356   net_http_server_auth.o
         0          0        539          0          0          0   net_http_server_err.o
       548         36          0          0          0        168   net_icmp.o
       664         38          0          0          0        252   net_icmp6.o
      1418        112          4          8          0        984   net_ip4.o
       690         30          0          4          0        476   net_ip4_frag.o
      1038        108         48          8          0        748   net_ip6.o
       328         36          0          8          0        244   net_loopback.o
       564         60          0          0         20        568   net_mem.o
       460         38          8          1          0        180   net_nbns_client.o
      3548        238          0          2         58       1832   net_ndp.o
       184         34         18          0         40        220   net_ping_core.o
       816         92          0         12         80        808   net_sys.o
      6274        268          0          4          0       2204   net_tcp.o
      1290         70          0          2         24        684   net_udp.o
         0          0          4          0          0          0   net_version.o
        56          8          0          0          0         84   __0sscanf.o
        58          0          0          0          0          0   __dczerorl.o
        28          0          0          0          0         68   _chval.o
       812          4          0          0          0        112   _scanf.o
       332          0          0          0          0         96   _scanf_int.o
        64          0          0          0          0         84   _sgetc.o
       158          0          0          0          0         92   _strtoul.o
        26          0          0          0          0         80   atoi.o
         8          4        133          0          0         68   ctype_o.o
         0          0          0          0          0          0   entry.o
         0          0          0          0          0          0   entry10a.o
         0          0          0          0          0          0   entry11a.o
         8          4          0          0          0          0   entry2.o
         4          0          0          0          0          0   entry5.o
         0          0          0          0          0          0   entry7b.o
         0          0          0          0          0          0   entry8b.o
         8          4          0          0          0          0   entry9a.o
         8          4          0          4          0         68   errno.o
        30          0          0          0          0          0   handlers.o
        36          8          0          0          0         68   init.o
        18          0          0          0          0         76   isspace_o.o
        30          0          0          0          0         68   llshl.o
        32          0          0          0          0         68   llushr.o
        26          0          0          0          0         80   memcmp.o
        36          0          0          0          0         68   memcpya.o
        36          0          0          0          0        108   memseta.o
      1172         50          0          0          0        420   printf8.o
        40          8          0          0          0         84   scanf_char.o
        28          0          0          0          0         76   strcmp.o
        14          0          0          0          0         68   strlen.o
       112          0          0          0          0         88   strtol.o
        98          0          0          0          0         92   uldiv.o

    ----------------------------------------------------------------------
     41716       3426       1212         68        764      21064   Library Totals
        40          0          6          1          2          0   (incl. Padding)

    ----------------------------------------------------------------------

      Code (inc. data)   RO Data    RW Data    ZI Data      Debug   Library Name

     38398       3332       1073         63        762      18948   Net_Dbg_CM3_L.lib
      3278         94        133          4          0       2116   mc_w.l

    ----------------------------------------------------------------------
     41716       3426       1212         68        764      21064   Library Totals

    ----------------------------------------------------------------------

==============================================================================


      Code (inc. data)   RO Data    RW Data    ZI Data      Debug   

     88248       5002     240084       7528     288620    1338583   Grand Totals
     88248       5002     240084         88     288620    1338583   ELF Image Totals (compressed)
     88248       5002     240084         88          0          0   ROM Totals

==============================================================================

    Total RO  Size (Code + RO Data)               328332 ( 320.64kB)
    Total RW  Size (RW Data + ZI Data)            296148 ( 289.21kB)
    Total ROM Size (Code + RO Data + RW Data)     328420 ( 320.72kB)

==============================================================================

