<!doctype html public "-//w3c//dtd html 4.0 transitional//en">
<html><head>
<title>Static Call Graph - [.\Debug\HTTP_Server.axf]</title></head>
<body><HR>
<H1>Static Call Graph for image .\Debug\HTTP_Server.axf</H1><HR>
<BR><P>#&#060CALLGRAPH&#062# ARM Linker, 5060750: Last Updated: Tue May 12 14:57:58 2020
<BR><P>
<H3>Maximum Stack Usage =        416 bytes + Unknown(Cycles, Untraceable Function Pointers)</H3><H3>
Call chain for Maximum Stack Depth:</H3>
Display &rArr; GLCD_Initialize &rArr; BSP_SDRAM_Init &rArr; BSP_SDRAM_MspInit &rArr; HAL_DMA_Init &rArr; HAL_GetTick &rArr; osKernelGetTickCount &rArr; svcRtxKernelGetTickCount &rArr; EvrRtxKernelGetTickCount &rArr; EventRecord2 &rArr; EventRecordItem
<P>
<H3>
Mutually Recursive functions
</H3> <LI><a href="#[11a]">Error_Handler</a>&nbsp;&nbsp;&nbsp;&rArr;&nbsp;&nbsp;&nbsp;<a href="#[11a]">Error_Handler</a><BR>
 <LI><a href="#[33d]">net_sys_error</a>&nbsp;&nbsp;&nbsp;&rArr;&nbsp;&nbsp;&nbsp;<a href="#[33d]">net_sys_error</a><BR>
 <LI><a href="#[28e]">osRtxErrorNotify</a>&nbsp;&nbsp;&nbsp;&rArr;&nbsp;&nbsp;&nbsp;<a href="#[28e]">osRtxErrorNotify</a><BR>
 <LI><a href="#[a2]">osRtxIdleThread</a>&nbsp;&nbsp;&nbsp;&rArr;&nbsp;&nbsp;&nbsp;<a href="#[a2]">osRtxIdleThread</a><BR>
 <LI><a href="#[1]">NMI_Handler</a>&nbsp;&nbsp;&nbsp;&rArr;&nbsp;&nbsp;&nbsp;<a href="#[1]">NMI_Handler</a><BR>
 <LI><a href="#[2]">HardFault_Handler</a>&nbsp;&nbsp;&nbsp;&rArr;&nbsp;&nbsp;&nbsp;<a href="#[2]">HardFault_Handler</a><BR>
 <LI><a href="#[3]">MemManage_Handler</a>&nbsp;&nbsp;&nbsp;&rArr;&nbsp;&nbsp;&nbsp;<a href="#[3]">MemManage_Handler</a><BR>
 <LI><a href="#[4]">BusFault_Handler</a>&nbsp;&nbsp;&nbsp;&rArr;&nbsp;&nbsp;&nbsp;<a href="#[4]">BusFault_Handler</a><BR>
 <LI><a href="#[5]">UsageFault_Handler</a>&nbsp;&nbsp;&nbsp;&rArr;&nbsp;&nbsp;&nbsp;<a href="#[5]">UsageFault_Handler</a><BR>
 <LI><a href="#[7]">DebugMon_Handler</a>&nbsp;&nbsp;&nbsp;&rArr;&nbsp;&nbsp;&nbsp;<a href="#[7]">DebugMon_Handler</a><BR>
 <LI><a href="#[1c]">ADC_IRQHandler</a>&nbsp;&nbsp;&nbsp;&rArr;&nbsp;&nbsp;&nbsp;<a href="#[1c]">ADC_IRQHandler</a><BR>
 <LI><a href="#[112]">__asm___13_rtx_mempool_c_7914b4c7__atomic_link_put</a>&nbsp;&nbsp;&nbsp;&rArr;&nbsp;&nbsp;&nbsp;<a href="#[112]">__asm___13_rtx_mempool_c_7914b4c7__atomic_link_put</a><BR>
</UL>
<P>
<H3>
Function Pointers
</H3><UL>
 <LI><a href="#[1c]">ADC_IRQHandler</a> from startup_stm32f746xx.o(.text) referenced from startup_stm32f746xx.o(RESET)
 <LI><a href="#[6d]">BlinkLed</a> from http_server.o(.text) referenced from http_server.o(.text)
 <LI><a href="#[4]">BusFault_Handler</a> from startup_stm32f746xx.o(.text) referenced from startup_stm32f746xx.o(RESET)
 <LI><a href="#[1e]">CAN1_RX0_IRQHandler</a> from startup_stm32f746xx.o(.text) referenced from startup_stm32f746xx.o(RESET)
 <LI><a href="#[1f]">CAN1_RX1_IRQHandler</a> from startup_stm32f746xx.o(.text) referenced from startup_stm32f746xx.o(RESET)
 <LI><a href="#[20]">CAN1_SCE_IRQHandler</a> from startup_stm32f746xx.o(.text) referenced from startup_stm32f746xx.o(RESET)
 <LI><a href="#[1d]">CAN1_TX_IRQHandler</a> from startup_stm32f746xx.o(.text) referenced from startup_stm32f746xx.o(RESET)
 <LI><a href="#[4a]">CAN2_RX0_IRQHandler</a> from startup_stm32f746xx.o(.text) referenced from startup_stm32f746xx.o(RESET)
 <LI><a href="#[4b]">CAN2_RX1_IRQHandler</a> from startup_stm32f746xx.o(.text) referenced from startup_stm32f746xx.o(RESET)
 <LI><a href="#[4c]">CAN2_SCE_IRQHandler</a> from startup_stm32f746xx.o(.text) referenced from startup_stm32f746xx.o(RESET)
 <LI><a href="#[49]">CAN2_TX_IRQHandler</a> from startup_stm32f746xx.o(.text) referenced from startup_stm32f746xx.o(RESET)
 <LI><a href="#[67]">CEC_IRQHandler</a> from startup_stm32f746xx.o(.text) referenced from startup_stm32f746xx.o(RESET)
 <LI><a href="#[e6]">Control</a> from emac_stm32f7xx.o(.text) referenced from emac_stm32f7xx.o(.constdata)
 <LI><a href="#[e5]">ControlTimer</a> from emac_stm32f7xx.o(.text) referenced from emac_stm32f7xx.o(.constdata)
 <LI><a href="#[58]">DCMI_IRQHandler</a> from startup_stm32f746xx.o(.text) referenced from startup_stm32f746xx.o(RESET)
 <LI><a href="#[15]">DMA1_Stream0_IRQHandler</a> from startup_stm32f746xx.o(.text) referenced from startup_stm32f746xx.o(RESET)
 <LI><a href="#[16]">DMA1_Stream1_IRQHandler</a> from startup_stm32f746xx.o(.text) referenced from startup_stm32f746xx.o(RESET)
 <LI><a href="#[17]">DMA1_Stream2_IRQHandler</a> from startup_stm32f746xx.o(.text) referenced from startup_stm32f746xx.o(RESET)
 <LI><a href="#[18]">DMA1_Stream3_IRQHandler</a> from startup_stm32f746xx.o(.text) referenced from startup_stm32f746xx.o(RESET)
 <LI><a href="#[19]">DMA1_Stream4_IRQHandler</a> from startup_stm32f746xx.o(.text) referenced from startup_stm32f746xx.o(RESET)
 <LI><a href="#[1a]">DMA1_Stream5_IRQHandler</a> from startup_stm32f746xx.o(.text) referenced from startup_stm32f746xx.o(RESET)
 <LI><a href="#[1b]">DMA1_Stream6_IRQHandler</a> from startup_stm32f746xx.o(.text) referenced from startup_stm32f746xx.o(RESET)
 <LI><a href="#[39]">DMA1_Stream7_IRQHandler</a> from startup_stm32f746xx.o(.text) referenced from startup_stm32f746xx.o(RESET)
 <LI><a href="#[63]">DMA2D_IRQHandler</a> from startup_stm32f746xx.o(.text) referenced from startup_stm32f746xx.o(RESET)
 <LI><a href="#[42]">DMA2_Stream0_IRQHandler</a> from startup_stm32f746xx.o(.text) referenced from startup_stm32f746xx.o(RESET)
 <LI><a href="#[43]">DMA2_Stream1_IRQHandler</a> from startup_stm32f746xx.o(.text) referenced from startup_stm32f746xx.o(RESET)
 <LI><a href="#[44]">DMA2_Stream2_IRQHandler</a> from startup_stm32f746xx.o(.text) referenced from startup_stm32f746xx.o(RESET)
 <LI><a href="#[45]">DMA2_Stream3_IRQHandler</a> from startup_stm32f746xx.o(.text) referenced from startup_stm32f746xx.o(RESET)
 <LI><a href="#[46]">DMA2_Stream4_IRQHandler</a> from startup_stm32f746xx.o(.text) referenced from startup_stm32f746xx.o(RESET)
 <LI><a href="#[4e]">DMA2_Stream5_IRQHandler</a> from startup_stm32f746xx.o(.text) referenced from startup_stm32f746xx.o(RESET)
 <LI><a href="#[4f]">DMA2_Stream6_IRQHandler</a> from startup_stm32f746xx.o(.text) referenced from startup_stm32f746xx.o(RESET)
 <LI><a href="#[50]">DMA2_Stream7_IRQHandler</a> from startup_stm32f746xx.o(.text) referenced from startup_stm32f746xx.o(RESET)
 <LI><a href="#[7]">DebugMon_Handler</a> from startup_stm32f746xx.o(.text) referenced from startup_stm32f746xx.o(RESET)
 <LI><a href="#[6e]">Display</a> from http_server.o(.text) referenced from http_server.o(.text)
 <LI><a href="#[47]">ETH_IRQHandler</a> from emac_stm32f7xx.o(.text) referenced from startup_stm32f746xx.o(RESET)
 <LI><a href="#[48]">ETH_WKUP_IRQHandler</a> from startup_stm32f746xx.o(.text) referenced from startup_stm32f746xx.o(RESET)
 <LI><a href="#[10]">EXTI0_IRQHandler</a> from startup_stm32f746xx.o(.text) referenced from startup_stm32f746xx.o(RESET)
 <LI><a href="#[32]">EXTI15_10_IRQHandler</a> from startup_stm32f746xx.o(.text) referenced from startup_stm32f746xx.o(RESET)
 <LI><a href="#[11]">EXTI1_IRQHandler</a> from startup_stm32f746xx.o(.text) referenced from startup_stm32f746xx.o(RESET)
 <LI><a href="#[12]">EXTI2_IRQHandler</a> from startup_stm32f746xx.o(.text) referenced from startup_stm32f746xx.o(RESET)
 <LI><a href="#[13]">EXTI3_IRQHandler</a> from startup_stm32f746xx.o(.text) referenced from startup_stm32f746xx.o(RESET)
 <LI><a href="#[14]">EXTI4_IRQHandler</a> from startup_stm32f746xx.o(.text) referenced from startup_stm32f746xx.o(RESET)
 <LI><a href="#[21]">EXTI9_5_IRQHandler</a> from startup_stm32f746xx.o(.text) referenced from startup_stm32f746xx.o(RESET)
 <LI><a href="#[e]">FLASH_IRQHandler</a> from startup_stm32f746xx.o(.text) referenced from startup_stm32f746xx.o(RESET)
 <LI><a href="#[3a]">FMC_IRQHandler</a> from startup_stm32f746xx.o(.text) referenced from startup_stm32f746xx.o(RESET)
 <LI><a href="#[5a]">FPU_IRQHandler</a> from startup_stm32f746xx.o(.text) referenced from startup_stm32f746xx.o(RESET)
 <LI><a href="#[d9]">GetCapabilities</a> from emac_stm32f7xx.o(.text) referenced from emac_stm32f7xx.o(.constdata)
 <LI><a href="#[d7]">GetLinkInfo</a> from phy_lan8742a.o(.text) referenced from phy_lan8742a.o(.constdata)
 <LI><a href="#[d6]">GetLinkState</a> from phy_lan8742a.o(.text) referenced from phy_lan8742a.o(.constdata)
 <LI><a href="#[dd]">GetMacAddress</a> from emac_stm32f7xx.o(.text) referenced from emac_stm32f7xx.o(.constdata)
 <LI><a href="#[e2]">GetRxFrameSize</a> from emac_stm32f7xx.o(.text) referenced from emac_stm32f7xx.o(.constdata)
 <LI><a href="#[e3]">GetRxFrameTime</a> from emac_stm32f7xx.o(.text) referenced from emac_stm32f7xx.o(.constdata)
 <LI><a href="#[e4]">GetTxFrameTime</a> from emac_stm32f7xx.o(.text) referenced from emac_stm32f7xx.o(.constdata)
 <LI><a href="#[d0]">GetVersion</a> from phy_lan8742a.o(.text) referenced 2 times from phy_lan8742a.o(.constdata)
 <LI><a href="#[bf]">HAL_SDRAM_DMA_XferCpltCallback</a> from stm32f7xx_hal_sdram.o(.text) referenced from stm32f7xx_hal_sdram.o(.text)
 <LI><a href="#[c0]">HAL_SDRAM_DMA_XferErrorCallback</a> from stm32f7xx_hal_sdram.o(.text) referenced from stm32f7xx_hal_sdram.o(.text)
 <LI><a href="#[2]">HardFault_Handler</a> from startup_stm32f746xx.o(.text) referenced from startup_stm32f746xx.o(RESET)
 <LI><a href="#[2a]">I2C1_ER_IRQHandler</a> from startup_stm32f746xx.o(.text) referenced from startup_stm32f746xx.o(RESET)
 <LI><a href="#[29]">I2C1_EV_IRQHandler</a> from startup_stm32f746xx.o(.text) referenced from startup_stm32f746xx.o(RESET)
 <LI><a href="#[f3]">I2C2_Control</a> from i2c_stm32f7xx.o(.text) referenced from i2c_stm32f7xx.o(.constdata)
 <LI><a href="#[2c]">I2C2_ER_IRQHandler</a> from i2c_stm32f7xx.o(.text) referenced from startup_stm32f746xx.o(RESET)
 <LI><a href="#[2b]">I2C2_EV_IRQHandler</a> from i2c_stm32f7xx.o(.text) referenced from startup_stm32f746xx.o(RESET)
 <LI><a href="#[f2]">I2C2_GetDataCount</a> from i2c_stm32f7xx.o(.text) referenced from i2c_stm32f7xx.o(.constdata)
 <LI><a href="#[f4]">I2C2_GetStatus</a> from i2c_stm32f7xx.o(.text) referenced from i2c_stm32f7xx.o(.constdata)
 <LI><a href="#[eb]">I2C2_Initialize</a> from i2c_stm32f7xx.o(.text) referenced from i2c_stm32f7xx.o(.constdata)
 <LI><a href="#[ef]">I2C2_MasterReceive</a> from i2c_stm32f7xx.o(.text) referenced from i2c_stm32f7xx.o(.constdata)
 <LI><a href="#[ee]">I2C2_MasterTransmit</a> from i2c_stm32f7xx.o(.text) referenced from i2c_stm32f7xx.o(.constdata)
 <LI><a href="#[ed]">I2C2_PowerControl</a> from i2c_stm32f7xx.o(.text) referenced from i2c_stm32f7xx.o(.constdata)
 <LI><a href="#[f1]">I2C2_SlaveReceive</a> from i2c_stm32f7xx.o(.text) referenced from i2c_stm32f7xx.o(.constdata)
 <LI><a href="#[f0]">I2C2_SlaveTransmit</a> from i2c_stm32f7xx.o(.text) referenced from i2c_stm32f7xx.o(.constdata)
 <LI><a href="#[ec]">I2C2_Uninitialize</a> from i2c_stm32f7xx.o(.text) referenced from i2c_stm32f7xx.o(.constdata)
 <LI><a href="#[53]">I2C3_ER_IRQHandler</a> from startup_stm32f746xx.o(.text) referenced from startup_stm32f746xx.o(RESET)
 <LI><a href="#[52]">I2C3_EV_IRQHandler</a> from startup_stm32f746xx.o(.text) referenced from startup_stm32f746xx.o(RESET)
 <LI><a href="#[69]">I2C4_ER_IRQHandler</a> from startup_stm32f746xx.o(.text) referenced from startup_stm32f746xx.o(RESET)
 <LI><a href="#[68]">I2C4_EV_IRQHandler</a> from startup_stm32f746xx.o(.text) referenced from startup_stm32f746xx.o(RESET)
 <LI><a href="#[ea]">I2CX_GetCapabilities</a> from i2c_stm32f7xx.o(.text) referenced from i2c_stm32f7xx.o(.constdata)
 <LI><a href="#[e9]">I2CX_GetVersion</a> from i2c_stm32f7xx.o(.text) referenced from i2c_stm32f7xx.o(.constdata)
 <LI><a href="#[d1]">Initialize</a> from phy_lan8742a.o(.text) referenced 2 times from phy_lan8742a.o(.constdata)
 <LI><a href="#[66]">LPTIM1_IRQHandler</a> from startup_stm32f746xx.o(.text) referenced from startup_stm32f746xx.o(RESET)
 <LI><a href="#[62]">LTDC_ER_IRQHandler</a> from startup_stm32f746xx.o(.text) referenced from startup_stm32f746xx.o(RESET)
 <LI><a href="#[61]">LTDC_IRQHandler</a> from startup_stm32f746xx.o(.text) referenced from startup_stm32f746xx.o(RESET)
 <LI><a href="#[3]">MemManage_Handler</a> from startup_stm32f746xx.o(.text) referenced from startup_stm32f746xx.o(RESET)
 <LI><a href="#[1]">NMI_Handler</a> from startup_stm32f746xx.o(.text) referenced from startup_stm32f746xx.o(RESET)
 <LI><a href="#[4d]">OTG_FS_IRQHandler</a> from startup_stm32f746xx.o(.text) referenced from startup_stm32f746xx.o(RESET)
 <LI><a href="#[34]">OTG_FS_WKUP_IRQHandler</a> from startup_stm32f746xx.o(.text) referenced from startup_stm32f746xx.o(RESET)
 <LI><a href="#[55]">OTG_HS_EP1_IN_IRQHandler</a> from startup_stm32f746xx.o(.text) referenced from startup_stm32f746xx.o(RESET)
 <LI><a href="#[54]">OTG_HS_EP1_OUT_IRQHandler</a> from startup_stm32f746xx.o(.text) referenced from startup_stm32f746xx.o(RESET)
 <LI><a href="#[57]">OTG_HS_IRQHandler</a> from startup_stm32f746xx.o(.text) referenced from startup_stm32f746xx.o(RESET)
 <LI><a href="#[56]">OTG_HS_WKUP_IRQHandler</a> from startup_stm32f746xx.o(.text) referenced from startup_stm32f746xx.o(RESET)
 <LI><a href="#[e7]">PHY_Read</a> from emac_stm32f7xx.o(.text) referenced from emac_stm32f7xx.o(.constdata)
 <LI><a href="#[e8]">PHY_Write</a> from emac_stm32f7xx.o(.text) referenced from emac_stm32f7xx.o(.constdata)
 <LI><a href="#[b]">PVD_IRQHandler</a> from startup_stm32f746xx.o(.text) referenced from startup_stm32f746xx.o(RESET)
 <LI><a href="#[8]">PendSV_Handler</a> from irq_cm4f.o(.text) referenced from startup_stm32f746xx.o(RESET)
 <LI><a href="#[d3]">PowerControl</a> from phy_lan8742a.o(.text) referenced 2 times from phy_lan8742a.o(.constdata)
 <LI><a href="#[65]">QUADSPI_IRQHandler</a> from startup_stm32f746xx.o(.text) referenced from startup_stm32f746xx.o(RESET)
 <LI><a href="#[f]">RCC_IRQHandler</a> from startup_stm32f746xx.o(.text) referenced from startup_stm32f746xx.o(RESET)
 <LI><a href="#[59]">RNG_IRQHandler</a> from startup_stm32f746xx.o(.text) referenced from startup_stm32f746xx.o(RESET)
 <LI><a href="#[33]">RTC_Alarm_IRQHandler</a> from startup_stm32f746xx.o(.text) referenced from startup_stm32f746xx.o(RESET)
 <LI><a href="#[d]">RTC_WKUP_IRQHandler</a> from startup_stm32f746xx.o(.text) referenced from startup_stm32f746xx.o(RESET)
 <LI><a href="#[e1]">ReadFrame</a> from emac_stm32f7xx.o(.text) referenced from emac_stm32f7xx.o(.constdata)
 <LI><a href="#[0]">Reset_Handler</a> from startup_stm32f746xx.o(.text) referenced from startup_stm32f746xx.o(RESET)
 <LI><a href="#[60]">SAI1_IRQHandler</a> from startup_stm32f746xx.o(.text) referenced from startup_stm32f746xx.o(RESET)
 <LI><a href="#[64]">SAI2_IRQHandler</a> from startup_stm32f746xx.o(.text) referenced from startup_stm32f746xx.o(RESET)
 <LI><a href="#[3b]">SDMMC1_IRQHandler</a> from startup_stm32f746xx.o(.text) referenced from startup_stm32f746xx.o(RESET)
 <LI><a href="#[6a]">SPDIF_RX_IRQHandler</a> from startup_stm32f746xx.o(.text) referenced from startup_stm32f746xx.o(RESET)
 <LI><a href="#[2d]">SPI1_IRQHandler</a> from startup_stm32f746xx.o(.text) referenced from startup_stm32f746xx.o(RESET)
 <LI><a href="#[2e]">SPI2_IRQHandler</a> from startup_stm32f746xx.o(.text) referenced from startup_stm32f746xx.o(RESET)
 <LI><a href="#[3d]">SPI3_IRQHandler</a> from startup_stm32f746xx.o(.text) referenced from startup_stm32f746xx.o(RESET)
 <LI><a href="#[5d]">SPI4_IRQHandler</a> from startup_stm32f746xx.o(.text) referenced from startup_stm32f746xx.o(RESET)
 <LI><a href="#[5e]">SPI5_IRQHandler</a> from startup_stm32f746xx.o(.text) referenced from startup_stm32f746xx.o(RESET)
 <LI><a href="#[5f]">SPI6_IRQHandler</a> from startup_stm32f746xx.o(.text) referenced from startup_stm32f746xx.o(RESET)
 <LI><a href="#[6]">SVC_Handler</a> from irq_cm4f.o(.text) referenced from startup_stm32f746xx.o(RESET)
 <LI><a href="#[e0]">SendFrame</a> from emac_stm32f7xx.o(.text) referenced from emac_stm32f7xx.o(.constdata)
 <LI><a href="#[df]">SetAddressFilter</a> from emac_stm32f7xx.o(.text) referenced from emac_stm32f7xx.o(.constdata)
 <LI><a href="#[d4]">SetInterface</a> from phy_lan8742a.o(.text) referenced from phy_lan8742a.o(.constdata)
 <LI><a href="#[de]">SetMacAddress</a> from emac_stm32f7xx.o(.text) referenced from emac_stm32f7xx.o(.constdata)
 <LI><a href="#[d5]">SetMode</a> from phy_lan8742a.o(.text) referenced from phy_lan8742a.o(.constdata)
 <LI><a href="#[9]">SysTick_Handler</a> from irq_cm4f.o(.text) referenced from rtx_kernel.o(.text)
 <LI><a href="#[9]">SysTick_Handler</a> from irq_cm4f.o(.text) referenced from startup_stm32f746xx.o(RESET)
 <LI><a href="#[c1]">SystemInit</a> from system_stm32f7xx.o(.text) referenced from startup_stm32f746xx.o(.text)
 <LI><a href="#[c]">TAMP_STAMP_IRQHandler</a> from startup_stm32f746xx.o(.text) referenced from startup_stm32f746xx.o(RESET)
 <LI><a href="#[22]">TIM1_BRK_TIM9_IRQHandler</a> from startup_stm32f746xx.o(.text) referenced from startup_stm32f746xx.o(RESET)
 <LI><a href="#[25]">TIM1_CC_IRQHandler</a> from startup_stm32f746xx.o(.text) referenced from startup_stm32f746xx.o(RESET)
 <LI><a href="#[24]">TIM1_TRG_COM_TIM11_IRQHandler</a> from startup_stm32f746xx.o(.text) referenced from startup_stm32f746xx.o(RESET)
 <LI><a href="#[23]">TIM1_UP_TIM10_IRQHandler</a> from startup_stm32f746xx.o(.text) referenced from startup_stm32f746xx.o(RESET)
 <LI><a href="#[26]">TIM2_IRQHandler</a> from startup_stm32f746xx.o(.text) referenced from startup_stm32f746xx.o(RESET)
 <LI><a href="#[27]">TIM3_IRQHandler</a> from startup_stm32f746xx.o(.text) referenced from startup_stm32f746xx.o(RESET)
 <LI><a href="#[28]">TIM4_IRQHandler</a> from startup_stm32f746xx.o(.text) referenced from startup_stm32f746xx.o(RESET)
 <LI><a href="#[3c]">TIM5_IRQHandler</a> from startup_stm32f746xx.o(.text) referenced from startup_stm32f746xx.o(RESET)
 <LI><a href="#[40]">TIM6_DAC_IRQHandler</a> from startup_stm32f746xx.o(.text) referenced from startup_stm32f746xx.o(RESET)
 <LI><a href="#[41]">TIM7_IRQHandler</a> from startup_stm32f746xx.o(.text) referenced from startup_stm32f746xx.o(RESET)
 <LI><a href="#[35]">TIM8_BRK_TIM12_IRQHandler</a> from startup_stm32f746xx.o(.text) referenced from startup_stm32f746xx.o(RESET)
 <LI><a href="#[38]">TIM8_CC_IRQHandler</a> from startup_stm32f746xx.o(.text) referenced from startup_stm32f746xx.o(RESET)
 <LI><a href="#[37]">TIM8_TRG_COM_TIM14_IRQHandler</a> from startup_stm32f746xx.o(.text) referenced from startup_stm32f746xx.o(RESET)
 <LI><a href="#[36]">TIM8_UP_TIM13_IRQHandler</a> from startup_stm32f746xx.o(.text) referenced from startup_stm32f746xx.o(RESET)
 <LI><a href="#[3e]">UART4_IRQHandler</a> from startup_stm32f746xx.o(.text) referenced from startup_stm32f746xx.o(RESET)
 <LI><a href="#[3f]">UART5_IRQHandler</a> from startup_stm32f746xx.o(.text) referenced from startup_stm32f746xx.o(RESET)
 <LI><a href="#[5b]">UART7_IRQHandler</a> from startup_stm32f746xx.o(.text) referenced from startup_stm32f746xx.o(RESET)
 <LI><a href="#[5c]">UART8_IRQHandler</a> from startup_stm32f746xx.o(.text) referenced from startup_stm32f746xx.o(RESET)
 <LI><a href="#[2f]">USART1_IRQHandler</a> from startup_stm32f746xx.o(.text) referenced from startup_stm32f746xx.o(RESET)
 <LI><a href="#[30]">USART2_IRQHandler</a> from startup_stm32f746xx.o(.text) referenced from startup_stm32f746xx.o(RESET)
 <LI><a href="#[31]">USART3_IRQHandler</a> from startup_stm32f746xx.o(.text) referenced from startup_stm32f746xx.o(RESET)
 <LI><a href="#[51]">USART6_IRQHandler</a> from startup_stm32f746xx.o(.text) referenced from startup_stm32f746xx.o(RESET)
 <LI><a href="#[d2]">Uninitialize</a> from phy_lan8742a.o(.text) referenced 2 times from phy_lan8742a.o(.constdata)
 <LI><a href="#[5]">UsageFault_Handler</a> from startup_stm32f746xx.o(.text) referenced from startup_stm32f746xx.o(RESET)
 <LI><a href="#[a]">WWDG_IRQHandler</a> from startup_stm32f746xx.o(.text) referenced from startup_stm32f746xx.o(RESET)
 <LI><a href="#[c2]">__main</a> from entry.o(.ARM.Collect$$$$00000000) referenced from startup_stm32f746xx.o(.text)
 <LI><a href="#[c7]">_sbackspace</a> from _sgetc.o(.text) referenced from __0sscanf.o(.text)
 <LI><a href="#[c8]">_scanf_char_input</a> from scanf_char.o(.text) referenced from scanf_char.o(.text)
 <LI><a href="#[c6]">_sgetc</a> from _sgetc.o(.text) referenced from __0sscanf.o(.text)
 <LI><a href="#[ca]">_sputc</a> from printf8.o(i._sputc) referenced from printf8.o(i.__0sprintf$8)
 <LI><a href="#[6c]">app_main</a> from http_server.o(.text) referenced from main.o(.text)
 <LI><a href="#[cb]">dhcp6_listener</a> from net_dhcp6_client.o(i.dhcp6_listener) referenced from net_dhcp6_client.o(i.net_dhcp6_client_init)
 <LI><a href="#[cc]">dhcp_listener</a> from net_dhcp_client.o(i.dhcp_listener) referenced from net_dhcp_client.o(i.net_dhcp_client_init)
 <LI><a href="#[cd]">eth_notify</a> from net_eth.o(i.eth_notify) referenced from net_eth.o(i.net_eth_iface_init)
 <LI><a href="#[10e]">http_auth_basic_add</a> from net_http_server_auth.o(i.http_auth_basic_add) referenced from net_http_server_auth.o(.constdata)
 <LI><a href="#[10f]">http_auth_basic_parse</a> from net_http_server_auth.o(i.http_auth_basic_parse) referenced from net_http_server_auth.o(.constdata)
 <LI><a href="#[10d]">http_auth_dummy</a> from net_http_server_auth.o(i.http_auth_dummy) referenced 2 times from net_http_server_auth.o(.constdata)
 <LI><a href="#[10c]">http_auth_init</a> from net_http_server_auth.o(i.http_auth_init) referenced from net_http_server_auth.o(.constdata)
 <LI><a href="#[ce]">http_listener</a> from net_http_server.o(i.http_listener) referenced from net_http_server.o(i.net_http_server_init)
 <LI><a href="#[c9]">isspace</a> from isspace_o.o(.text) referenced from scanf_char.o(.text)
 <LI><a href="#[6b]">main</a> from main.o(.text) referenced from entry9a.o(.ARM.Collect$$$$0000000B)
 <LI><a href="#[cf]">nbns_listener</a> from net_nbns_client.o(i.nbns_listener) referenced from net_nbns_client.o(i.net_nbns_client_init)
 <LI><a href="#[c3]">netCore_Thread</a> from net_sys.o(i.netCore_Thread) referenced from net_config.o(.text)
 <LI><a href="#[c5]">netETH_Thread</a> from net_eth.o(i.netETH_Thread) referenced from net_config.o(.text)
 <LI><a href="#[100]">net_dhcp6_client_init</a> from net_dhcp6_client.o(i.net_dhcp6_client_init) referenced from net_config.o(.constdata)
 <LI><a href="#[108]">net_dhcp6_client_run</a> from net_dhcp6_client.o(i.net_dhcp6_client_run) referenced from net_config.o(.constdata)
 <LI><a href="#[ff]">net_dhcp_client_init</a> from net_dhcp_client.o(i.net_dhcp_client_init) referenced from net_config.o(.constdata)
 <LI><a href="#[107]">net_dhcp_client_run</a> from net_dhcp_client.o(i.net_dhcp_client_run) referenced from net_config.o(.constdata)
 <LI><a href="#[109]">net_eth_get_option</a> from net_eth.o(i.net_eth_get_option) referenced from net_config.o(.constdata)
 <LI><a href="#[f7]">net_eth_iface_init</a> from net_eth.o(i.net_eth_iface_init) referenced from net_config.o(.constdata)
 <LI><a href="#[101]">net_eth_iface_run</a> from net_eth.o(i.net_eth_iface_run) referenced from net_config.o(.constdata)
 <LI><a href="#[f6]">net_eth_output</a> from net_eth.o(i.net_eth_output) referenced from net_config.o(.constdata)
 <LI><a href="#[10b]">net_eth_send_frame</a> from net_eth.o(i.net_eth_send_frame) referenced from net_config.o(.constdata)
 <LI><a href="#[10a]">net_eth_set_option</a> from net_eth.o(i.net_eth_set_option) referenced from net_config.o(.constdata)
 <LI><a href="#[f5]">net_eth_update_filter</a> from net_eth.o(i.net_eth_update_filter) referenced from net_config.o(.constdata)
 <LI><a href="#[fd]">net_http_server_init</a> from net_http_server.o(i.net_http_server_init) referenced from net_config.o(.constdata)
 <LI><a href="#[106]">net_http_server_run</a> from net_http_server.o(i.net_http_server_run) referenced from net_config.o(.constdata)
 <LI><a href="#[f9]">net_ip4_frag_init</a> from net_ip4_frag.o(i.net_ip4_frag_init) referenced from net_config.o(.constdata)
 <LI><a href="#[103]">net_ip4_frag_run</a> from net_ip4_frag.o(i.net_ip4_frag_run) referenced from net_config.o(.constdata)
 <LI><a href="#[f8]">net_loop_iface_init</a> from net_loopback.o(i.net_loop_iface_init) referenced from net_config.o(.constdata)
 <LI><a href="#[102]">net_loop_iface_run</a> from net_loopback.o(i.net_loop_iface_run) referenced from net_config.o(.constdata)
 <LI><a href="#[fe]">net_nbns_client_init</a> from net_nbns_client.o(i.net_nbns_client_init) referenced from net_config.o(.constdata)
 <LI><a href="#[fa]">net_ping_client_init</a> from net_ping_core.o(i.net_ping_client_init) referenced from net_config.o(.constdata)
 <LI><a href="#[104]">net_ping_client_run</a> from net_ping_core.o(i.net_ping_client_run) referenced from net_config.o(.constdata)
 <LI><a href="#[c4]">net_sys_tick</a> from net_sys.o(i.net_sys_tick) referenced from net_config.o(.text)
 <LI><a href="#[fc]">net_tcp_socket_init</a> from net_tcp.o(i.net_tcp_socket_init) referenced from net_config.o(.constdata)
 <LI><a href="#[105]">net_tcp_socket_run</a> from net_tcp.o(i.net_tcp_socket_run) referenced from net_config.o(.constdata)
 <LI><a href="#[fb]">net_udp_socket_init</a> from net_udp.o(i.net_udp_socket_init) referenced from net_config.o(.constdata)
 <LI><a href="#[a2]">osRtxIdleThread</a> from rtx_config.o(.text) referenced from rtx_thread.o(.text)
 <LI><a href="#[7e]">osRtxMemoryPoolPostProcess</a> from rtx_mempool.o(.text) referenced from rtx_mempool.o(.text)
 <LI><a href="#[88]">osRtxMessageQueuePostProcess</a> from rtx_msgqueue.o(.text) referenced from rtx_msgqueue.o(.text)
 <LI><a href="#[99]">osRtxSemaphorePostProcess</a> from rtx_semaphore.o(.text) referenced from rtx_semaphore.o(.text)
 <LI><a href="#[a1]">osRtxThreadPostProcess</a> from rtx_thread.o(.text) referenced from rtx_thread.o(.text)
 <LI><a href="#[a3]">osRtxTimerThread</a> from rtx_timer.o(.text) referenced from rtx_thread.o(.text)
 <LI><a href="#[b8]">osRtxTimerTick</a> from rtx_timer.o(.text) referenced from rtx_timer.o(.text)
 <LI><a href="#[13e]">osThreadExit</a> from rtx_thread.o(.text) referenced from rtx_thread.o(.text)
 <LI><a href="#[6f]">svcRtxDelay</a> from rtx_delay.o(.text) referenced from rtx_delay.o(.text)
 <LI><a href="#[70]">svcRtxDelayUntil</a> from rtx_delay.o(.text) referenced from rtx_delay.o(.text)
 <LI><a href="#[72]">svcRtxKernelGetInfo</a> from rtx_kernel.o(.text) referenced from rtx_kernel.o(.text)
 <LI><a href="#[73]">svcRtxKernelGetState</a> from rtx_kernel.o(.text) referenced from rtx_kernel.o(.text)
 <LI><a href="#[7c]">svcRtxKernelGetSysTimerCount</a> from rtx_kernel.o(.text) referenced from rtx_kernel.o(.text)
 <LI><a href="#[7d]">svcRtxKernelGetSysTimerFreq</a> from rtx_kernel.o(.text) referenced from rtx_kernel.o(.text)
 <LI><a href="#[7a]">svcRtxKernelGetTickCount</a> from rtx_kernel.o(.text) referenced from rtx_kernel.o(.text)
 <LI><a href="#[7b]">svcRtxKernelGetTickFreq</a> from rtx_kernel.o(.text) referenced from rtx_kernel.o(.text)
 <LI><a href="#[71]">svcRtxKernelInitialize</a> from rtx_kernel.o(.text) referenced from rtx_kernel.o(.text)
 <LI><a href="#[75]">svcRtxKernelLock</a> from rtx_kernel.o(.text) referenced from rtx_kernel.o(.text)
 <LI><a href="#[77]">svcRtxKernelRestoreLock</a> from rtx_kernel.o(.text) referenced from rtx_kernel.o(.text)
 <LI><a href="#[79]">svcRtxKernelResume</a> from rtx_kernel.o(.text) referenced from rtx_kernel.o(.text)
 <LI><a href="#[74]">svcRtxKernelStart</a> from rtx_kernel.o(.text) referenced from rtx_kernel.o(.text)
 <LI><a href="#[78]">svcRtxKernelSuspend</a> from rtx_kernel.o(.text) referenced from rtx_kernel.o(.text)
 <LI><a href="#[76]">svcRtxKernelUnlock</a> from rtx_kernel.o(.text) referenced from rtx_kernel.o(.text)
 <LI><a href="#[81]">svcRtxMemoryPoolAlloc</a> from rtx_mempool.o(.text) referenced from rtx_mempool.o(.text)
 <LI><a href="#[87]">svcRtxMemoryPoolDelete</a> from rtx_mempool.o(.text) referenced from rtx_mempool.o(.text)
 <LI><a href="#[82]">svcRtxMemoryPoolFree</a> from rtx_mempool.o(.text) referenced from rtx_mempool.o(.text)
 <LI><a href="#[84]">svcRtxMemoryPoolGetBlockSize</a> from rtx_mempool.o(.text) referenced from rtx_mempool.o(.text)
 <LI><a href="#[83]">svcRtxMemoryPoolGetCapacity</a> from rtx_mempool.o(.text) referenced from rtx_mempool.o(.text)
 <LI><a href="#[85]">svcRtxMemoryPoolGetCount</a> from rtx_mempool.o(.text) referenced from rtx_mempool.o(.text)
 <LI><a href="#[80]">svcRtxMemoryPoolGetName</a> from rtx_mempool.o(.text) referenced from rtx_mempool.o(.text)
 <LI><a href="#[86]">svcRtxMemoryPoolGetSpace</a> from rtx_mempool.o(.text) referenced from rtx_mempool.o(.text)
 <LI><a href="#[7f]">svcRtxMemoryPoolNew</a> from rtx_mempool.o(.text) referenced from rtx_mempool.o(.text)
 <LI><a href="#[92]">svcRtxMessageQueueDelete</a> from rtx_msgqueue.o(.text) referenced from rtx_msgqueue.o(.text)
 <LI><a href="#[8c]">svcRtxMessageQueueGet</a> from rtx_msgqueue.o(.text) referenced from rtx_msgqueue.o(.text)
 <LI><a href="#[8d]">svcRtxMessageQueueGetCapacity</a> from rtx_msgqueue.o(.text) referenced from rtx_msgqueue.o(.text)
 <LI><a href="#[8f]">svcRtxMessageQueueGetCount</a> from rtx_msgqueue.o(.text) referenced from rtx_msgqueue.o(.text)
 <LI><a href="#[8e]">svcRtxMessageQueueGetMsgSize</a> from rtx_msgqueue.o(.text) referenced from rtx_msgqueue.o(.text)
 <LI><a href="#[8a]">svcRtxMessageQueueGetName</a> from rtx_msgqueue.o(.text) referenced from rtx_msgqueue.o(.text)
 <LI><a href="#[90]">svcRtxMessageQueueGetSpace</a> from rtx_msgqueue.o(.text) referenced from rtx_msgqueue.o(.text)
 <LI><a href="#[89]">svcRtxMessageQueueNew</a> from rtx_msgqueue.o(.text) referenced from rtx_msgqueue.o(.text)
 <LI><a href="#[8b]">svcRtxMessageQueuePut</a> from rtx_msgqueue.o(.text) referenced from rtx_msgqueue.o(.text)
 <LI><a href="#[91]">svcRtxMessageQueueReset</a> from rtx_msgqueue.o(.text) referenced from rtx_msgqueue.o(.text)
 <LI><a href="#[95]">svcRtxMutexAcquire</a> from rtx_mutex.o(.text) referenced from rtx_mutex.o(.text)
 <LI><a href="#[98]">svcRtxMutexDelete</a> from rtx_mutex.o(.text) referenced from rtx_mutex.o(.text)
 <LI><a href="#[94]">svcRtxMutexGetName</a> from rtx_mutex.o(.text) referenced from rtx_mutex.o(.text)
 <LI><a href="#[97]">svcRtxMutexGetOwner</a> from rtx_mutex.o(.text) referenced from rtx_mutex.o(.text)
 <LI><a href="#[93]">svcRtxMutexNew</a> from rtx_mutex.o(.text) referenced from rtx_mutex.o(.text)
 <LI><a href="#[96]">svcRtxMutexRelease</a> from rtx_mutex.o(.text) referenced from rtx_mutex.o(.text)
 <LI><a href="#[9c]">svcRtxSemaphoreAcquire</a> from rtx_semaphore.o(.text) referenced from rtx_semaphore.o(.text)
 <LI><a href="#[9f]">svcRtxSemaphoreDelete</a> from rtx_semaphore.o(.text) referenced from rtx_semaphore.o(.text)
 <LI><a href="#[9e]">svcRtxSemaphoreGetCount</a> from rtx_semaphore.o(.text) referenced from rtx_semaphore.o(.text)
 <LI><a href="#[9b]">svcRtxSemaphoreGetName</a> from rtx_semaphore.o(.text) referenced from rtx_semaphore.o(.text)
 <LI><a href="#[9a]">svcRtxSemaphoreNew</a> from rtx_semaphore.o(.text) referenced from rtx_semaphore.o(.text)
 <LI><a href="#[9d]">svcRtxSemaphoreRelease</a> from rtx_semaphore.o(.text) referenced from rtx_semaphore.o(.text)
 <LI><a href="#[af]">svcRtxThreadDetach</a> from rtx_thread.o(.text) referenced from rtx_thread.o(.text)
 <LI><a href="#[b3]">svcRtxThreadEnumerate</a> from rtx_thread.o(.text) referenced from rtx_thread.o(.text)
 <LI><a href="#[a0]">svcRtxThreadExit</a> from rtx_thread.o(.text) referenced from rtx_thread.o(.text)
 <LI><a href="#[b5]">svcRtxThreadFlagsClear</a> from rtx_thread.o(.text) referenced from rtx_thread.o(.text)
 <LI><a href="#[b6]">svcRtxThreadFlagsGet</a> from rtx_thread.o(.text) referenced from rtx_thread.o(.text)
 <LI><a href="#[b4]">svcRtxThreadFlagsSet</a> from rtx_thread.o(.text) referenced from rtx_thread.o(.text)
 <LI><a href="#[b7]">svcRtxThreadFlagsWait</a> from rtx_thread.o(.text) referenced from rtx_thread.o(.text)
 <LI><a href="#[b2]">svcRtxThreadGetCount</a> from rtx_thread.o(.text) referenced from rtx_thread.o(.text)
 <LI><a href="#[a6]">svcRtxThreadGetId</a> from rtx_thread.o(.text) referenced from rtx_thread.o(.text)
 <LI><a href="#[a5]">svcRtxThreadGetName</a> from rtx_thread.o(.text) referenced from rtx_thread.o(.text)
 <LI><a href="#[ab]">svcRtxThreadGetPriority</a> from rtx_thread.o(.text) referenced from rtx_thread.o(.text)
 <LI><a href="#[a8]">svcRtxThreadGetStackSize</a> from rtx_thread.o(.text) referenced from rtx_thread.o(.text)
 <LI><a href="#[a9]">svcRtxThreadGetStackSpace</a> from rtx_thread.o(.text) referenced from rtx_thread.o(.text)
 <LI><a href="#[a7]">svcRtxThreadGetState</a> from rtx_thread.o(.text) referenced from rtx_thread.o(.text)
 <LI><a href="#[b0]">svcRtxThreadJoin</a> from rtx_thread.o(.text) referenced from rtx_thread.o(.text)
 <LI><a href="#[a4]">svcRtxThreadNew</a> from rtx_thread.o(.text) referenced from rtx_thread.o(.text)
 <LI><a href="#[ae]">svcRtxThreadResume</a> from rtx_thread.o(.text) referenced from rtx_thread.o(.text)
 <LI><a href="#[aa]">svcRtxThreadSetPriority</a> from rtx_thread.o(.text) referenced from rtx_thread.o(.text)
 <LI><a href="#[ad]">svcRtxThreadSuspend</a> from rtx_thread.o(.text) referenced from rtx_thread.o(.text)
 <LI><a href="#[b1]">svcRtxThreadTerminate</a> from rtx_thread.o(.text) referenced from rtx_thread.o(.text)
 <LI><a href="#[ac]">svcRtxThreadYield</a> from rtx_thread.o(.text) referenced from rtx_thread.o(.text)
 <LI><a href="#[be]">svcRtxTimerDelete</a> from rtx_timer.o(.text) referenced from rtx_timer.o(.text)
 <LI><a href="#[ba]">svcRtxTimerGetName</a> from rtx_timer.o(.text) referenced from rtx_timer.o(.text)
 <LI><a href="#[bd]">svcRtxTimerIsRunning</a> from rtx_timer.o(.text) referenced from rtx_timer.o(.text)
 <LI><a href="#[b9]">svcRtxTimerNew</a> from rtx_timer.o(.text) referenced from rtx_timer.o(.text)
 <LI><a href="#[bb]">svcRtxTimerStart</a> from rtx_timer.o(.text) referenced from rtx_timer.o(.text)
 <LI><a href="#[bc]">svcRtxTimerStop</a> from rtx_timer.o(.text) referenced from rtx_timer.o(.text)
</UL>
<P>
<H3>
Global Symbols
</H3>
<P><STRONG><a name="[c2]"></a>__main</STRONG> (Thumb, 0 bytes, Stack size unknown bytes, entry.o(.ARM.Collect$$$$00000000))
<BR>[Address Reference Count : 1]<UL><LI> startup_stm32f746xx.o(.text)
</UL>
<P><STRONG><a name="[41b]"></a>_main_stk</STRONG> (Thumb, 0 bytes, Stack size unknown bytes, entry2.o(.ARM.Collect$$$$00000001))

<P><STRONG><a name="[110]"></a>_main_scatterload</STRONG> (Thumb, 0 bytes, Stack size unknown bytes, entry5.o(.ARM.Collect$$$$00000004))
<BR><BR>[Calls]<UL><LI><a href="#[111]">&gt;&gt;</a>&nbsp;&nbsp;&nbsp;__scatterload
</UL>

<P><STRONG><a name="[34e]"></a>__main_after_scatterload</STRONG> (Thumb, 0 bytes, Stack size unknown bytes, entry5.o(.ARM.Collect$$$$00000004))
<BR><BR>[Called By]<UL><LI><a href="#[111]">&gt;&gt;</a>&nbsp;&nbsp;&nbsp;__scatterload
</UL>

<P><STRONG><a name="[41c]"></a>_main_clock</STRONG> (Thumb, 0 bytes, Stack size unknown bytes, entry7b.o(.ARM.Collect$$$$00000008))

<P><STRONG><a name="[41d]"></a>_main_cpp_init</STRONG> (Thumb, 0 bytes, Stack size unknown bytes, entry8b.o(.ARM.Collect$$$$0000000A))

<P><STRONG><a name="[41e]"></a>_main_init</STRONG> (Thumb, 0 bytes, Stack size unknown bytes, entry9a.o(.ARM.Collect$$$$0000000B))

<P><STRONG><a name="[41f]"></a>__rt_final_cpp</STRONG> (Thumb, 0 bytes, Stack size unknown bytes, entry10a.o(.ARM.Collect$$$$0000000D))

<P><STRONG><a name="[420]"></a>__rt_final_exit</STRONG> (Thumb, 0 bytes, Stack size unknown bytes, entry11a.o(.ARM.Collect$$$$0000000F))

<P><STRONG><a name="[421]"></a>__asm___13_rtx_mempool_c_7914b4c7__atomic_wr8</STRONG> (Thumb, 16 bytes, Stack size 0 bytes, rtx_mempool.o(.emb_text), UNUSED)

<P><STRONG><a name="[422]"></a>__asm___13_rtx_mempool_c_7914b4c7__atomic_set32</STRONG> (Thumb, 20 bytes, Stack size 0 bytes, rtx_mempool.o(.emb_text), UNUSED)

<P><STRONG><a name="[423]"></a>__asm___13_rtx_mempool_c_7914b4c7__atomic_clr32</STRONG> (Thumb, 22 bytes, Stack size 0 bytes, rtx_mempool.o(.emb_text), UNUSED)

<P><STRONG><a name="[424]"></a>__asm___13_rtx_mempool_c_7914b4c7__atomic_chk32_all</STRONG> (Thumb, 38 bytes, Stack size 0 bytes, rtx_mempool.o(.emb_text), UNUSED)

<P><STRONG><a name="[425]"></a>__asm___13_rtx_mempool_c_7914b4c7__atomic_chk32_any</STRONG> (Thumb, 34 bytes, Stack size 0 bytes, rtx_mempool.o(.emb_text), UNUSED)

<P><STRONG><a name="[24b]"></a>__asm___13_rtx_mempool_c_7914b4c7__atomic_inc32</STRONG> (Thumb, 18 bytes, Stack size 0 bytes, rtx_mempool.o(.emb_text))
<BR><BR>[Called By]<UL><LI><a href="#[249]">&gt;&gt;</a>&nbsp;&nbsp;&nbsp;osRtxMemoryPoolAlloc
</UL>

<P><STRONG><a name="[426]"></a>__asm___13_rtx_mempool_c_7914b4c7__atomic_inc16_lt</STRONG> (Thumb, 30 bytes, Stack size 0 bytes, rtx_mempool.o(.emb_text), UNUSED)

<P><STRONG><a name="[427]"></a>__asm___13_rtx_mempool_c_7914b4c7__atomic_inc16_lim</STRONG> (Thumb, 26 bytes, Stack size 0 bytes, rtx_mempool.o(.emb_text), UNUSED)

<P><STRONG><a name="[24d]"></a>__asm___13_rtx_mempool_c_7914b4c7__atomic_dec32</STRONG> (Thumb, 18 bytes, Stack size 0 bytes, rtx_mempool.o(.emb_text))
<BR><BR>[Called By]<UL><LI><a href="#[24c]">&gt;&gt;</a>&nbsp;&nbsp;&nbsp;osRtxMemoryPoolFree
</UL>

<P><STRONG><a name="[428]"></a>__asm___13_rtx_mempool_c_7914b4c7__atomic_dec32_nz</STRONG> (Thumb, 26 bytes, Stack size 0 bytes, rtx_mempool.o(.emb_text), UNUSED)

<P><STRONG><a name="[429]"></a>__asm___13_rtx_mempool_c_7914b4c7__atomic_dec16_nz</STRONG> (Thumb, 26 bytes, Stack size 0 bytes, rtx_mempool.o(.emb_text), UNUSED)

<P><STRONG><a name="[24a]"></a>__asm___13_rtx_mempool_c_7914b4c7__atomic_link_get</STRONG> (Thumb, 26 bytes, Stack size 0 bytes, rtx_mempool.o(.emb_text))
<BR><BR>[Called By]<UL><LI><a href="#[249]">&gt;&gt;</a>&nbsp;&nbsp;&nbsp;osRtxMemoryPoolAlloc
</UL>

<P><STRONG><a name="[112]"></a>__asm___13_rtx_mempool_c_7914b4c7__atomic_link_put</STRONG> (Thumb, 28 bytes, Stack size 0 bytes, rtx_mempool.o(.emb_text))
<BR><BR>[Calls]<UL><LI><a href="#[112]">&gt;&gt;</a>&nbsp;&nbsp;&nbsp;__asm___13_rtx_mempool_c_7914b4c7__atomic_link_put
</UL>
<BR>[Called By]<UL><LI><a href="#[24c]">&gt;&gt;</a>&nbsp;&nbsp;&nbsp;osRtxMemoryPoolFree
<LI><a href="#[112]">&gt;&gt;</a>&nbsp;&nbsp;&nbsp;__asm___13_rtx_mempool_c_7914b4c7__atomic_link_put
</UL>

<P><STRONG><a name="[261]"></a>__asm___14_rtx_msgqueue_c_ba128ae8__atomic_wr8</STRONG> (Thumb, 16 bytes, Stack size 0 bytes, rtx_msgqueue.o(.emb_text))
<BR><BR>[Called By]<UL><LI><a href="#[25f]">&gt;&gt;</a>&nbsp;&nbsp;&nbsp;MessageQueueGet
</UL>

<P><STRONG><a name="[42a]"></a>__asm___14_rtx_msgqueue_c_ba128ae8__atomic_set32</STRONG> (Thumb, 20 bytes, Stack size 0 bytes, rtx_msgqueue.o(.emb_text), UNUSED)

<P><STRONG><a name="[42b]"></a>__asm___14_rtx_msgqueue_c_ba128ae8__atomic_clr32</STRONG> (Thumb, 22 bytes, Stack size 0 bytes, rtx_msgqueue.o(.emb_text), UNUSED)

<P><STRONG><a name="[42c]"></a>__asm___14_rtx_msgqueue_c_ba128ae8__atomic_chk32_all</STRONG> (Thumb, 38 bytes, Stack size 0 bytes, rtx_msgqueue.o(.emb_text), UNUSED)

<P><STRONG><a name="[42d]"></a>__asm___14_rtx_msgqueue_c_ba128ae8__atomic_chk32_any</STRONG> (Thumb, 34 bytes, Stack size 0 bytes, rtx_msgqueue.o(.emb_text), UNUSED)

<P><STRONG><a name="[25e]"></a>__asm___14_rtx_msgqueue_c_ba128ae8__atomic_inc32</STRONG> (Thumb, 18 bytes, Stack size 0 bytes, rtx_msgqueue.o(.emb_text))
<BR><BR>[Called By]<UL><LI><a href="#[25d]">&gt;&gt;</a>&nbsp;&nbsp;&nbsp;MessageQueuePut
</UL>

<P><STRONG><a name="[42e]"></a>__asm___14_rtx_msgqueue_c_ba128ae8__atomic_inc16_lt</STRONG> (Thumb, 30 bytes, Stack size 0 bytes, rtx_msgqueue.o(.emb_text), UNUSED)

<P><STRONG><a name="[42f]"></a>__asm___14_rtx_msgqueue_c_ba128ae8__atomic_inc16_lim</STRONG> (Thumb, 26 bytes, Stack size 0 bytes, rtx_msgqueue.o(.emb_text), UNUSED)

<P><STRONG><a name="[430]"></a>__asm___14_rtx_msgqueue_c_ba128ae8__atomic_dec32</STRONG> (Thumb, 18 bytes, Stack size 0 bytes, rtx_msgqueue.o(.emb_text), UNUSED)

<P><STRONG><a name="[260]"></a>__asm___14_rtx_msgqueue_c_ba128ae8__atomic_dec32_nz</STRONG> (Thumb, 26 bytes, Stack size 0 bytes, rtx_msgqueue.o(.emb_text))
<BR><BR>[Called By]<UL><LI><a href="#[25f]">&gt;&gt;</a>&nbsp;&nbsp;&nbsp;MessageQueueGet
</UL>

<P><STRONG><a name="[431]"></a>__asm___14_rtx_msgqueue_c_ba128ae8__atomic_dec16_nz</STRONG> (Thumb, 26 bytes, Stack size 0 bytes, rtx_msgqueue.o(.emb_text), UNUSED)

<P><STRONG><a name="[432]"></a>__asm___14_rtx_msgqueue_c_ba128ae8__atomic_link_get</STRONG> (Thumb, 26 bytes, Stack size 0 bytes, rtx_msgqueue.o(.emb_text), UNUSED)

<P><STRONG><a name="[113]"></a>__asm___14_rtx_msgqueue_c_ba128ae8__atomic_link_put</STRONG> (Thumb, 28 bytes, Stack size 0 bytes, rtx_msgqueue.o(.emb_text), UNUSED)
<BR><BR>[Calls]<UL><LI><a href="#[113]">&gt;&gt;</a>&nbsp;&nbsp;&nbsp;__asm___14_rtx_msgqueue_c_ba128ae8__atomic_link_put
</UL>
<BR>[Called By]<UL><LI><a href="#[113]">&gt;&gt;</a>&nbsp;&nbsp;&nbsp;__asm___14_rtx_msgqueue_c_ba128ae8__atomic_link_put
</UL>

<P><STRONG><a name="[433]"></a>__asm___15_rtx_semaphore_c_c705bb47__atomic_wr8</STRONG> (Thumb, 16 bytes, Stack size 0 bytes, rtx_semaphore.o(.emb_text), UNUSED)

<P><STRONG><a name="[434]"></a>__asm___15_rtx_semaphore_c_c705bb47__atomic_set32</STRONG> (Thumb, 20 bytes, Stack size 0 bytes, rtx_semaphore.o(.emb_text), UNUSED)

<P><STRONG><a name="[435]"></a>__asm___15_rtx_semaphore_c_c705bb47__atomic_clr32</STRONG> (Thumb, 22 bytes, Stack size 0 bytes, rtx_semaphore.o(.emb_text), UNUSED)

<P><STRONG><a name="[436]"></a>__asm___15_rtx_semaphore_c_c705bb47__atomic_chk32_all</STRONG> (Thumb, 38 bytes, Stack size 0 bytes, rtx_semaphore.o(.emb_text), UNUSED)

<P><STRONG><a name="[437]"></a>__asm___15_rtx_semaphore_c_c705bb47__atomic_chk32_any</STRONG> (Thumb, 34 bytes, Stack size 0 bytes, rtx_semaphore.o(.emb_text), UNUSED)

<P><STRONG><a name="[438]"></a>__asm___15_rtx_semaphore_c_c705bb47__atomic_inc32</STRONG> (Thumb, 18 bytes, Stack size 0 bytes, rtx_semaphore.o(.emb_text), UNUSED)

<P><STRONG><a name="[27d]"></a>__asm___15_rtx_semaphore_c_c705bb47__atomic_inc16_lt</STRONG> (Thumb, 30 bytes, Stack size 0 bytes, rtx_semaphore.o(.emb_text))
<BR><BR>[Called By]<UL><LI><a href="#[27c]">&gt;&gt;</a>&nbsp;&nbsp;&nbsp;SemaphoreTokenIncrement
</UL>

<P><STRONG><a name="[439]"></a>__asm___15_rtx_semaphore_c_c705bb47__atomic_inc16_lim</STRONG> (Thumb, 26 bytes, Stack size 0 bytes, rtx_semaphore.o(.emb_text), UNUSED)

<P><STRONG><a name="[43a]"></a>__asm___15_rtx_semaphore_c_c705bb47__atomic_dec32</STRONG> (Thumb, 18 bytes, Stack size 0 bytes, rtx_semaphore.o(.emb_text), UNUSED)

<P><STRONG><a name="[43b]"></a>__asm___15_rtx_semaphore_c_c705bb47__atomic_dec32_nz</STRONG> (Thumb, 26 bytes, Stack size 0 bytes, rtx_semaphore.o(.emb_text), UNUSED)

<P><STRONG><a name="[27b]"></a>__asm___15_rtx_semaphore_c_c705bb47__atomic_dec16_nz</STRONG> (Thumb, 26 bytes, Stack size 0 bytes, rtx_semaphore.o(.emb_text))
<BR><BR>[Called By]<UL><LI><a href="#[27a]">&gt;&gt;</a>&nbsp;&nbsp;&nbsp;SemaphoreTokenDecrement
</UL>

<P><STRONG><a name="[43c]"></a>__asm___15_rtx_semaphore_c_c705bb47__atomic_link_get</STRONG> (Thumb, 26 bytes, Stack size 0 bytes, rtx_semaphore.o(.emb_text), UNUSED)

<P><STRONG><a name="[114]"></a>__asm___15_rtx_semaphore_c_c705bb47__atomic_link_put</STRONG> (Thumb, 28 bytes, Stack size 0 bytes, rtx_semaphore.o(.emb_text), UNUSED)
<BR><BR>[Calls]<UL><LI><a href="#[114]">&gt;&gt;</a>&nbsp;&nbsp;&nbsp;__asm___15_rtx_semaphore_c_c705bb47__atomic_link_put
</UL>
<BR>[Called By]<UL><LI><a href="#[114]">&gt;&gt;</a>&nbsp;&nbsp;&nbsp;__asm___15_rtx_semaphore_c_c705bb47__atomic_link_put
</UL>

<P><STRONG><a name="[43d]"></a>__asm___12_rtx_system_c_024f2f18__atomic_wr8</STRONG> (Thumb, 16 bytes, Stack size 0 bytes, rtx_system.o(.emb_text), UNUSED)

<P><STRONG><a name="[43e]"></a>__asm___12_rtx_system_c_024f2f18__atomic_set32</STRONG> (Thumb, 20 bytes, Stack size 0 bytes, rtx_system.o(.emb_text), UNUSED)

<P><STRONG><a name="[43f]"></a>__asm___12_rtx_system_c_024f2f18__atomic_clr32</STRONG> (Thumb, 22 bytes, Stack size 0 bytes, rtx_system.o(.emb_text), UNUSED)

<P><STRONG><a name="[440]"></a>__asm___12_rtx_system_c_024f2f18__atomic_chk32_all</STRONG> (Thumb, 38 bytes, Stack size 0 bytes, rtx_system.o(.emb_text), UNUSED)

<P><STRONG><a name="[441]"></a>__asm___12_rtx_system_c_024f2f18__atomic_chk32_any</STRONG> (Thumb, 34 bytes, Stack size 0 bytes, rtx_system.o(.emb_text), UNUSED)

<P><STRONG><a name="[442]"></a>__asm___12_rtx_system_c_024f2f18__atomic_inc32</STRONG> (Thumb, 18 bytes, Stack size 0 bytes, rtx_system.o(.emb_text), UNUSED)

<P><STRONG><a name="[287]"></a>__asm___12_rtx_system_c_024f2f18__atomic_inc16_lt</STRONG> (Thumb, 30 bytes, Stack size 0 bytes, rtx_system.o(.emb_text))
<BR><BR>[Called By]<UL><LI><a href="#[286]">&gt;&gt;</a>&nbsp;&nbsp;&nbsp;isr_queue_put
</UL>

<P><STRONG><a name="[288]"></a>__asm___12_rtx_system_c_024f2f18__atomic_inc16_lim</STRONG> (Thumb, 26 bytes, Stack size 0 bytes, rtx_system.o(.emb_text))
<BR><BR>[Called By]<UL><LI><a href="#[289]">&gt;&gt;</a>&nbsp;&nbsp;&nbsp;isr_queue_get
<LI><a href="#[286]">&gt;&gt;</a>&nbsp;&nbsp;&nbsp;isr_queue_put
</UL>

<P><STRONG><a name="[443]"></a>__asm___12_rtx_system_c_024f2f18__atomic_dec32</STRONG> (Thumb, 18 bytes, Stack size 0 bytes, rtx_system.o(.emb_text), UNUSED)

<P><STRONG><a name="[444]"></a>__asm___12_rtx_system_c_024f2f18__atomic_dec32_nz</STRONG> (Thumb, 26 bytes, Stack size 0 bytes, rtx_system.o(.emb_text), UNUSED)

<P><STRONG><a name="[28a]"></a>__asm___12_rtx_system_c_024f2f18__atomic_dec16_nz</STRONG> (Thumb, 26 bytes, Stack size 0 bytes, rtx_system.o(.emb_text))
<BR><BR>[Called By]<UL><LI><a href="#[289]">&gt;&gt;</a>&nbsp;&nbsp;&nbsp;isr_queue_get
</UL>

<P><STRONG><a name="[445]"></a>__asm___12_rtx_system_c_024f2f18__atomic_link_get</STRONG> (Thumb, 26 bytes, Stack size 0 bytes, rtx_system.o(.emb_text), UNUSED)

<P><STRONG><a name="[115]"></a>__asm___12_rtx_system_c_024f2f18__atomic_link_put</STRONG> (Thumb, 28 bytes, Stack size 0 bytes, rtx_system.o(.emb_text), UNUSED)
<BR><BR>[Calls]<UL><LI><a href="#[115]">&gt;&gt;</a>&nbsp;&nbsp;&nbsp;__asm___12_rtx_system_c_024f2f18__atomic_link_put
</UL>
<BR>[Called By]<UL><LI><a href="#[115]">&gt;&gt;</a>&nbsp;&nbsp;&nbsp;__asm___12_rtx_system_c_024f2f18__atomic_link_put
</UL>

<P><STRONG><a name="[446]"></a>__asm___12_rtx_thread_c_add96be5__atomic_wr8</STRONG> (Thumb, 16 bytes, Stack size 0 bytes, rtx_thread.o(.emb_text), UNUSED)

<P><STRONG><a name="[290]"></a>__asm___12_rtx_thread_c_add96be5__atomic_set32</STRONG> (Thumb, 20 bytes, Stack size 0 bytes, rtx_thread.o(.emb_text))
<BR><BR>[Called By]<UL><LI><a href="#[28f]">&gt;&gt;</a>&nbsp;&nbsp;&nbsp;ThreadFlagsSet
</UL>

<P><STRONG><a name="[292]"></a>__asm___12_rtx_thread_c_add96be5__atomic_clr32</STRONG> (Thumb, 22 bytes, Stack size 0 bytes, rtx_thread.o(.emb_text))
<BR><BR>[Called By]<UL><LI><a href="#[291]">&gt;&gt;</a>&nbsp;&nbsp;&nbsp;ThreadFlagsClear
</UL>

<P><STRONG><a name="[294]"></a>__asm___12_rtx_thread_c_add96be5__atomic_chk32_all</STRONG> (Thumb, 38 bytes, Stack size 0 bytes, rtx_thread.o(.emb_text))
<BR><BR>[Called By]<UL><LI><a href="#[293]">&gt;&gt;</a>&nbsp;&nbsp;&nbsp;ThreadFlagsCheck
</UL>

<P><STRONG><a name="[295]"></a>__asm___12_rtx_thread_c_add96be5__atomic_chk32_any</STRONG> (Thumb, 34 bytes, Stack size 0 bytes, rtx_thread.o(.emb_text))
<BR><BR>[Called By]<UL><LI><a href="#[293]">&gt;&gt;</a>&nbsp;&nbsp;&nbsp;ThreadFlagsCheck
</UL>

<P><STRONG><a name="[447]"></a>__asm___12_rtx_thread_c_add96be5__atomic_inc32</STRONG> (Thumb, 18 bytes, Stack size 0 bytes, rtx_thread.o(.emb_text), UNUSED)

<P><STRONG><a name="[448]"></a>__asm___12_rtx_thread_c_add96be5__atomic_inc16_lt</STRONG> (Thumb, 30 bytes, Stack size 0 bytes, rtx_thread.o(.emb_text), UNUSED)

<P><STRONG><a name="[449]"></a>__asm___12_rtx_thread_c_add96be5__atomic_inc16_lim</STRONG> (Thumb, 26 bytes, Stack size 0 bytes, rtx_thread.o(.emb_text), UNUSED)

<P><STRONG><a name="[44a]"></a>__asm___12_rtx_thread_c_add96be5__atomic_dec32</STRONG> (Thumb, 18 bytes, Stack size 0 bytes, rtx_thread.o(.emb_text), UNUSED)

<P><STRONG><a name="[44b]"></a>__asm___12_rtx_thread_c_add96be5__atomic_dec32_nz</STRONG> (Thumb, 26 bytes, Stack size 0 bytes, rtx_thread.o(.emb_text), UNUSED)

<P><STRONG><a name="[44c]"></a>__asm___12_rtx_thread_c_add96be5__atomic_dec16_nz</STRONG> (Thumb, 26 bytes, Stack size 0 bytes, rtx_thread.o(.emb_text), UNUSED)

<P><STRONG><a name="[44d]"></a>__asm___12_rtx_thread_c_add96be5__atomic_link_get</STRONG> (Thumb, 26 bytes, Stack size 0 bytes, rtx_thread.o(.emb_text), UNUSED)

<P><STRONG><a name="[116]"></a>__asm___12_rtx_thread_c_add96be5__atomic_link_put</STRONG> (Thumb, 28 bytes, Stack size 0 bytes, rtx_thread.o(.emb_text), UNUSED)
<BR><BR>[Calls]<UL><LI><a href="#[116]">&gt;&gt;</a>&nbsp;&nbsp;&nbsp;__asm___12_rtx_thread_c_add96be5__atomic_link_put
</UL>
<BR>[Called By]<UL><LI><a href="#[116]">&gt;&gt;</a>&nbsp;&nbsp;&nbsp;__asm___12_rtx_thread_c_add96be5__atomic_link_put
</UL>

<P><STRONG><a name="[2e3]"></a>__asm___15_EventRecorder_c_e8d3082c__atomic_inc8</STRONG> (Thumb, 18 bytes, Stack size 0 bytes, eventrecorder.o(.emb_text))
<BR><BR>[Called By]<UL><LI><a href="#[18a]">&gt;&gt;</a>&nbsp;&nbsp;&nbsp;EventRecordData
<LI><a href="#[17e]">&gt;&gt;</a>&nbsp;&nbsp;&nbsp;EventRecord4
</UL>

<P><STRONG><a name="[2d6]"></a>__asm___15_EventRecorder_c_e8d3082c__atomic_inc32</STRONG> (Thumb, 18 bytes, Stack size 0 bytes, eventrecorder.o(.emb_text))
<BR><BR>[Called By]<UL><LI><a href="#[2d9]">&gt;&gt;</a>&nbsp;&nbsp;&nbsp;EventGetTS
<LI><a href="#[2d5]">&gt;&gt;</a>&nbsp;&nbsp;&nbsp;EventRecordItem
</UL>

<P><STRONG><a name="[2db]"></a>__asm___15_EventRecorder_c_e8d3082c__atomic_xch32</STRONG> (Thumb, 16 bytes, Stack size 0 bytes, eventrecorder.o(.emb_text))
<BR><BR>[Called By]<UL><LI><a href="#[2d9]">&gt;&gt;</a>&nbsp;&nbsp;&nbsp;EventGetTS
</UL>

<P><STRONG><a name="[2d7]"></a>__asm___15_EventRecorder_c_e8d3082c__LockRecord</STRONG> (Thumb, 34 bytes, Stack size 0 bytes, eventrecorder.o(.emb_text))
<BR><BR>[Called By]<UL><LI><a href="#[2d5]">&gt;&gt;</a>&nbsp;&nbsp;&nbsp;EventRecordItem
</UL>

<P><STRONG><a name="[2d8]"></a>__asm___15_EventRecorder_c_e8d3082c__UnlockRecord</STRONG> (Thumb, 30 bytes, Stack size 0 bytes, eventrecorder.o(.emb_text))
<BR><BR>[Called By]<UL><LI><a href="#[2d5]">&gt;&gt;</a>&nbsp;&nbsp;&nbsp;EventRecordItem
</UL>

<P><STRONG><a name="[117]"></a>HAL_GetTick</STRONG> (Thumb, 66 bytes, Stack size 8 bytes, main.o(.text))
<BR><BR>[Stack]<UL><LI>Max Depth = 96<LI>Call Chain = HAL_GetTick &rArr; osKernelGetTickCount &rArr; svcRtxKernelGetTickCount &rArr; EvrRtxKernelGetTickCount &rArr; EventRecord2 &rArr; EventRecordItem
</UL>
<BR>[Calls]<UL><LI><a href="#[119]">&gt;&gt;</a>&nbsp;&nbsp;&nbsp;osKernelGetTickCount
<LI><a href="#[118]">&gt;&gt;</a>&nbsp;&nbsp;&nbsp;osKernelGetState
</UL>
<BR>[Called By]<UL><LI><a href="#[164]">&gt;&gt;</a>&nbsp;&nbsp;&nbsp;HAL_RCCEx_PeriphCLKConfig
<LI><a href="#[14a]">&gt;&gt;</a>&nbsp;&nbsp;&nbsp;HAL_Delay
<LI><a href="#[14f]">&gt;&gt;</a>&nbsp;&nbsp;&nbsp;HAL_DMA_Init
<LI><a href="#[11c]">&gt;&gt;</a>&nbsp;&nbsp;&nbsp;HAL_RCC_OscConfig
<LI><a href="#[11e]">&gt;&gt;</a>&nbsp;&nbsp;&nbsp;HAL_RCC_ClockConfig
<LI><a href="#[11d]">&gt;&gt;</a>&nbsp;&nbsp;&nbsp;HAL_PWREx_EnableOverDrive
<LI><a href="#[317]">&gt;&gt;</a>&nbsp;&nbsp;&nbsp;HAL_RCCEx_DisablePLLSAI
<LI><a href="#[316]">&gt;&gt;</a>&nbsp;&nbsp;&nbsp;HAL_RCCEx_EnablePLLSAI
<LI><a href="#[315]">&gt;&gt;</a>&nbsp;&nbsp;&nbsp;HAL_RCCEx_DisablePLLI2S
<LI><a href="#[314]">&gt;&gt;</a>&nbsp;&nbsp;&nbsp;HAL_RCCEx_EnablePLLI2S
<LI><a href="#[30d]">&gt;&gt;</a>&nbsp;&nbsp;&nbsp;HAL_RCC_DeInit
<LI><a href="#[30c]">&gt;&gt;</a>&nbsp;&nbsp;&nbsp;HAL_PWREx_ControlVoltageScaling
<LI><a href="#[30b]">&gt;&gt;</a>&nbsp;&nbsp;&nbsp;HAL_PWREx_EnterUnderDriveSTOPMode
<LI><a href="#[30a]">&gt;&gt;</a>&nbsp;&nbsp;&nbsp;HAL_PWREx_DisableOverDrive
<LI><a href="#[309]">&gt;&gt;</a>&nbsp;&nbsp;&nbsp;HAL_PWREx_DisableBkUpReg
<LI><a href="#[308]">&gt;&gt;</a>&nbsp;&nbsp;&nbsp;HAL_PWREx_EnableBkUpReg
<LI><a href="#[2f2]">&gt;&gt;</a>&nbsp;&nbsp;&nbsp;HAL_DMA_PollForTransfer
<LI><a href="#[2c8]">&gt;&gt;</a>&nbsp;&nbsp;&nbsp;HAL_DMA_Abort
<LI><a href="#[2cc]">&gt;&gt;</a>&nbsp;&nbsp;&nbsp;I2C_MasterReceive
<LI><a href="#[2ca]">&gt;&gt;</a>&nbsp;&nbsp;&nbsp;I2C_MasterTransmit
<LI><a href="#[e8]">&gt;&gt;</a>&nbsp;&nbsp;&nbsp;PHY_Write
<LI><a href="#[e7]">&gt;&gt;</a>&nbsp;&nbsp;&nbsp;PHY_Read
<LI><a href="#[329]">&gt;&gt;</a>&nbsp;&nbsp;&nbsp;FMC_NAND_GetECC
</UL>

<P><STRONG><a name="[6b]"></a>main</STRONG> (Thumb, 40 bytes, Stack size 0 bytes, main.o(.text))
<BR><BR>[Stack]<UL><LI>Max Depth = 216<LI>Call Chain = main &rArr; SystemClock_Config &rArr; HAL_RCC_OscConfig &rArr; HAL_GetTick &rArr; osKernelGetTickCount &rArr; svcRtxKernelGetTickCount &rArr; EvrRtxKernelGetTickCount &rArr; EventRecord2 &rArr; EventRecordItem
</UL>
<BR>[Calls]<UL><LI><a href="#[127]">&gt;&gt;</a>&nbsp;&nbsp;&nbsp;osThreadNew
<LI><a href="#[128]">&gt;&gt;</a>&nbsp;&nbsp;&nbsp;osKernelStart
<LI><a href="#[126]">&gt;&gt;</a>&nbsp;&nbsp;&nbsp;osKernelInitialize
<LI><a href="#[125]">&gt;&gt;</a>&nbsp;&nbsp;&nbsp;SystemCoreClockUpdate
<LI><a href="#[124]">&gt;&gt;</a>&nbsp;&nbsp;&nbsp;HAL_Init
<LI><a href="#[11f]">&gt;&gt;</a>&nbsp;&nbsp;&nbsp;MPU_Config
<LI><a href="#[123]">&gt;&gt;</a>&nbsp;&nbsp;&nbsp;CPU_CACHE_Enable
<LI><a href="#[11b]">&gt;&gt;</a>&nbsp;&nbsp;&nbsp;SystemClock_Config
</UL>
<BR>[Address Reference Count : 1]<UL><LI> entry9a.o(.ARM.Collect$$$$0000000B)
</UL>
<P><STRONG><a name="[145]"></a>AD_in</STRONG> (Thumb, 4 bytes, Stack size 0 bytes, http_server.o(.text))
<BR><BR>[Called By]<UL><LI><a href="#[144]">&gt;&gt;</a>&nbsp;&nbsp;&nbsp;netCGI_Script
</UL>

<P><STRONG><a name="[138]"></a>get_temp</STRONG> (Thumb, 90 bytes, Stack size 24 bytes, http_server.o(.text))
<BR><BR>[Stack]<UL><LI>Max Depth = 24<LI>Call Chain = get_temp
</UL>
<BR>[Called By]<UL><LI><a href="#[144]">&gt;&gt;</a>&nbsp;&nbsp;&nbsp;netCGI_Script
<LI><a href="#[6e]">&gt;&gt;</a>&nbsp;&nbsp;&nbsp;Display
</UL>

<P><STRONG><a name="[137]"></a>get_fanstate</STRONG> (Thumb, 4 bytes, Stack size 0 bytes, http_server.o(.text))
<BR><BR>[Called By]<UL><LI><a href="#[6e]">&gt;&gt;</a>&nbsp;&nbsp;&nbsp;Display
</UL>

<P><STRONG><a name="[129]"></a>get_button</STRONG> (Thumb, 10 bytes, Stack size 8 bytes, http_server.o(.text))
<BR><BR>[Stack]<UL><LI>Max Depth = 16<LI>Call Chain = get_button &rArr; Buttons_GetState
</UL>
<BR>[Calls]<UL><LI><a href="#[12a]">&gt;&gt;</a>&nbsp;&nbsp;&nbsp;Buttons_GetState
</UL>
<BR>[Called By]<UL><LI><a href="#[144]">&gt;&gt;</a>&nbsp;&nbsp;&nbsp;netCGI_Script
</UL>

<P><STRONG><a name="[12b]"></a>netDHCP_Notify</STRONG> (Thumb, 16 bytes, Stack size 0 bytes, http_server.o(.text))
<BR><BR>[Stack]<UL><LI>Max Depth = 88<LI>Call Chain = netDHCP_Notify &rArr; osThreadFlagsSet &rArr; EvrRtxThreadFlagsSetDone &rArr; EventRecord2 &rArr; EventRecordItem
</UL>
<BR>[Calls]<UL><LI><a href="#[12c]">&gt;&gt;</a>&nbsp;&nbsp;&nbsp;osThreadFlagsSet
</UL>
<BR>[Called By]<UL><LI><a href="#[373]">&gt;&gt;</a>&nbsp;&nbsp;&nbsp;proc_opt_req
<LI><a href="#[cc]">&gt;&gt;</a>&nbsp;&nbsp;&nbsp;dhcp_listener
<LI><a href="#[107]">&gt;&gt;</a>&nbsp;&nbsp;&nbsp;net_dhcp_client_run
</UL>

<P><STRONG><a name="[6c]"></a>app_main</STRONG> (Thumb, 42 bytes, Stack size 0 bytes, http_server.o(.text))
<BR><BR>[Stack]<UL><LI>Max Depth = 136<LI>Call Chain = app_main &rArr; netInitialize &rArr; netos_timer_create &rArr; osTimerNew &rArr; EvrRtxTimerNew &rArr; EventRecord4 &rArr; EventRecordItem
</UL>
<BR>[Calls]<UL><LI><a href="#[13e]">&gt;&gt;</a>&nbsp;&nbsp;&nbsp;osThreadExit
<LI><a href="#[13d]">&gt;&gt;</a>&nbsp;&nbsp;&nbsp;netInitialize
<LI><a href="#[13b]">&gt;&gt;</a>&nbsp;&nbsp;&nbsp;LED_Initialize
<LI><a href="#[13c]">&gt;&gt;</a>&nbsp;&nbsp;&nbsp;Buttons_Initialize
<LI><a href="#[127]">&gt;&gt;</a>&nbsp;&nbsp;&nbsp;osThreadNew
</UL>
<BR>[Address Reference Count : 1]<UL><LI> main.o(.text)
</UL>
<P><STRONG><a name="[13f]"></a>netCGI_ProcessQuery</STRONG> (Thumb, 204 bytes, Stack size 64 bytes, http_server_cgi.o(.text))
<BR><BR>[Stack]<UL><LI>Max Depth = 312<LI>Call Chain = netCGI_ProcessQuery &rArr; netIP_aton &rArr; net_addr6_aton &rArr; __0sscanf &rArr; __vfscanf_char &rArr; __vfscanf &rArr; _scanf_int
</UL>
<BR>[Calls]<UL><LI><a href="#[141]">&gt;&gt;</a>&nbsp;&nbsp;&nbsp;netIP_aton
<LI><a href="#[142]">&gt;&gt;</a>&nbsp;&nbsp;&nbsp;netIF_SetOption
<LI><a href="#[140]">&gt;&gt;</a>&nbsp;&nbsp;&nbsp;netCGI_GetEnvVar
</UL>
<BR>[Called By]<UL><LI><a href="#[ce]">&gt;&gt;</a>&nbsp;&nbsp;&nbsp;http_listener
</UL>

<P><STRONG><a name="[143]"></a>netCGI_ProcessData</STRONG> (Thumb, 28 bytes, Stack size 48 bytes, http_server_cgi.o(.text))
<BR><BR>[Stack]<UL><LI>Max Depth = 72<LI>Call Chain = netCGI_ProcessData &rArr; netCGI_GetEnvVar
</UL>
<BR>[Calls]<UL><LI><a href="#[140]">&gt;&gt;</a>&nbsp;&nbsp;&nbsp;netCGI_GetEnvVar
</UL>
<BR>[Called By]<UL><LI><a href="#[38e]">&gt;&gt;</a>&nbsp;&nbsp;&nbsp;http_proc_post
<LI><a href="#[390]">&gt;&gt;</a>&nbsp;&nbsp;&nbsp;http_proc_multipart
<LI><a href="#[388]">&gt;&gt;</a>&nbsp;&nbsp;&nbsp;http_kill_session
</UL>

<P><STRONG><a name="[144]"></a>netCGI_Script</STRONG> (Thumb, 256 bytes, Stack size 16 bytes, http_server_cgi.o(.text))
<BR><BR>[Stack]<UL><LI>Max Depth = 128<LI>Call Chain = netCGI_Script &rArr; netIF_GetOption &rArr; net_sys_unlock &rArr; netos_unlock &rArr; osMutexRelease &rArr; EvrRtxMutexError &rArr; EventRecord2 &rArr; EventRecordItem
</UL>
<BR>[Calls]<UL><LI><a href="#[134]">&gt;&gt;</a>&nbsp;&nbsp;&nbsp;netIP_ntoa
<LI><a href="#[133]">&gt;&gt;</a>&nbsp;&nbsp;&nbsp;netIF_GetOption
<LI><a href="#[129]">&gt;&gt;</a>&nbsp;&nbsp;&nbsp;get_button
<LI><a href="#[138]">&gt;&gt;</a>&nbsp;&nbsp;&nbsp;get_temp
<LI><a href="#[145]">&gt;&gt;</a>&nbsp;&nbsp;&nbsp;AD_in
<LI><a href="#[136]">&gt;&gt;</a>&nbsp;&nbsp;&nbsp;__2sprintf
</UL>
<BR>[Called By]<UL><LI><a href="#[39a]">&gt;&gt;</a>&nbsp;&nbsp;&nbsp;http_server_run
</UL>

<P><STRONG><a name="[146]"></a>imageFileInfo</STRONG> (Thumb, 82 bytes, Stack size 16 bytes, web.o(.text))
<BR><BR>[Stack]<UL><LI>Max Depth = 16<LI>Call Chain = imageFileInfo
</UL>
<BR>[Calls]<UL><LI><a href="#[147]">&gt;&gt;</a>&nbsp;&nbsp;&nbsp;crc32_8bit
</UL>
<BR>[Called By]<UL><LI><a href="#[38d]">&gt;&gt;</a>&nbsp;&nbsp;&nbsp;http_open_file
</UL>

<P><STRONG><a name="[148]"></a>BSP_SDRAM_Initialization_sequence</STRONG> (Thumb, 134 bytes, Stack size 32 bytes, stm32746g_discovery_sdram.o(.text))
<BR><BR>[Stack]<UL><LI>Max Depth = 144<LI>Call Chain = BSP_SDRAM_Initialization_sequence &rArr; HAL_Delay &rArr; HAL_GetTick &rArr; osKernelGetTickCount &rArr; svcRtxKernelGetTickCount &rArr; EvrRtxKernelGetTickCount &rArr; EventRecord2 &rArr; EventRecordItem
</UL>
<BR>[Calls]<UL><LI><a href="#[149]">&gt;&gt;</a>&nbsp;&nbsp;&nbsp;HAL_SDRAM_SendCommand
<LI><a href="#[14b]">&gt;&gt;</a>&nbsp;&nbsp;&nbsp;HAL_SDRAM_ProgramRefreshRate
<LI><a href="#[14a]">&gt;&gt;</a>&nbsp;&nbsp;&nbsp;HAL_Delay
</UL>
<BR>[Called By]<UL><LI><a href="#[152]">&gt;&gt;</a>&nbsp;&nbsp;&nbsp;BSP_SDRAM_Init
</UL>

<P><STRONG><a name="[14c]"></a>BSP_SDRAM_MspInit</STRONG> (Thumb, 316 bytes, Stack size 32 bytes, stm32746g_discovery_sdram.o(.text))
<BR><BR>[Stack]<UL><LI>Max Depth = 152<LI>Call Chain = BSP_SDRAM_MspInit &rArr; HAL_DMA_Init &rArr; HAL_GetTick &rArr; osKernelGetTickCount &rArr; svcRtxKernelGetTickCount &rArr; EvrRtxKernelGetTickCount &rArr; EventRecord2 &rArr; EventRecordItem
</UL>
<BR>[Calls]<UL><LI><a href="#[150]">&gt;&gt;</a>&nbsp;&nbsp;&nbsp;HAL_NVIC_SetPriority
<LI><a href="#[151]">&gt;&gt;</a>&nbsp;&nbsp;&nbsp;HAL_NVIC_EnableIRQ
<LI><a href="#[14d]">&gt;&gt;</a>&nbsp;&nbsp;&nbsp;HAL_GPIO_Init
<LI><a href="#[14f]">&gt;&gt;</a>&nbsp;&nbsp;&nbsp;HAL_DMA_Init
<LI><a href="#[14e]">&gt;&gt;</a>&nbsp;&nbsp;&nbsp;HAL_DMA_DeInit
</UL>
<BR>[Called By]<UL><LI><a href="#[152]">&gt;&gt;</a>&nbsp;&nbsp;&nbsp;BSP_SDRAM_Init
</UL>

<P><STRONG><a name="[152]"></a>BSP_SDRAM_Init</STRONG> (Thumb, 108 bytes, Stack size 16 bytes, stm32746g_discovery_sdram.o(.text))
<BR><BR>[Stack]<UL><LI>Max Depth = 168<LI>Call Chain = BSP_SDRAM_Init &rArr; BSP_SDRAM_MspInit &rArr; HAL_DMA_Init &rArr; HAL_GetTick &rArr; osKernelGetTickCount &rArr; svcRtxKernelGetTickCount &rArr; EvrRtxKernelGetTickCount &rArr; EventRecord2 &rArr; EventRecordItem
</UL>
<BR>[Calls]<UL><LI><a href="#[14c]">&gt;&gt;</a>&nbsp;&nbsp;&nbsp;BSP_SDRAM_MspInit
<LI><a href="#[153]">&gt;&gt;</a>&nbsp;&nbsp;&nbsp;HAL_SDRAM_Init
<LI><a href="#[148]">&gt;&gt;</a>&nbsp;&nbsp;&nbsp;BSP_SDRAM_Initialization_sequence
</UL>
<BR>[Called By]<UL><LI><a href="#[12d]">&gt;&gt;</a>&nbsp;&nbsp;&nbsp;GLCD_Initialize
</UL>

<P><STRONG><a name="[154]"></a>BSP_SDRAM_MspDeInit</STRONG> (Thumb, 26 bytes, Stack size 8 bytes, stm32746g_discovery_sdram.o(.text), UNUSED)
<BR><BR>[Calls]<UL><LI><a href="#[155]">&gt;&gt;</a>&nbsp;&nbsp;&nbsp;HAL_NVIC_DisableIRQ
<LI><a href="#[14e]">&gt;&gt;</a>&nbsp;&nbsp;&nbsp;HAL_DMA_DeInit
</UL>
<BR>[Called By]<UL><LI><a href="#[156]">&gt;&gt;</a>&nbsp;&nbsp;&nbsp;BSP_SDRAM_DeInit
</UL>

<P><STRONG><a name="[156]"></a>BSP_SDRAM_DeInit</STRONG> (Thumb, 44 bytes, Stack size 8 bytes, stm32746g_discovery_sdram.o(.text), UNUSED)
<BR><BR>[Calls]<UL><LI><a href="#[154]">&gt;&gt;</a>&nbsp;&nbsp;&nbsp;BSP_SDRAM_MspDeInit
<LI><a href="#[157]">&gt;&gt;</a>&nbsp;&nbsp;&nbsp;HAL_SDRAM_DeInit
</UL>

<P><STRONG><a name="[158]"></a>BSP_SDRAM_ReadData</STRONG> (Thumb, 26 bytes, Stack size 8 bytes, stm32746g_discovery_sdram.o(.text), UNUSED)
<BR><BR>[Calls]<UL><LI><a href="#[159]">&gt;&gt;</a>&nbsp;&nbsp;&nbsp;HAL_SDRAM_Read_32b
</UL>

<P><STRONG><a name="[15a]"></a>BSP_SDRAM_ReadData_DMA</STRONG> (Thumb, 26 bytes, Stack size 8 bytes, stm32746g_discovery_sdram.o(.text), UNUSED)
<BR><BR>[Calls]<UL><LI><a href="#[15b]">&gt;&gt;</a>&nbsp;&nbsp;&nbsp;HAL_SDRAM_Read_DMA
</UL>

<P><STRONG><a name="[15c]"></a>BSP_SDRAM_WriteData</STRONG> (Thumb, 26 bytes, Stack size 8 bytes, stm32746g_discovery_sdram.o(.text), UNUSED)
<BR><BR>[Calls]<UL><LI><a href="#[15d]">&gt;&gt;</a>&nbsp;&nbsp;&nbsp;HAL_SDRAM_Write_32b
</UL>

<P><STRONG><a name="[15e]"></a>BSP_SDRAM_WriteData_DMA</STRONG> (Thumb, 26 bytes, Stack size 8 bytes, stm32746g_discovery_sdram.o(.text), UNUSED)
<BR><BR>[Calls]<UL><LI><a href="#[15f]">&gt;&gt;</a>&nbsp;&nbsp;&nbsp;HAL_SDRAM_Write_DMA
</UL>

<P><STRONG><a name="[160]"></a>BSP_SDRAM_Sendcmd</STRONG> (Thumb, 26 bytes, Stack size 8 bytes, stm32746g_discovery_sdram.o(.text), UNUSED)
<BR><BR>[Calls]<UL><LI><a href="#[149]">&gt;&gt;</a>&nbsp;&nbsp;&nbsp;HAL_SDRAM_SendCommand
</UL>

<P><STRONG><a name="[13c]"></a>Buttons_Initialize</STRONG> (Thumb, 48 bytes, Stack size 32 bytes, buttons_746g_discovery.o(.text))
<BR><BR>[Stack]<UL><LI>Max Depth = 72<LI>Call Chain = Buttons_Initialize &rArr; HAL_GPIO_Init
</UL>
<BR>[Calls]<UL><LI><a href="#[14d]">&gt;&gt;</a>&nbsp;&nbsp;&nbsp;HAL_GPIO_Init
</UL>
<BR>[Called By]<UL><LI><a href="#[6c]">&gt;&gt;</a>&nbsp;&nbsp;&nbsp;app_main
</UL>

<P><STRONG><a name="[161]"></a>Buttons_Uninitialize</STRONG> (Thumb, 16 bytes, Stack size 8 bytes, buttons_746g_discovery.o(.text), UNUSED)
<BR><BR>[Calls]<UL><LI><a href="#[162]">&gt;&gt;</a>&nbsp;&nbsp;&nbsp;HAL_GPIO_DeInit
</UL>

<P><STRONG><a name="[12a]"></a>Buttons_GetState</STRONG> (Thumb, 24 bytes, Stack size 8 bytes, buttons_746g_discovery.o(.text))
<BR><BR>[Stack]<UL><LI>Max Depth = 8<LI>Call Chain = Buttons_GetState
</UL>
<BR>[Calls]<UL><LI><a href="#[163]">&gt;&gt;</a>&nbsp;&nbsp;&nbsp;HAL_GPIO_ReadPin
</UL>
<BR>[Called By]<UL><LI><a href="#[129]">&gt;&gt;</a>&nbsp;&nbsp;&nbsp;get_button
</UL>

<P><STRONG><a name="[44e]"></a>Buttons_GetCount</STRONG> (Thumb, 4 bytes, Stack size 0 bytes, buttons_746g_discovery.o(.text), UNUSED)

<P><STRONG><a name="[12d]"></a>GLCD_Initialize</STRONG> (Thumb, 428 bytes, Stack size 240 bytes, glcd_746g_discovery.o(.text))
<BR><BR>[Stack]<UL><LI>Max Depth = 408<LI>Call Chain = GLCD_Initialize &rArr; BSP_SDRAM_Init &rArr; BSP_SDRAM_MspInit &rArr; HAL_DMA_Init &rArr; HAL_GetTick &rArr; osKernelGetTickCount &rArr; svcRtxKernelGetTickCount &rArr; EvrRtxKernelGetTickCount &rArr; EventRecord2 &rArr; EventRecordItem
</UL>
<BR>[Calls]<UL><LI><a href="#[164]">&gt;&gt;</a>&nbsp;&nbsp;&nbsp;HAL_RCCEx_PeriphCLKConfig
<LI><a href="#[165]">&gt;&gt;</a>&nbsp;&nbsp;&nbsp;HAL_LTDC_Init
<LI><a href="#[166]">&gt;&gt;</a>&nbsp;&nbsp;&nbsp;HAL_LTDC_ConfigLayer
<LI><a href="#[167]">&gt;&gt;</a>&nbsp;&nbsp;&nbsp;HAL_GPIO_WritePin
<LI><a href="#[14d]">&gt;&gt;</a>&nbsp;&nbsp;&nbsp;HAL_GPIO_Init
<LI><a href="#[152]">&gt;&gt;</a>&nbsp;&nbsp;&nbsp;BSP_SDRAM_Init
</UL>
<BR>[Called By]<UL><LI><a href="#[6e]">&gt;&gt;</a>&nbsp;&nbsp;&nbsp;Display
</UL>

<P><STRONG><a name="[168]"></a>GLCD_Uninitialize</STRONG> (Thumb, 110 bytes, Stack size 16 bytes, glcd_746g_discovery.o(.text), UNUSED)
<BR><BR>[Calls]<UL><LI><a href="#[169]">&gt;&gt;</a>&nbsp;&nbsp;&nbsp;HAL_LTDC_DeInit
<LI><a href="#[167]">&gt;&gt;</a>&nbsp;&nbsp;&nbsp;HAL_GPIO_WritePin
<LI><a href="#[162]">&gt;&gt;</a>&nbsp;&nbsp;&nbsp;HAL_GPIO_DeInit
</UL>

<P><STRONG><a name="[12f]"></a>GLCD_SetForegroundColor</STRONG> (Thumb, 8 bytes, Stack size 0 bytes, glcd_746g_discovery.o(.text))
<BR><BR>[Called By]<UL><LI><a href="#[6e]">&gt;&gt;</a>&nbsp;&nbsp;&nbsp;Display
</UL>

<P><STRONG><a name="[12e]"></a>GLCD_SetBackgroundColor</STRONG> (Thumb, 8 bytes, Stack size 0 bytes, glcd_746g_discovery.o(.text))
<BR><BR>[Called By]<UL><LI><a href="#[6e]">&gt;&gt;</a>&nbsp;&nbsp;&nbsp;Display
</UL>

<P><STRONG><a name="[130]"></a>GLCD_ClearScreen</STRONG> (Thumb, 26 bytes, Stack size 0 bytes, glcd_746g_discovery.o(.text))
<BR><BR>[Called By]<UL><LI><a href="#[6e]">&gt;&gt;</a>&nbsp;&nbsp;&nbsp;Display
</UL>

<P><STRONG><a name="[131]"></a>GLCD_SetFont</STRONG> (Thumb, 8 bytes, Stack size 0 bytes, glcd_746g_discovery.o(.text))
<BR><BR>[Called By]<UL><LI><a href="#[6e]">&gt;&gt;</a>&nbsp;&nbsp;&nbsp;Display
</UL>

<P><STRONG><a name="[44f]"></a>GLCD_DrawPixel</STRONG> (Thumb, 22 bytes, Stack size 0 bytes, glcd_746g_discovery.o(.text), UNUSED)

<P><STRONG><a name="[16b]"></a>GLCD_DrawHLine</STRONG> (Thumb, 34 bytes, Stack size 8 bytes, glcd_746g_discovery.o(.text), UNUSED)
<BR><BR>[Called By]<UL><LI><a href="#[16a]">&gt;&gt;</a>&nbsp;&nbsp;&nbsp;GLCD_DrawRectangle
</UL>

<P><STRONG><a name="[16c]"></a>GLCD_DrawVLine</STRONG> (Thumb, 36 bytes, Stack size 8 bytes, glcd_746g_discovery.o(.text), UNUSED)
<BR><BR>[Called By]<UL><LI><a href="#[16a]">&gt;&gt;</a>&nbsp;&nbsp;&nbsp;GLCD_DrawRectangle
</UL>

<P><STRONG><a name="[16a]"></a>GLCD_DrawRectangle</STRONG> (Thumb, 54 bytes, Stack size 20 bytes, glcd_746g_discovery.o(.text), UNUSED)
<BR><BR>[Calls]<UL><LI><a href="#[16c]">&gt;&gt;</a>&nbsp;&nbsp;&nbsp;GLCD_DrawVLine
<LI><a href="#[16b]">&gt;&gt;</a>&nbsp;&nbsp;&nbsp;GLCD_DrawHLine
</UL>

<P><STRONG><a name="[16d]"></a>GLCD_DrawChar</STRONG> (Thumb, 132 bytes, Stack size 24 bytes, glcd_746g_discovery.o(.text))
<BR><BR>[Stack]<UL><LI>Max Depth = 24<LI>Call Chain = GLCD_DrawChar
</UL>
<BR>[Called By]<UL><LI><a href="#[132]">&gt;&gt;</a>&nbsp;&nbsp;&nbsp;GLCD_DrawString
</UL>

<P><STRONG><a name="[132]"></a>GLCD_DrawString</STRONG> (Thumb, 38 bytes, Stack size 20 bytes, glcd_746g_discovery.o(.text))
<BR><BR>[Stack]<UL><LI>Max Depth = 44<LI>Call Chain = GLCD_DrawString &rArr; GLCD_DrawChar
</UL>
<BR>[Calls]<UL><LI><a href="#[16d]">&gt;&gt;</a>&nbsp;&nbsp;&nbsp;GLCD_DrawChar
</UL>
<BR>[Called By]<UL><LI><a href="#[6e]">&gt;&gt;</a>&nbsp;&nbsp;&nbsp;Display
</UL>

<P><STRONG><a name="[450]"></a>GLCD_DrawBargraph</STRONG> (Thumb, 82 bytes, Stack size 24 bytes, glcd_746g_discovery.o(.text), UNUSED)

<P><STRONG><a name="[451]"></a>GLCD_DrawBitmap</STRONG> (Thumb, 106 bytes, Stack size 20 bytes, glcd_746g_discovery.o(.text), UNUSED)

<P><STRONG><a name="[452]"></a>GLCD_VScroll</STRONG> (Thumb, 58 bytes, Stack size 8 bytes, glcd_746g_discovery.o(.text), UNUSED)

<P><STRONG><a name="[453]"></a>GLCD_FrameBufferAccess</STRONG> (Thumb, 4 bytes, Stack size 0 bytes, glcd_746g_discovery.o(.text), UNUSED)

<P><STRONG><a name="[454]"></a>GLCD_FrameBufferAddress</STRONG> (Thumb, 4 bytes, Stack size 0 bytes, glcd_746g_discovery.o(.text), UNUSED)

<P><STRONG><a name="[13b]"></a>LED_Initialize</STRONG> (Thumb, 50 bytes, Stack size 32 bytes, led_746g_discovery.o(.text))
<BR><BR>[Stack]<UL><LI>Max Depth = 72<LI>Call Chain = LED_Initialize &rArr; HAL_GPIO_Init
</UL>
<BR>[Calls]<UL><LI><a href="#[14d]">&gt;&gt;</a>&nbsp;&nbsp;&nbsp;HAL_GPIO_Init
</UL>
<BR>[Called By]<UL><LI><a href="#[6c]">&gt;&gt;</a>&nbsp;&nbsp;&nbsp;app_main
</UL>

<P><STRONG><a name="[16e]"></a>LED_Uninitialize</STRONG> (Thumb, 14 bytes, Stack size 8 bytes, led_746g_discovery.o(.text), UNUSED)
<BR><BR>[Calls]<UL><LI><a href="#[162]">&gt;&gt;</a>&nbsp;&nbsp;&nbsp;HAL_GPIO_DeInit
</UL>

<P><STRONG><a name="[16f]"></a>LED_On</STRONG> (Thumb, 28 bytes, Stack size 8 bytes, led_746g_discovery.o(.text))
<BR><BR>[Stack]<UL><LI>Max Depth = 8<LI>Call Chain = LED_On
</UL>
<BR>[Calls]<UL><LI><a href="#[167]">&gt;&gt;</a>&nbsp;&nbsp;&nbsp;HAL_GPIO_WritePin
</UL>
<BR>[Called By]<UL><LI><a href="#[139]">&gt;&gt;</a>&nbsp;&nbsp;&nbsp;LED_SetOut
</UL>

<P><STRONG><a name="[170]"></a>LED_Off</STRONG> (Thumb, 28 bytes, Stack size 8 bytes, led_746g_discovery.o(.text))
<BR><BR>[Stack]<UL><LI>Max Depth = 8<LI>Call Chain = LED_Off
</UL>
<BR>[Calls]<UL><LI><a href="#[167]">&gt;&gt;</a>&nbsp;&nbsp;&nbsp;HAL_GPIO_WritePin
</UL>
<BR>[Called By]<UL><LI><a href="#[139]">&gt;&gt;</a>&nbsp;&nbsp;&nbsp;LED_SetOut
</UL>

<P><STRONG><a name="[139]"></a>LED_SetOut</STRONG> (Thumb, 40 bytes, Stack size 16 bytes, led_746g_discovery.o(.text))
<BR><BR>[Stack]<UL><LI>Max Depth = 24<LI>Call Chain = LED_SetOut &rArr; LED_Off
</UL>
<BR>[Calls]<UL><LI><a href="#[170]">&gt;&gt;</a>&nbsp;&nbsp;&nbsp;LED_Off
<LI><a href="#[16f]">&gt;&gt;</a>&nbsp;&nbsp;&nbsp;LED_On
</UL>
<BR>[Called By]<UL><LI><a href="#[6d]">&gt;&gt;</a>&nbsp;&nbsp;&nbsp;BlinkLed
</UL>

<P><STRONG><a name="[455]"></a>LED_GetCount</STRONG> (Thumb, 4 bytes, Stack size 0 bytes, led_746g_discovery.o(.text), UNUSED)

<P><STRONG><a name="[6]"></a>SVC_Handler</STRONG> (Thumb, 152 bytes, Stack size 0 bytes, irq_cm4f.o(.text))
<BR>[Address Reference Count : 1]<UL><LI> startup_stm32f746xx.o(RESET)
</UL>
<P><STRONG><a name="[8]"></a>PendSV_Handler</STRONG> (Thumb, 16 bytes, Stack size 0 bytes, irq_cm4f.o(.text))
<BR><BR>[Stack]<UL><LI>Max Depth = 96<LI>Call Chain = PendSV_Handler &rArr; osRtxPendSV_Handler &rArr; osRtxThreadDispatch &rArr; osRtxThreadBlock &rArr; EvrRtxThreadPreempted &rArr; EventRecord2 &rArr; EventRecordItem
</UL>
<BR>[Calls]<UL><LI><a href="#[171]">&gt;&gt;</a>&nbsp;&nbsp;&nbsp;osRtxPendSV_Handler
</UL>
<BR>[Address Reference Count : 1]<UL><LI> startup_stm32f746xx.o(RESET)
</UL>
<P><STRONG><a name="[9]"></a>SysTick_Handler</STRONG> (Thumb, 16 bytes, Stack size 0 bytes, irq_cm4f.o(.text))
<BR><BR>[Stack]<UL><LI>Max Depth = 104<LI>Call Chain = SysTick_Handler &rArr; osRtxTick_Handler &rArr; osRtxThreadDispatch &rArr; osRtxThreadBlock &rArr; EvrRtxThreadPreempted &rArr; EventRecord2 &rArr; EventRecordItem
</UL>
<BR>[Calls]<UL><LI><a href="#[172]">&gt;&gt;</a>&nbsp;&nbsp;&nbsp;osRtxTick_Handler
</UL>
<BR>[Address Reference Count : 2]<UL><LI> rtx_kernel.o(.text)
<LI> startup_stm32f746xx.o(RESET)
</UL>
<P><STRONG><a name="[13a]"></a>osDelay</STRONG> (Thumb, 46 bytes, Stack size 8 bytes, rtx_delay.o(.text))
<BR><BR>[Stack]<UL><LI>Max Depth = 80<LI>Call Chain = osDelay &rArr; EvrRtxDelayError &rArr; EventRecord2 &rArr; EventRecordItem
</UL>
<BR>[Calls]<UL><LI><a href="#[176]">&gt;&gt;</a>&nbsp;&nbsp;&nbsp;EvrRtxDelayError
<LI><a href="#[178]">&gt;&gt;</a>&nbsp;&nbsp;&nbsp;EvrRtxDelay
<LI><a href="#[17a]">&gt;&gt;</a>&nbsp;&nbsp;&nbsp;IsIrqMasked
<LI><a href="#[179]">&gt;&gt;</a>&nbsp;&nbsp;&nbsp;IsIrqMode
</UL>
<BR>[Called By]<UL><LI><a href="#[6d]">&gt;&gt;</a>&nbsp;&nbsp;&nbsp;BlinkLed
<LI><a href="#[338]">&gt;&gt;</a>&nbsp;&nbsp;&nbsp;netos_delay
</UL>

<P><STRONG><a name="[17b]"></a>osDelayUntil</STRONG> (Thumb, 46 bytes, Stack size 8 bytes, rtx_delay.o(.text), UNUSED)
<BR><BR>[Calls]<UL><LI><a href="#[17c]">&gt;&gt;</a>&nbsp;&nbsp;&nbsp;EvrRtxDelayUntil
<LI><a href="#[176]">&gt;&gt;</a>&nbsp;&nbsp;&nbsp;EvrRtxDelayError
<LI><a href="#[17a]">&gt;&gt;</a>&nbsp;&nbsp;&nbsp;IsIrqMasked
<LI><a href="#[179]">&gt;&gt;</a>&nbsp;&nbsp;&nbsp;IsIrqMode
</UL>

<P><STRONG><a name="[17d]"></a>EvrRtxMemoryInit</STRONG> (Thumb, 24 bytes, Stack size 16 bytes, rtx_evr.o(.text))
<BR><BR>[Stack]<UL><LI>Max Depth = 104<LI>Call Chain = EvrRtxMemoryInit &rArr; EventRecord4 &rArr; EventRecordItem
</UL>
<BR>[Calls]<UL><LI><a href="#[17e]">&gt;&gt;</a>&nbsp;&nbsp;&nbsp;EventRecord4
</UL>
<BR>[Called By]<UL><LI><a href="#[22a]">&gt;&gt;</a>&nbsp;&nbsp;&nbsp;osRtxMemoryInit
</UL>

<P><STRONG><a name="[17f]"></a>EvrRtxMemoryAlloc</STRONG> (Thumb, 18 bytes, Stack size 8 bytes, rtx_evr.o(.text))
<BR><BR>[Stack]<UL><LI>Max Depth = 96<LI>Call Chain = EvrRtxMemoryAlloc &rArr; EventRecord4 &rArr; EventRecordItem
</UL>
<BR>[Calls]<UL><LI><a href="#[17e]">&gt;&gt;</a>&nbsp;&nbsp;&nbsp;EventRecord4
</UL>
<BR>[Called By]<UL><LI><a href="#[247]">&gt;&gt;</a>&nbsp;&nbsp;&nbsp;osRtxMemoryAlloc
</UL>

<P><STRONG><a name="[180]"></a>EvrRtxMemoryFree</STRONG> (Thumb, 24 bytes, Stack size 16 bytes, rtx_evr.o(.text))
<BR><BR>[Stack]<UL><LI>Max Depth = 104<LI>Call Chain = EvrRtxMemoryFree &rArr; EventRecord4 &rArr; EventRecordItem
</UL>
<BR>[Calls]<UL><LI><a href="#[17e]">&gt;&gt;</a>&nbsp;&nbsp;&nbsp;EventRecord4
</UL>
<BR>[Called By]<UL><LI><a href="#[248]">&gt;&gt;</a>&nbsp;&nbsp;&nbsp;osRtxMemoryFree
</UL>

<P><STRONG><a name="[181]"></a>EvrRtxMemoryBlockInit</STRONG> (Thumb, 20 bytes, Stack size 8 bytes, rtx_evr.o(.text))
<BR><BR>[Stack]<UL><LI>Max Depth = 96<LI>Call Chain = EvrRtxMemoryBlockInit &rArr; EventRecord4 &rArr; EventRecordItem
</UL>
<BR>[Calls]<UL><LI><a href="#[17e]">&gt;&gt;</a>&nbsp;&nbsp;&nbsp;EventRecord4
</UL>
<BR>[Called By]<UL><LI><a href="#[22b]">&gt;&gt;</a>&nbsp;&nbsp;&nbsp;osRtxMemoryPoolInit
</UL>

<P><STRONG><a name="[182]"></a>EvrRtxMemoryBlockAlloc</STRONG> (Thumb, 12 bytes, Stack size 0 bytes, rtx_evr.o(.text))
<BR><BR>[Stack]<UL><LI>Max Depth = 72<LI>Call Chain = EvrRtxMemoryBlockAlloc &rArr; EventRecord2 &rArr; EventRecordItem
</UL>
<BR>[Calls]<UL><LI><a href="#[183]">&gt;&gt;</a>&nbsp;&nbsp;&nbsp;EventRecord2
</UL>
<BR>[Called By]<UL><LI><a href="#[249]">&gt;&gt;</a>&nbsp;&nbsp;&nbsp;osRtxMemoryPoolAlloc
</UL>

<P><STRONG><a name="[184]"></a>EvrRtxMemoryBlockFree</STRONG> (Thumb, 24 bytes, Stack size 16 bytes, rtx_evr.o(.text))
<BR><BR>[Stack]<UL><LI>Max Depth = 104<LI>Call Chain = EvrRtxMemoryBlockFree &rArr; EventRecord4 &rArr; EventRecordItem
</UL>
<BR>[Calls]<UL><LI><a href="#[17e]">&gt;&gt;</a>&nbsp;&nbsp;&nbsp;EventRecord4
</UL>
<BR>[Called By]<UL><LI><a href="#[24c]">&gt;&gt;</a>&nbsp;&nbsp;&nbsp;osRtxMemoryPoolFree
</UL>

<P><STRONG><a name="[185]"></a>EvrRtxKernelError</STRONG> (Thumb, 12 bytes, Stack size 0 bytes, rtx_evr.o(.text))
<BR><BR>[Stack]<UL><LI>Max Depth = 72<LI>Call Chain = EvrRtxKernelError &rArr; EventRecord2 &rArr; EventRecordItem
</UL>
<BR>[Calls]<UL><LI><a href="#[183]">&gt;&gt;</a>&nbsp;&nbsp;&nbsp;EventRecord2
</UL>
<BR>[Called By]<UL><LI><a href="#[128]">&gt;&gt;</a>&nbsp;&nbsp;&nbsp;osKernelStart
<LI><a href="#[126]">&gt;&gt;</a>&nbsp;&nbsp;&nbsp;osKernelInitialize
<LI><a href="#[240]">&gt;&gt;</a>&nbsp;&nbsp;&nbsp;osKernelResume
<LI><a href="#[23f]">&gt;&gt;</a>&nbsp;&nbsp;&nbsp;osKernelSuspend
<LI><a href="#[23e]">&gt;&gt;</a>&nbsp;&nbsp;&nbsp;osKernelRestoreLock
<LI><a href="#[23d]">&gt;&gt;</a>&nbsp;&nbsp;&nbsp;osKernelUnlock
<LI><a href="#[23c]">&gt;&gt;</a>&nbsp;&nbsp;&nbsp;osKernelLock
<LI><a href="#[78]">&gt;&gt;</a>&nbsp;&nbsp;&nbsp;svcRtxKernelSuspend
<LI><a href="#[77]">&gt;&gt;</a>&nbsp;&nbsp;&nbsp;svcRtxKernelRestoreLock
<LI><a href="#[76]">&gt;&gt;</a>&nbsp;&nbsp;&nbsp;svcRtxKernelUnlock
<LI><a href="#[75]">&gt;&gt;</a>&nbsp;&nbsp;&nbsp;svcRtxKernelLock
<LI><a href="#[74]">&gt;&gt;</a>&nbsp;&nbsp;&nbsp;svcRtxKernelStart
<LI><a href="#[71]">&gt;&gt;</a>&nbsp;&nbsp;&nbsp;svcRtxKernelInitialize
</UL>

<P><STRONG><a name="[186]"></a>EvrRtxKernelInitialize</STRONG> (Thumb, 10 bytes, Stack size 0 bytes, rtx_evr.o(.text))
<BR><BR>[Stack]<UL><LI>Max Depth = 72<LI>Call Chain = EvrRtxKernelInitialize &rArr; EventRecord2 &rArr; EventRecordItem
</UL>
<BR>[Calls]<UL><LI><a href="#[183]">&gt;&gt;</a>&nbsp;&nbsp;&nbsp;EventRecord2
</UL>
<BR>[Called By]<UL><LI><a href="#[126]">&gt;&gt;</a>&nbsp;&nbsp;&nbsp;osKernelInitialize
</UL>

<P><STRONG><a name="[187]"></a>EvrRtxKernelInitialized</STRONG> (Thumb, 10 bytes, Stack size 0 bytes, rtx_evr.o(.text))
<BR><BR>[Stack]<UL><LI>Max Depth = 72<LI>Call Chain = EvrRtxKernelInitialized &rArr; EventRecord2 &rArr; EventRecordItem
</UL>
<BR>[Calls]<UL><LI><a href="#[183]">&gt;&gt;</a>&nbsp;&nbsp;&nbsp;EventRecord2
</UL>
<BR>[Called By]<UL><LI><a href="#[71]">&gt;&gt;</a>&nbsp;&nbsp;&nbsp;svcRtxKernelInitialize
</UL>

<P><STRONG><a name="[188]"></a>EvrRtxKernelGetInfo</STRONG> (Thumb, 24 bytes, Stack size 16 bytes, rtx_evr.o(.text), UNUSED)
<BR><BR>[Calls]<UL><LI><a href="#[17e]">&gt;&gt;</a>&nbsp;&nbsp;&nbsp;EventRecord4
</UL>
<BR>[Called By]<UL><LI><a href="#[23b]">&gt;&gt;</a>&nbsp;&nbsp;&nbsp;osKernelGetInfo
</UL>

<P><STRONG><a name="[189]"></a>EvrRtxKernelInfoRetrieved</STRONG> (Thumb, 40 bytes, Stack size 16 bytes, rtx_evr.o(.text))
<BR><BR>[Stack]<UL><LI>Max Depth = 112<LI>Call Chain = EvrRtxKernelInfoRetrieved &rArr; EventRecordData &rArr; EventRecordItem
</UL>
<BR>[Calls]<UL><LI><a href="#[18a]">&gt;&gt;</a>&nbsp;&nbsp;&nbsp;EventRecordData
<LI><a href="#[183]">&gt;&gt;</a>&nbsp;&nbsp;&nbsp;EventRecord2
</UL>
<BR>[Called By]<UL><LI><a href="#[72]">&gt;&gt;</a>&nbsp;&nbsp;&nbsp;svcRtxKernelGetInfo
</UL>

<P><STRONG><a name="[18b]"></a>EvrRtxKernelStart</STRONG> (Thumb, 12 bytes, Stack size 0 bytes, rtx_evr.o(.text))
<BR><BR>[Stack]<UL><LI>Max Depth = 72<LI>Call Chain = EvrRtxKernelStart &rArr; EventRecord2 &rArr; EventRecordItem
</UL>
<BR>[Calls]<UL><LI><a href="#[183]">&gt;&gt;</a>&nbsp;&nbsp;&nbsp;EventRecord2
</UL>
<BR>[Called By]<UL><LI><a href="#[128]">&gt;&gt;</a>&nbsp;&nbsp;&nbsp;osKernelStart
</UL>

<P><STRONG><a name="[18c]"></a>EvrRtxKernelStarted</STRONG> (Thumb, 12 bytes, Stack size 0 bytes, rtx_evr.o(.text))
<BR><BR>[Stack]<UL><LI>Max Depth = 72<LI>Call Chain = EvrRtxKernelStarted &rArr; EventRecord2 &rArr; EventRecordItem
</UL>
<BR>[Calls]<UL><LI><a href="#[183]">&gt;&gt;</a>&nbsp;&nbsp;&nbsp;EventRecord2
</UL>
<BR>[Called By]<UL><LI><a href="#[74]">&gt;&gt;</a>&nbsp;&nbsp;&nbsp;svcRtxKernelStart
</UL>

<P><STRONG><a name="[18d]"></a>EvrRtxKernelLock</STRONG> (Thumb, 12 bytes, Stack size 0 bytes, rtx_evr.o(.text), UNUSED)
<BR><BR>[Calls]<UL><LI><a href="#[183]">&gt;&gt;</a>&nbsp;&nbsp;&nbsp;EventRecord2
</UL>
<BR>[Called By]<UL><LI><a href="#[23c]">&gt;&gt;</a>&nbsp;&nbsp;&nbsp;osKernelLock
</UL>

<P><STRONG><a name="[18e]"></a>EvrRtxKernelLocked</STRONG> (Thumb, 12 bytes, Stack size 0 bytes, rtx_evr.o(.text))
<BR><BR>[Stack]<UL><LI>Max Depth = 72<LI>Call Chain = EvrRtxKernelLocked &rArr; EventRecord2 &rArr; EventRecordItem
</UL>
<BR>[Calls]<UL><LI><a href="#[183]">&gt;&gt;</a>&nbsp;&nbsp;&nbsp;EventRecord2
</UL>
[...]
<BR>[Address Reference Count : 1]<UL><LI> net_http_server_auth.o(.constdata)
</UL>
<P><STRONG><a name="[10c]"></a>http_auth_init</STRONG> (Thumb, 28 bytes, Stack size 0 bytes, net_http_server_auth.o(i.http_auth_init))
<BR>[Address Reference Count : 1]<UL><LI> net_http_server_auth.o(.constdata)
</UL>
<P><STRONG><a name="[40a]"></a>ping_send_req</STRONG> (Thumb, 22 bytes, Stack size 0 bytes, net_ping_core.o(i.ping_send_req))
<BR><BR>[Stack]<UL><LI>Max Depth = 216<LI>Call Chain = ping_send_req &rArr; net_icmp6_send_echo &rArr; net_icmp6_send &rArr; net_ip6_send_frame &rArr; net_loop_send_frame &rArr; net_mem_alloc &rArr; EventRecord4 &rArr; EventRecordItem
</UL>
<BR>[Calls]<UL><LI><a href="#[3fe]">&gt;&gt;</a>&nbsp;&nbsp;&nbsp;net_icmp_send_echo
<LI><a href="#[3fc]">&gt;&gt;</a>&nbsp;&nbsp;&nbsp;net_icmp6_send_echo
</UL>
<BR>[Called By]<UL><LI><a href="#[104]">&gt;&gt;</a>&nbsp;&nbsp;&nbsp;net_ping_client_run
</UL>

<P><STRONG><a name="[3c7]"></a>sys_proc_tick</STRONG> (Thumb, 72 bytes, Stack size 0 bytes, net_sys.o(i.sys_proc_tick))
<BR><BR>[Calls]<UL><LI><a href="#[364]">&gt;&gt;</a>&nbsp;&nbsp;&nbsp;net_rand32
</UL>
<BR>[Called By]<UL><LI><a href="#[c3]">&gt;&gt;</a>&nbsp;&nbsp;&nbsp;netCore_Thread
</UL>

<P><STRONG><a name="[3ac]"></a>ip4_ntoa</STRONG> (Thumb, 34 bytes, Stack size 16 bytes, net_addr.o(i.ip4_ntoa))
<BR><BR>[Stack]<UL><LI>Max Depth = 40<LI>Call Chain = ip4_ntoa &rArr; __2sprintf
</UL>
<BR>[Calls]<UL><LI><a href="#[136]">&gt;&gt;</a>&nbsp;&nbsp;&nbsp;__2sprintf
</UL>
<BR>[Called By]<UL><LI><a href="#[134]">&gt;&gt;</a>&nbsp;&nbsp;&nbsp;netIP_ntoa
</UL>

<P><STRONG><a name="[3af]"></a>ip6_ntoa</STRONG> (Thumb, 202 bytes, Stack size 32 bytes, net_addr.o(i.ip6_ntoa))
<BR><BR>[Stack]<UL><LI>Max Depth = 56<LI>Call Chain = ip6_ntoa &rArr; __2sprintf
</UL>
<BR>[Calls]<UL><LI><a href="#[136]">&gt;&gt;</a>&nbsp;&nbsp;&nbsp;__2sprintf
</UL>
<BR>[Called By]<UL><LI><a href="#[134]">&gt;&gt;</a>&nbsp;&nbsp;&nbsp;netIP_ntoa
</UL>

<P><STRONG><a name="[3d3]"></a>arp_cache_alloc</STRONG> (Thumb, 128 bytes, Stack size 20 bytes, net_arp.o(i.arp_cache_alloc))
<BR><BR>[Stack]<UL><LI>Max Depth = 20<LI>Call Chain = arp_cache_alloc
</UL>
<BR>[Called By]<UL><LI><a href="#[3d5]">&gt;&gt;</a>&nbsp;&nbsp;&nbsp;net_arp_cache_find
<LI><a href="#[3d4]">&gt;&gt;</a>&nbsp;&nbsp;&nbsp;net_arp_cache_early
<LI><a href="#[3d1]">&gt;&gt;</a>&nbsp;&nbsp;&nbsp;net_arp_cache_add
</UL>

<P><STRONG><a name="[3d2]"></a>arp_is_cacheable</STRONG> (Thumb, 60 bytes, Stack size 0 bytes, net_arp.o(i.arp_is_cacheable))
<BR><BR>[Called By]<UL><LI><a href="#[3d4]">&gt;&gt;</a>&nbsp;&nbsp;&nbsp;net_arp_cache_early
<LI><a href="#[3d1]">&gt;&gt;</a>&nbsp;&nbsp;&nbsp;net_arp_cache_add
</UL>

<P><STRONG><a name="[354]"></a>arp_probe_run</STRONG> (Thumb, 80 bytes, Stack size 8 bytes, net_arp.o(i.arp_probe_run))
<BR><BR>[Stack]<UL><LI>Max Depth = 144<LI>Call Chain = arp_probe_run &rArr; arp_send_request &rArr; net_mem_free &rArr; EventRecord4 &rArr; EventRecordItem
</UL>
<BR>[Calls]<UL><LI><a href="#[18a]">&gt;&gt;</a>&nbsp;&nbsp;&nbsp;EventRecordData
<LI><a href="#[355]">&gt;&gt;</a>&nbsp;&nbsp;&nbsp;arp_send_request
</UL>
<BR>[Called By]<UL><LI><a href="#[3db]">&gt;&gt;</a>&nbsp;&nbsp;&nbsp;net_arp_run
</UL>

<P><STRONG><a name="[356]"></a>arp_proc_response</STRONG> (Thumb, 202 bytes, Stack size 24 bytes, net_arp.o(i.arp_proc_response))
<BR><BR>[Stack]<UL><LI>Max Depth = 136<LI>Call Chain = arp_proc_response &rArr; net_mem_free &rArr; EventRecord4 &rArr; EventRecordItem
</UL>
<BR>[Calls]<UL><LI><a href="#[183]">&gt;&gt;</a>&nbsp;&nbsp;&nbsp;EventRecord2
<LI><a href="#[357]">&gt;&gt;</a>&nbsp;&nbsp;&nbsp;net_mem_free
</UL>
<BR>[Called By]<UL><LI><a href="#[3d9]">&gt;&gt;</a>&nbsp;&nbsp;&nbsp;net_arp_process
</UL>

<P><STRONG><a name="[358]"></a>arp_que_free</STRONG> (Thumb, 26 bytes, Stack size 8 bytes, net_arp.o(i.arp_que_free))
<BR><BR>[Stack]<UL><LI>Max Depth = 120<LI>Call Chain = arp_que_free &rArr; net_mem_free &rArr; EventRecord4 &rArr; EventRecordItem
</UL>
<BR>[Calls]<UL><LI><a href="#[357]">&gt;&gt;</a>&nbsp;&nbsp;&nbsp;net_mem_free
</UL>
<BR>[Called By]<UL><LI><a href="#[3db]">&gt;&gt;</a>&nbsp;&nbsp;&nbsp;net_arp_run
<LI><a href="#[3d5]">&gt;&gt;</a>&nbsp;&nbsp;&nbsp;net_arp_cache_find
<LI><a href="#[3d4]">&gt;&gt;</a>&nbsp;&nbsp;&nbsp;net_arp_cache_early
<LI><a href="#[3d1]">&gt;&gt;</a>&nbsp;&nbsp;&nbsp;net_arp_cache_add
</UL>

<P><STRONG><a name="[359]"></a>arp_send_reply</STRONG> (Thumb, 138 bytes, Stack size 24 bytes, net_arp.o(i.arp_send_reply))
<BR><BR>[Stack]<UL><LI>Max Depth = 136<LI>Call Chain = arp_send_reply &rArr; net_mem_free &rArr; EventRecord4 &rArr; EventRecordItem
</UL>
<BR>[Calls]<UL><LI><a href="#[18a]">&gt;&gt;</a>&nbsp;&nbsp;&nbsp;EventRecordData
<LI><a href="#[183]">&gt;&gt;</a>&nbsp;&nbsp;&nbsp;EventRecord2
<LI><a href="#[357]">&gt;&gt;</a>&nbsp;&nbsp;&nbsp;net_mem_free
<LI><a href="#[35a]">&gt;&gt;</a>&nbsp;&nbsp;&nbsp;net_mem_alloc
</UL>
<BR>[Called By]<UL><LI><a href="#[3d9]">&gt;&gt;</a>&nbsp;&nbsp;&nbsp;net_arp_process
</UL>

<P><STRONG><a name="[355]"></a>arp_send_request</STRONG> (Thumb, 182 bytes, Stack size 24 bytes, net_arp.o(i.arp_send_request))
<BR><BR>[Stack]<UL><LI>Max Depth = 136<LI>Call Chain = arp_send_request &rArr; net_mem_free &rArr; EventRecord4 &rArr; EventRecordItem
</UL>
<BR>[Calls]<UL><LI><a href="#[18a]">&gt;&gt;</a>&nbsp;&nbsp;&nbsp;EventRecordData
<LI><a href="#[183]">&gt;&gt;</a>&nbsp;&nbsp;&nbsp;EventRecord2
<LI><a href="#[357]">&gt;&gt;</a>&nbsp;&nbsp;&nbsp;net_mem_free
<LI><a href="#[35a]">&gt;&gt;</a>&nbsp;&nbsp;&nbsp;net_mem_alloc
</UL>
<BR>[Called By]<UL><LI><a href="#[3d8]">&gt;&gt;</a>&nbsp;&nbsp;&nbsp;net_arp_probe
<LI><a href="#[3db]">&gt;&gt;</a>&nbsp;&nbsp;&nbsp;net_arp_run
<LI><a href="#[374]">&gt;&gt;</a>&nbsp;&nbsp;&nbsp;net_arp_notify
<LI><a href="#[3d6]">&gt;&gt;</a>&nbsp;&nbsp;&nbsp;net_arp_enqueue
<LI><a href="#[3d4]">&gt;&gt;</a>&nbsp;&nbsp;&nbsp;net_arp_cache_early
<LI><a href="#[354]">&gt;&gt;</a>&nbsp;&nbsp;&nbsp;arp_probe_run
</UL>

<P><STRONG><a name="[3da]"></a>arp_sender_valid</STRONG> (Thumb, 88 bytes, Stack size 0 bytes, net_arp.o(i.arp_sender_valid))
<BR><BR>[Called By]<UL><LI><a href="#[3d9]">&gt;&gt;</a>&nbsp;&nbsp;&nbsp;net_arp_process
</UL>

<P><STRONG><a name="[3b3]"></a>ndp_cache_add</STRONG> (Thumb, 230 bytes, Stack size 40 bytes, net_ndp.o(i.ndp_cache_add))
<BR><BR>[Stack]<UL><LI>Max Depth = 136<LI>Call Chain = ndp_cache_add &rArr; EventRecordData &rArr; EventRecordItem
</UL>
<BR>[Calls]<UL><LI><a href="#[18a]">&gt;&gt;</a>&nbsp;&nbsp;&nbsp;EventRecordData
<LI><a href="#[183]">&gt;&gt;</a>&nbsp;&nbsp;&nbsp;EventRecord2
<LI><a href="#[3ae]">&gt;&gt;</a>&nbsp;&nbsp;&nbsp;net_addr6_comp
<LI><a href="#[363]">&gt;&gt;</a>&nbsp;&nbsp;&nbsp;net_addr6_copy
<LI><a href="#[22c]">&gt;&gt;</a>&nbsp;&nbsp;&nbsp;__aeabi_memcpy
<LI><a href="#[3b4]">&gt;&gt;</a>&nbsp;&nbsp;&nbsp;ndp_cache_alloc
</UL>
<BR>[Called By]<UL><LI><a href="#[3f9]">&gt;&gt;</a>&nbsp;&nbsp;&nbsp;net_ndp_process
</UL>

<P><STRONG><a name="[3b4]"></a>ndp_cache_alloc</STRONG> (Thumb, 134 bytes, Stack size 20 bytes, net_ndp.o(i.ndp_cache_alloc))
<BR><BR>[Stack]<UL><LI>Max Depth = 20<LI>Call Chain = ndp_cache_alloc
</UL>
<BR>[Called By]<UL><LI><a href="#[3f1]">&gt;&gt;</a>&nbsp;&nbsp;&nbsp;net_ndp_cache_find
<LI><a href="#[3b3]">&gt;&gt;</a>&nbsp;&nbsp;&nbsp;ndp_cache_add
</UL>

<P><STRONG><a name="[3b5]"></a>ndp_cache_delete</STRONG> (Thumb, 100 bytes, Stack size 24 bytes, net_ndp.o(i.ndp_cache_delete))
<BR><BR>[Stack]<UL><LI>Max Depth = 144<LI>Call Chain = ndp_cache_delete &rArr; ndp_que_free &rArr; net_mem_free &rArr; EventRecord4 &rArr; EventRecordItem
</UL>
<BR>[Calls]<UL><LI><a href="#[18a]">&gt;&gt;</a>&nbsp;&nbsp;&nbsp;EventRecordData
<LI><a href="#[3ae]">&gt;&gt;</a>&nbsp;&nbsp;&nbsp;net_addr6_comp
<LI><a href="#[22c]">&gt;&gt;</a>&nbsp;&nbsp;&nbsp;__aeabi_memcpy
<LI><a href="#[3b6]">&gt;&gt;</a>&nbsp;&nbsp;&nbsp;ndp_router_remove
<LI><a href="#[3b7]">&gt;&gt;</a>&nbsp;&nbsp;&nbsp;ndp_que_free
</UL>
<BR>[Called By]<UL><LI><a href="#[3f9]">&gt;&gt;</a>&nbsp;&nbsp;&nbsp;net_ndp_process
</UL>

<P><STRONG><a name="[409]"></a>ndp_check_frame</STRONG> (Thumb, 44 bytes, Stack size 0 bytes, net_ndp.o(i.ndp_check_frame))
<BR><BR>[Called By]<UL><LI><a href="#[3f9]">&gt;&gt;</a>&nbsp;&nbsp;&nbsp;net_ndp_process
</UL>

<P><STRONG><a name="[3b8]"></a>ndp_is_onlink</STRONG> (Thumb, 84 bytes, Stack size 24 bytes, net_ndp.o(i.ndp_is_onlink))
<BR><BR>[Stack]<UL><LI>Max Depth = 36<LI>Call Chain = ndp_is_onlink &rArr; memcmp
</UL>
<BR>[Calls]<UL><LI><a href="#[3b9]">&gt;&gt;</a>&nbsp;&nbsp;&nbsp;net_addr6_is_onlink
<LI><a href="#[368]">&gt;&gt;</a>&nbsp;&nbsp;&nbsp;memcmp
</UL>
<BR>[Called By]<UL><LI><a href="#[3f1]">&gt;&gt;</a>&nbsp;&nbsp;&nbsp;net_ndp_cache_find
</UL>

<P><STRONG><a name="[3bf]"></a>ndp_next_opt</STRONG> (Thumb, 18 bytes, Stack size 0 bytes, net_ndp.o(i.ndp_next_opt))
<BR><BR>[Called By]<UL><LI><a href="#[3f9]">&gt;&gt;</a>&nbsp;&nbsp;&nbsp;net_ndp_process
<LI><a href="#[3be]">&gt;&gt;</a>&nbsp;&nbsp;&nbsp;ndp_proc_response
</UL>

<P><STRONG><a name="[3ba]"></a>ndp_prefix_add</STRONG> (Thumb, 190 bytes, Stack size 32 bytes, net_ndp.o(i.ndp_prefix_add))
<BR><BR>[Stack]<UL><LI>Max Depth = 128<LI>Call Chain = ndp_prefix_add &rArr; EventRecordData &rArr; EventRecordItem
</UL>
<BR>[Calls]<UL><LI><a href="#[18a]">&gt;&gt;</a>&nbsp;&nbsp;&nbsp;EventRecordData
<LI><a href="#[3bb]">&gt;&gt;</a>&nbsp;&nbsp;&nbsp;net_addr6_create
<LI><a href="#[368]">&gt;&gt;</a>&nbsp;&nbsp;&nbsp;memcmp
</UL>
<BR>[Called By]<UL><LI><a href="#[3f9]">&gt;&gt;</a>&nbsp;&nbsp;&nbsp;net_ndp_process
</UL>

<P><STRONG><a name="[3bc]"></a>ndp_probe_run</STRONG> (Thumb, 82 bytes, Stack size 16 bytes, net_ndp.o(i.ndp_probe_run))
<BR><BR>[Stack]<UL><LI>Max Depth = 232<LI>Call Chain = ndp_probe_run &rArr; ndp_send_request &rArr; net_icmp6_send &rArr; net_ip6_send_frame &rArr; net_loop_send_frame &rArr; net_mem_alloc &rArr; EventRecord4 &rArr; EventRecordItem
</UL>
<BR>[Calls]<UL><LI><a href="#[18a]">&gt;&gt;</a>&nbsp;&nbsp;&nbsp;EventRecordData
<LI><a href="#[3bd]">&gt;&gt;</a>&nbsp;&nbsp;&nbsp;ndp_send_request
</UL>
<BR>[Called By]<UL><LI><a href="#[3e3]">&gt;&gt;</a>&nbsp;&nbsp;&nbsp;net_ndp_run
</UL>

<P><STRONG><a name="[3be]"></a>ndp_proc_response</STRONG> (Thumb, 224 bytes, Stack size 40 bytes, net_ndp.o(i.ndp_proc_response))
<BR><BR>[Stack]<UL><LI>Max Depth = 152<LI>Call Chain = ndp_proc_response &rArr; net_mem_free &rArr; EventRecord4 &rArr; EventRecordItem
</UL>
<BR>[Calls]<UL><LI><a href="#[18a]">&gt;&gt;</a>&nbsp;&nbsp;&nbsp;EventRecordData
<LI><a href="#[183]">&gt;&gt;</a>&nbsp;&nbsp;&nbsp;EventRecord2
<LI><a href="#[3ae]">&gt;&gt;</a>&nbsp;&nbsp;&nbsp;net_addr6_comp
<LI><a href="#[357]">&gt;&gt;</a>&nbsp;&nbsp;&nbsp;net_mem_free
<LI><a href="#[3bf]">&gt;&gt;</a>&nbsp;&nbsp;&nbsp;ndp_next_opt
</UL>
<BR>[Called By]<UL><LI><a href="#[3f9]">&gt;&gt;</a>&nbsp;&nbsp;&nbsp;net_ndp_process
</UL>

<P><STRONG><a name="[3b7]"></a>ndp_que_free</STRONG> (Thumb, 26 bytes, Stack size 8 bytes, net_ndp.o(i.ndp_que_free))
<BR><BR>[Stack]<UL><LI>Max Depth = 120<LI>Call Chain = ndp_que_free &rArr; net_mem_free &rArr; EventRecord4 &rArr; EventRecordItem
</UL>
<BR>[Calls]<UL><LI><a href="#[357]">&gt;&gt;</a>&nbsp;&nbsp;&nbsp;net_mem_free
</UL>
<BR>[Called By]<UL><LI><a href="#[3e3]">&gt;&gt;</a>&nbsp;&nbsp;&nbsp;net_ndp_run
<LI><a href="#[3f1]">&gt;&gt;</a>&nbsp;&nbsp;&nbsp;net_ndp_cache_find
<LI><a href="#[3b5]">&gt;&gt;</a>&nbsp;&nbsp;&nbsp;ndp_cache_delete
</UL>

<P><STRONG><a name="[3b6]"></a>ndp_router_remove</STRONG> (Thumb, 48 bytes, Stack size 8 bytes, net_ndp.o(i.ndp_router_remove))
<BR><BR>[Stack]<UL><LI>Max Depth = 8<LI>Call Chain = ndp_router_remove
</UL>
<BR>[Calls]<UL><LI><a href="#[363]">&gt;&gt;</a>&nbsp;&nbsp;&nbsp;net_addr6_copy
</UL>
<BR>[Called By]<UL><LI><a href="#[3e3]">&gt;&gt;</a>&nbsp;&nbsp;&nbsp;net_ndp_run
<LI><a href="#[3b5]">&gt;&gt;</a>&nbsp;&nbsp;&nbsp;ndp_cache_delete
</UL>

<P><STRONG><a name="[3c0]"></a>ndp_send_reply</STRONG> (Thumb, 118 bytes, Stack size 16 bytes, net_ndp.o(i.ndp_send_reply))
<BR><BR>[Stack]<UL><LI>Max Depth = 216<LI>Call Chain = ndp_send_reply &rArr; net_icmp6_send &rArr; net_ip6_send_frame &rArr; net_loop_send_frame &rArr; net_mem_alloc &rArr; EventRecord4 &rArr; EventRecordItem
</UL>
<BR>[Calls]<UL><LI><a href="#[18a]">&gt;&gt;</a>&nbsp;&nbsp;&nbsp;EventRecordData
<LI><a href="#[183]">&gt;&gt;</a>&nbsp;&nbsp;&nbsp;EventRecord2
<LI><a href="#[357]">&gt;&gt;</a>&nbsp;&nbsp;&nbsp;net_mem_free
<LI><a href="#[35a]">&gt;&gt;</a>&nbsp;&nbsp;&nbsp;net_mem_alloc
<LI><a href="#[363]">&gt;&gt;</a>&nbsp;&nbsp;&nbsp;net_addr6_copy
<LI><a href="#[3c1]">&gt;&gt;</a>&nbsp;&nbsp;&nbsp;net_icmp6_send
</UL>
<BR>[Called By]<UL><LI><a href="#[3f9]">&gt;&gt;</a>&nbsp;&nbsp;&nbsp;net_ndp_process
</UL>

<P><STRONG><a name="[3bd]"></a>ndp_send_request</STRONG> (Thumb, 150 bytes, Stack size 16 bytes, net_ndp.o(i.ndp_send_request))
<BR><BR>[Stack]<UL><LI>Max Depth = 216<LI>Call Chain = ndp_send_request &rArr; net_icmp6_send &rArr; net_ip6_send_frame &rArr; net_loop_send_frame &rArr; net_mem_alloc &rArr; EventRecord4 &rArr; EventRecordItem
</UL>
<BR>[Calls]<UL><LI><a href="#[18a]">&gt;&gt;</a>&nbsp;&nbsp;&nbsp;EventRecordData
<LI><a href="#[183]">&gt;&gt;</a>&nbsp;&nbsp;&nbsp;EventRecord2
<LI><a href="#[357]">&gt;&gt;</a>&nbsp;&nbsp;&nbsp;net_mem_free
<LI><a href="#[35a]">&gt;&gt;</a>&nbsp;&nbsp;&nbsp;net_mem_alloc
<LI><a href="#[363]">&gt;&gt;</a>&nbsp;&nbsp;&nbsp;net_addr6_copy
<LI><a href="#[3c1]">&gt;&gt;</a>&nbsp;&nbsp;&nbsp;net_icmp6_send
<LI><a href="#[3c2]">&gt;&gt;</a>&nbsp;&nbsp;&nbsp;net_ip6_get_local
</UL>
<BR>[Called By]<UL><LI><a href="#[3e3]">&gt;&gt;</a>&nbsp;&nbsp;&nbsp;net_ndp_run
<LI><a href="#[3f2]">&gt;&gt;</a>&nbsp;&nbsp;&nbsp;net_ndp_enqueue
<LI><a href="#[3c3]">&gt;&gt;</a>&nbsp;&nbsp;&nbsp;ndp_slaac_run
<LI><a href="#[3bc]">&gt;&gt;</a>&nbsp;&nbsp;&nbsp;ndp_probe_run
</UL>

<P><STRONG><a name="[3c3]"></a>ndp_slaac_run</STRONG> (Thumb, 322 bytes, Stack size 32 bytes, net_ndp.o(i.ndp_slaac_run))
<BR><BR>[Stack]<UL><LI>Max Depth = 248<LI>Call Chain = ndp_slaac_run &rArr; ndp_send_request &rArr; net_icmp6_send &rArr; net_ip6_send_frame &rArr; net_loop_send_frame &rArr; net_mem_alloc &rArr; EventRecord4 &rArr; EventRecordItem
</UL>
<BR>[Calls]<UL><LI><a href="#[18a]">&gt;&gt;</a>&nbsp;&nbsp;&nbsp;EventRecordData
<LI><a href="#[364]">&gt;&gt;</a>&nbsp;&nbsp;&nbsp;net_rand32
<LI><a href="#[363]">&gt;&gt;</a>&nbsp;&nbsp;&nbsp;net_addr6_copy
<LI><a href="#[3bd]">&gt;&gt;</a>&nbsp;&nbsp;&nbsp;ndp_send_request
<LI><a href="#[3bb]">&gt;&gt;</a>&nbsp;&nbsp;&nbsp;net_addr6_create
</UL>
<BR>[Called By]<UL><LI><a href="#[3e3]">&gt;&gt;</a>&nbsp;&nbsp;&nbsp;net_ndp_run
</UL>

<P><STRONG><a name="[3a6]"></a>ip4_dispatch</STRONG> (Thumb, 52 bytes, Stack size 0 bytes, net_ip4.o(i.ip4_dispatch))
<BR><BR>[Stack]<UL><LI>Max Depth = 128<LI>Call Chain = ip4_dispatch &rArr; net_loop_send_frame &rArr; net_mem_alloc &rArr; EventRecord4 &rArr; EventRecordItem
</UL>
<BR>[Calls]<UL><LI><a href="#[3a7]">&gt;&gt;</a>&nbsp;&nbsp;&nbsp;net_loop_send_frame
</UL>
<BR>[Called By]<UL><LI><a href="#[3fd]">&gt;&gt;</a>&nbsp;&nbsp;&nbsp;net_ip4_send_frame
</UL>

<P><STRONG><a name="[3a8]"></a>ip4_get_chksum</STRONG> (Thumb, 10 bytes, Stack size 0 bytes, net_ip4.o(i.ip4_get_chksum))
<BR><BR>[Stack]<UL><LI>Max Depth = 12<LI>Call Chain = ip4_get_chksum &rArr; net_ip4_chksum_buf
</UL>
<BR>[Calls]<UL><LI><a href="#[3a9]">&gt;&gt;</a>&nbsp;&nbsp;&nbsp;net_ip4_chksum_buf
</UL>
<BR>[Called By]<UL><LI><a href="#[3fd]">&gt;&gt;</a>&nbsp;&nbsp;&nbsp;net_ip4_send_frame
<LI><a href="#[3e5]">&gt;&gt;</a>&nbsp;&nbsp;&nbsp;net_ip4_chk_frame
</UL>

<P><STRONG><a name="[401]"></a>ip4_get_mtu</STRONG> (Thumb, 28 bytes, Stack size 0 bytes, net_ip4.o(i.ip4_get_mtu))
<BR><BR>[Called By]<UL><LI><a href="#[3fd]">&gt;&gt;</a>&nbsp;&nbsp;&nbsp;net_ip4_send_frame
<LI><a href="#[3e5]">&gt;&gt;</a>&nbsp;&nbsp;&nbsp;net_ip4_chk_frame
</UL>

<P><STRONG><a name="[3aa]"></a>ip4_get_route</STRONG> (Thumb, 140 bytes, Stack size 16 bytes, net_ip4.o(i.ip4_get_route))
<BR><BR>[Stack]<UL><LI>Max Depth = 16<LI>Call Chain = ip4_get_route
</UL>
<BR>[Calls]<UL><LI><a href="#[3ab]">&gt;&gt;</a>&nbsp;&nbsp;&nbsp;net_addr4_is_subnet
</UL>
<BR>[Called By]<UL><LI><a href="#[3ce]">&gt;&gt;</a>&nbsp;&nbsp;&nbsp;net_ip4_get_local
<LI><a href="#[3ff]">&gt;&gt;</a>&nbsp;&nbsp;&nbsp;net_ip4_tx_offload
</UL>

<P><STRONG><a name="[3ad]"></a>ip6_get_route</STRONG> (Thumb, 58 bytes, Stack size 8 bytes, net_ip6.o(i.ip6_get_route))
<BR><BR>[Stack]<UL><LI>Max Depth = 8<LI>Call Chain = ip6_get_route
</UL>
<BR>[Calls]<UL><LI><a href="#[3ae]">&gt;&gt;</a>&nbsp;&nbsp;&nbsp;net_addr6_comp
</UL>
<BR>[Called By]<UL><LI><a href="#[3fb]">&gt;&gt;</a>&nbsp;&nbsp;&nbsp;net_ip6_tx_offload
<LI><a href="#[3c2]">&gt;&gt;</a>&nbsp;&nbsp;&nbsp;net_ip6_get_local
</UL>

<P><STRONG><a name="[3b0]"></a>mem_lock</STRONG> (Thumb, 8 bytes, Stack size 0 bytes, net_mem.o(i.mem_lock))
<BR><BR>[Stack]<UL><LI>Max Depth = 88<LI>Call Chain = mem_lock &rArr; netos_lock &rArr; osMutexAcquire &rArr; EvrRtxMutexAcquire &rArr; EventRecord2 &rArr; EventRecordItem
</UL>
<BR>[Calls]<UL><LI><a href="#[333]">&gt;&gt;</a>&nbsp;&nbsp;&nbsp;netos_lock
</UL>
<BR>[Called By]<UL><LI><a href="#[407]">&gt;&gt;</a>&nbsp;&nbsp;&nbsp;net_mem_shrink
<LI><a href="#[357]">&gt;&gt;</a>&nbsp;&nbsp;&nbsp;net_mem_free
<LI><a href="#[35a]">&gt;&gt;</a>&nbsp;&nbsp;&nbsp;net_mem_alloc
</UL>

<P><STRONG><a name="[3b1]"></a>mem_unlock</STRONG> (Thumb, 8 bytes, Stack size 0 bytes, net_mem.o(i.mem_unlock))
<BR><BR>[Stack]<UL><LI>Max Depth = 88<LI>Call Chain = mem_unlock &rArr; netos_unlock &rArr; osMutexRelease &rArr; EvrRtxMutexError &rArr; EventRecord2 &rArr; EventRecordItem
</UL>
<BR>[Calls]<UL><LI><a href="#[334]">&gt;&gt;</a>&nbsp;&nbsp;&nbsp;netos_unlock
</UL>
<BR>[Called By]<UL><LI><a href="#[407]">&gt;&gt;</a>&nbsp;&nbsp;&nbsp;net_mem_shrink
<LI><a href="#[357]">&gt;&gt;</a>&nbsp;&nbsp;&nbsp;net_mem_free
<LI><a href="#[35a]">&gt;&gt;</a>&nbsp;&nbsp;&nbsp;net_mem_alloc
</UL>

<P><STRONG><a name="[3dd]"></a>crc32_8bit</STRONG> (Thumb, 34 bytes, Stack size 0 bytes, net_common.o(i.crc32_8bit))
<BR><BR>[Called By]<UL><LI><a href="#[3dc]">&gt;&gt;</a>&nbsp;&nbsp;&nbsp;net_crc_buf
</UL>

<P><STRONG><a name="[350]"></a>_printf_core</STRONG> (Thumb, 996 bytes, Stack size 104 bytes, printf8.o(i._printf_core), UNUSED)
<BR><BR>[Calls]<UL><LI><a href="#[30f]">&gt;&gt;</a>&nbsp;&nbsp;&nbsp;__aeabi_uldivmod
<LI><a href="#[351]">&gt;&gt;</a>&nbsp;&nbsp;&nbsp;_printf_pre_padding
<LI><a href="#[352]">&gt;&gt;</a>&nbsp;&nbsp;&nbsp;_printf_post_padding
</UL>
<BR>[Called By]<UL><LI><a href="#[34f]">&gt;&gt;</a>&nbsp;&nbsp;&nbsp;__0sprintf$8
</UL>

<P><STRONG><a name="[352]"></a>_printf_post_padding</STRONG> (Thumb, 36 bytes, Stack size 24 bytes, printf8.o(i._printf_post_padding), UNUSED)
<BR><BR>[Called By]<UL><LI><a href="#[350]">&gt;&gt;</a>&nbsp;&nbsp;&nbsp;_printf_core
</UL>

<P><STRONG><a name="[351]"></a>_printf_pre_padding</STRONG> (Thumb, 46 bytes, Stack size 24 bytes, printf8.o(i._printf_pre_padding), UNUSED)
<BR><BR>[Called By]<UL><LI><a href="#[350]">&gt;&gt;</a>&nbsp;&nbsp;&nbsp;_printf_core
</UL>

<P><STRONG><a name="[ca]"></a>_sputc</STRONG> (Thumb, 10 bytes, Stack size 0 bytes, printf8.o(i._sputc))
<BR><BR>[Called By]<UL><LI><a href="#[34f]">&gt;&gt;</a>&nbsp;&nbsp;&nbsp;__0sprintf$8
</UL>
<BR>[Address Reference Count : 1]<UL><LI> printf8.o(i.__0sprintf$8)
</UL>
<P><STRONG><a name="[c8]"></a>_scanf_char_input</STRONG> (Thumb, 12 bytes, Stack size 0 bytes, scanf_char.o(.text))
<BR>[Address Reference Count : 1]<UL><LI> scanf_char.o(.text)
</UL><P>
<H3>
Undefined Global Symbols
</H3><HR></body></html>
